Archive member included to satisfy reference by file (symbol)

.build/obj_cerakey_nada65panda_via/i2c_master.a(i2c_master.o)
                              .build/obj_cerakey_nada65panda_via/keyboards/cerakey/nada65panda/nada65panda.o (i2c_init)
/usr/lib/gcc/arm-none-eabi/14.1.0/thumb/v6-m/nofp/libgcc.a(_thumb1_case_sqi.o)
                              .build/obj_cerakey_nada65panda_via/quantum/keycode_config.o (__gnu_thumb1_case_sqi)
/usr/lib/gcc/arm-none-eabi/14.1.0/thumb/v6-m/nofp/libgcc.a(_thumb1_case_uqi.o)
                              .build/obj_cerakey_nada65panda_via/keyboards/cerakey/nada65panda/nada65panda.o (__gnu_thumb1_case_uqi)
/usr/lib/gcc/arm-none-eabi/14.1.0/thumb/v6-m/nofp/libgcc.a(_thumb1_case_shi.o)
                              .build/obj_cerakey_nada65panda_via/lib/chibios/os/hal/lib/streams/chprintf.o (__gnu_thumb1_case_shi)
/usr/lib/gcc/arm-none-eabi/14.1.0/thumb/v6-m/nofp/libgcc.a(_thumb1_case_uhi.o)
                              .build/obj_cerakey_nada65panda_via/quantum/action.o (__gnu_thumb1_case_uhi)
/usr/lib/gcc/arm-none-eabi/14.1.0/thumb/v6-m/nofp/libgcc.a(_udivsi3.o)
                              .build/obj_cerakey_nada65panda_via/quantum/quantum.o (__aeabi_uidiv)
/usr/lib/gcc/arm-none-eabi/14.1.0/thumb/v6-m/nofp/libgcc.a(_divsi3.o)
                              .build/obj_cerakey_nada65panda_via/quantum/color.o (__aeabi_idiv)
/usr/lib/gcc/arm-none-eabi/14.1.0/thumb/v6-m/nofp/libgcc.a(_dvmd_tls.o)
                              /usr/lib/gcc/arm-none-eabi/14.1.0/thumb/v6-m/nofp/libgcc.a(_udivsi3.o) (__aeabi_idiv0)
/usr/lib/gcc/arm-none-eabi/14.1.0/thumb/v6-m/nofp/libgcc.a(_aeabi_uldivmod.o)
                              .build/obj_cerakey_nada65panda_via/quantum/action.o (__aeabi_uldivmod)
/usr/lib/gcc/arm-none-eabi/14.1.0/thumb/v6-m/nofp/libgcc.a(_muldi3.o)
                              .build/obj_cerakey_nada65panda_via/quantum/action.o (__aeabi_lmul)
/usr/lib/gcc/arm-none-eabi/14.1.0/thumb/v6-m/nofp/libgcc.a(_udivmoddi4.o)
                              /usr/lib/gcc/arm-none-eabi/14.1.0/thumb/v6-m/nofp/libgcc.a(_aeabi_uldivmod.o) (__udivmoddi4)
/usr/lib/gcc/arm-none-eabi/14.1.0/thumb/v6-m/nofp/libgcc.a(_lshrdi3.o)
                              /usr/lib/gcc/arm-none-eabi/14.1.0/thumb/v6-m/nofp/libgcc.a(_udivmoddi4.o) (__aeabi_llsr)
/usr/lib/gcc/arm-none-eabi/14.1.0/thumb/v6-m/nofp/libgcc.a(_ashldi3.o)
                              /usr/lib/gcc/arm-none-eabi/14.1.0/thumb/v6-m/nofp/libgcc.a(_udivmoddi4.o) (__aeabi_llsl)
/usr/lib/gcc/arm-none-eabi/14.1.0/thumb/v6-m/nofp/libgcc.a(_clzdi2.o)
                              /usr/lib/gcc/arm-none-eabi/14.1.0/thumb/v6-m/nofp/libgcc.a(_udivmoddi4.o) (__clzdi2)
/usr/lib/gcc/arm-none-eabi/14.1.0/thumb/v6-m/nofp/libgcc.a(_clzsi2.o)
                              /usr/lib/gcc/arm-none-eabi/14.1.0/thumb/v6-m/nofp/libgcc.a(_clzdi2.o) (__clzsi2)
/usr/lib/gcc/arm-none-eabi/14.1.0/../../../../arm-none-eabi/lib/thumb/v6-m/nofp/libg_nano.a(libc_a-abort.o)
                              .build/obj_cerakey_nada65panda_via/lib/chibios/os/various/syscalls.o (abort)
/usr/lib/gcc/arm-none-eabi/14.1.0/../../../../arm-none-eabi/lib/thumb/v6-m/nofp/libg_nano.a(libc_a-rand.o)
                              .build/obj_cerakey_nada65panda_via/quantum/send_string/send_string.o (rand)
/usr/lib/gcc/arm-none-eabi/14.1.0/../../../../arm-none-eabi/lib/thumb/v6-m/nofp/libg_nano.a(libc_a-ctype_.o)
                              .build/obj_cerakey_nada65panda_via/quantum/send_string/send_string.o (_ctype_)
/usr/lib/gcc/arm-none-eabi/14.1.0/../../../../arm-none-eabi/lib/thumb/v6-m/nofp/libg_nano.a(libc_a-memcmp.o)
                              .build/obj_cerakey_nada65panda_via/quantum/action_util.o (memcmp)
/usr/lib/gcc/arm-none-eabi/14.1.0/../../../../arm-none-eabi/lib/thumb/v6-m/nofp/libg_nano.a(libc_a-memset.o)
                              .build/obj_cerakey_nada65panda_via/quantum/action_tapping.o (memset)
/usr/lib/gcc/arm-none-eabi/14.1.0/../../../../arm-none-eabi/lib/thumb/v6-m/nofp/libg_nano.a(libc_a-signal.o)
                              /usr/lib/gcc/arm-none-eabi/14.1.0/../../../../arm-none-eabi/lib/thumb/v6-m/nofp/libg_nano.a(libc_a-abort.o) (raise)
/usr/lib/gcc/arm-none-eabi/14.1.0/../../../../arm-none-eabi/lib/thumb/v6-m/nofp/libg_nano.a(libc_a-impure.o)
                              /usr/lib/gcc/arm-none-eabi/14.1.0/../../../../arm-none-eabi/lib/thumb/v6-m/nofp/libg_nano.a(libc_a-rand.o) (_impure_ptr)
/usr/lib/gcc/arm-none-eabi/14.1.0/../../../../arm-none-eabi/lib/thumb/v6-m/nofp/libg_nano.a(libc_a-signalr.o)
                              /usr/lib/gcc/arm-none-eabi/14.1.0/../../../../arm-none-eabi/lib/thumb/v6-m/nofp/libg_nano.a(libc_a-signal.o) (_kill_r)
/usr/lib/gcc/arm-none-eabi/14.1.0/../../../../arm-none-eabi/lib/thumb/v6-m/nofp/libg_nano.a(libc_a-errno.o)
                              .build/obj_cerakey_nada65panda_via/platforms/chibios/syscall-fallbacks.o (__errno)
[...]
Memory Configuration

Name             Origin             Length             Attributes
flash0           0x08000000         0x00020000         xr
flash1           0x00000000         0x00000000         xr
flash2           0x00000000         0x00000000         xr
flash3           0x00000000         0x00000000         xr
flash4           0x00000000         0x00000000         xr
flash5           0x00000000         0x00000000         xr
flash6           0x00000000         0x00000000         xr
flash7           0x00000000         0x00000000         xr
ram0             0x20000000         0x00004000         xw
ram1             0x00000000         0x00000000         xw
ram2             0x00000000         0x00000000         xw
ram3             0x00000000         0x00000000         xw
ram4             0x00000000         0x00000000         xw
ram5             0x00000000         0x00000000         xw
ram6             0x00000000         0x00000000         xw
ram7             0x00000000         0x00000000         xw
*default*        0x00000000         0xffffffff

Linker script and memory map

LOAD .build/obj_cerakey_nada65panda_via/keyboards/cerakey/nada65panda/nada65panda.o
LOAD .build/obj_cerakey_nada65panda_via/.build/obj_cerakey_nada65panda_via/src/default_keyboard.o
LOAD .build/obj_cerakey_nada65panda_via/quantum/keymap_introspection.o
LOAD .build/obj_cerakey_nada65panda_via/quantum/quantum.o
LOAD .build/obj_cerakey_nada65panda_via/quantum/bitwise.o
LOAD .build/obj_cerakey_nada65panda_via/quantum/led.o
LOAD .build/obj_cerakey_nada65panda_via/quantum/action.o
LOAD .build/obj_cerakey_nada65panda_via/quantum/action_layer.o
LOAD .build/obj_cerakey_nada65panda_via/quantum/action_tapping.o
LOAD .build/obj_cerakey_nada65panda_via/quantum/action_util.o
LOAD .build/obj_cerakey_nada65panda_via/quantum/eeconfig.o
LOAD .build/obj_cerakey_nada65panda_via/quantum/keyboard.o
LOAD .build/obj_cerakey_nada65panda_via/quantum/keymap_common.o
LOAD .build/obj_cerakey_nada65panda_via/quantum/keycode_config.o
LOAD .build/obj_cerakey_nada65panda_via/quantum/sync_timer.o
LOAD .build/obj_cerakey_nada65panda_via/quantum/logging/debug.o
LOAD .build/obj_cerakey_nada65panda_via/quantum/logging/sendchar.o
LOAD .build/obj_cerakey_nada65panda_via/quantum/logging/print.o
LOAD .build/obj_cerakey_nada65panda_via/quantum/matrix_common.o
LOAD .build/obj_cerakey_nada65panda_via/quantum/matrix.o
LOAD .build/obj_cerakey_nada65panda_via/quantum/debounce/sym_defer_g.o
LOAD .build/obj_cerakey_nada65panda_via/quantum/main.o
LOAD .build/obj_cerakey_nada65panda_via/printf.o
LOAD .build/obj_cerakey_nada65panda_via/eeprom_driver.o
LOAD .build/obj_cerakey_nada65panda_via/eeprom_legacy_emulated_flash.o
LOAD .build/obj_cerakey_nada65panda_via/legacy_flash_ops.o
LOAD .build/obj_cerakey_nada65panda_via/quantum/color.o
LOAD .build/obj_cerakey_nada65panda_via/quantum/rgb_matrix/rgb_matrix.o
LOAD .build/obj_cerakey_nada65panda_via/quantum/rgb_matrix/rgb_matrix_drivers.o
LOAD .build/obj_cerakey_nada65panda_via/quantum/process_keycode/process_rgb.o
LOAD .build/obj_cerakey_nada65panda_via/quantum/led_tables.o
LOAD .build/obj_cerakey_nada65panda_via/lib/lib8tion/lib8tion.o
LOAD .build/obj_cerakey_nada65panda_via/ws2812_bitbang.o
LOAD .build/obj_cerakey_nada65panda_via/quantum/bootmagic/bootmagic.o
LOAD .build/obj_cerakey_nada65panda_via/quantum/deferred_exec.o
LOAD .build/obj_cerakey_nada65panda_via/quantum/dip_switch.o
LOAD .build/obj_cerakey_nada65panda_via/quantum/dynamic_keymap.o
LOAD .build/obj_cerakey_nada65panda_via/quantum/process_keycode/process_grave_esc.o
LOAD .build/obj_cerakey_nada65panda_via/quantum/process_keycode/process_magic.o
LOAD .build/obj_cerakey_nada65panda_via/quantum/mousekey.o
LOAD .build/obj_cerakey_nada65panda_via/quantum/send_string/send_string.o
LOAD .build/obj_cerakey_nada65panda_via/quantum/process_keycode/process_space_cadet.o
LOAD .build/obj_cerakey_nada65panda_via/quantum/process_keycode/process_tri_layer.o
LOAD .build/obj_cerakey_nada65panda_via/quantum/tri_layer.o
LOAD .build/obj_cerakey_nada65panda_via/quantum/via.o
LOAD .build/obj_cerakey_nada65panda_via/protocol/host.o
LOAD .build/obj_cerakey_nada65panda_via/protocol/report.o
LOAD .build/obj_cerakey_nada65panda_via/protocol/usb_device_state.o
LOAD .build/obj_cerakey_nada65panda_via/protocol/usb_util.o
LOAD .build/obj_cerakey_nada65panda_via/platforms/suspend.o
LOAD .build/obj_cerakey_nada65panda_via/platforms/synchronization_util.o
LOAD .build/obj_cerakey_nada65panda_via/platforms/timer.o
LOAD .build/obj_cerakey_nada65panda_via/platforms/chibios/hardware_id.o
LOAD .build/obj_cerakey_nada65panda_via/platforms/chibios/platform.o
LOAD .build/obj_cerakey_nada65panda_via/platforms/chibios/suspend.o
LOAD .build/obj_cerakey_nada65panda_via/platforms/chibios/timer.o
LOAD .build/obj_cerakey_nada65panda_via/platforms/chibios/bootloaders/stm32_dfu.o
LOAD .build/obj_cerakey_nada65panda_via/i2c_master.a
LOAD .build/obj_cerakey_nada65panda_via/./lib/chibios/os/common/startup/ARMCMx/compilers/GCC/crt0_v6m.o
LOAD .build/obj_cerakey_nada65panda_via/./lib/chibios/os/common/startup/ARMCMx/compilers/GCC/vectors.o
LOAD .build/obj_cerakey_nada65panda_via/./lib/chibios/os/common/ports/ARMv6-M/compilers/GCC/chcoreasm.o
LOAD .build/obj_cerakey_nada65panda_via/protocol/chibios/usb_main.o
LOAD .build/obj_cerakey_nada65panda_via/protocol/chibios/chibios.o
LOAD .build/obj_cerakey_nada65panda_via/usb_descriptor.o
LOAD .build/obj_cerakey_nada65panda_via/protocol/chibios/usb_driver.o
LOAD .build/obj_cerakey_nada65panda_via/protocol/chibios/usb_endpoints.o
LOAD .build/obj_cerakey_nada65panda_via/protocol/chibios/usb_report_handling.o
LOAD .build/obj_cerakey_nada65panda_via/protocol/chibios/usb_util.o
LOAD .build/obj_cerakey_nada65panda_via/lib/chibios/os/common/startup/ARMCMx/compilers/GCC/crt1.o
LOAD .build/obj_cerakey_nada65panda_via/lib/chibios/os/rt/src/chsys.o
LOAD .build/obj_cerakey_nada65panda_via/lib/chibios/os/rt/src/chrfcu.o
LOAD .build/obj_cerakey_nada65panda_via/lib/chibios/os/rt/src/chdebug.o
LOAD .build/obj_cerakey_nada65panda_via/lib/chibios/os/rt/src/chtrace.o
LOAD .build/obj_cerakey_nada65panda_via/lib/chibios/os/rt/src/chvt.o
LOAD .build/obj_cerakey_nada65panda_via/lib/chibios/os/rt/src/chschd.o
LOAD .build/obj_cerakey_nada65panda_via/lib/chibios/os/rt/src/chinstances.o
LOAD .build/obj_cerakey_nada65panda_via/lib/chibios/os/rt/src/chthreads.o
LOAD .build/obj_cerakey_nada65panda_via/lib/chibios/os/rt/src/chtm.o
LOAD .build/obj_cerakey_nada65panda_via/lib/chibios/os/rt/src/chstats.o
LOAD .build/obj_cerakey_nada65panda_via/lib/chibios/os/rt/src/chregistry.o
LOAD .build/obj_cerakey_nada65panda_via/lib/chibios/os/rt/src/chsem.o
LOAD .build/obj_cerakey_nada65panda_via/lib/chibios/os/rt/src/chmtx.o
LOAD .build/obj_cerakey_nada65panda_via/lib/chibios/os/rt/src/chcond.o
LOAD .build/obj_cerakey_nada65panda_via/lib/chibios/os/rt/src/chevents.o
LOAD .build/obj_cerakey_nada65panda_via/lib/chibios/os/rt/src/chmsg.o
LOAD .build/obj_cerakey_nada65panda_via/lib/chibios/os/rt/src/chdynamic.o
LOAD .build/obj_cerakey_nada65panda_via/lib/chibios/os/common/ports/ARMv6-M/chcore.o
LOAD .build/obj_cerakey_nada65panda_via/lib/chibios/os/hal/osal/rt-nil/osal.o
LOAD .build/obj_cerakey_nada65panda_via/lib/chibios/os/oslib/src/chmboxes.o
LOAD .build/obj_cerakey_nada65panda_via/lib/chibios/os/oslib/src/chmemcore.o
LOAD .build/obj_cerakey_nada65panda_via/lib/chibios/os/oslib/src/chmemheaps.o
LOAD .build/obj_cerakey_nada65panda_via/lib/chibios/os/oslib/src/chmempools.o
LOAD .build/obj_cerakey_nada65panda_via/lib/chibios/os/oslib/src/chpipes.o
LOAD .build/obj_cerakey_nada65panda_via/lib/chibios/os/oslib/src/chobjcaches.o
LOAD .build/obj_cerakey_nada65panda_via/lib/chibios/os/oslib/src/chdelegates.o
LOAD .build/obj_cerakey_nada65panda_via/lib/chibios/os/oslib/src/chfactory.o
LOAD .build/obj_cerakey_nada65panda_via/lib/chibios/os/hal/src/hal.o
LOAD .build/obj_cerakey_nada65panda_via/lib/chibios/os/hal/src/hal_st.o
LOAD .build/obj_cerakey_nada65panda_via/lib/chibios/os/hal/src/hal_buffers.o
LOAD .build/obj_cerakey_nada65panda_via/lib/chibios/os/hal/src/hal_queues.o
LOAD .build/obj_cerakey_nada65panda_via/lib/chibios/os/hal/src/hal_flash.o
LOAD .build/obj_cerakey_nada65panda_via/lib/chibios/os/hal/src/hal_mmcsd.o
LOAD .build/obj_cerakey_nada65panda_via/lib/chibios/os/hal/src/hal_adc.o
LOAD .build/obj_cerakey_nada65panda_via/lib/chibios/os/hal/src/hal_can.o
LOAD .build/obj_cerakey_nada65panda_via/lib/chibios/os/hal/src/hal_crypto.o
LOAD .build/obj_cerakey_nada65panda_via/lib/chibios/os/hal/src/hal_dac.o
LOAD .build/obj_cerakey_nada65panda_via/lib/chibios/os/hal/src/hal_efl.o
LOAD .build/obj_cerakey_nada65panda_via/lib/chibios/os/hal/src/hal_gpt.o
LOAD .build/obj_cerakey_nada65panda_via/lib/chibios/os/hal/src/hal_i2c.o
LOAD .build/obj_cerakey_nada65panda_via/lib/chibios/os/hal/src/hal_i2s.o
LOAD .build/obj_cerakey_nada65panda_via/lib/chibios/os/hal/src/hal_icu.o
LOAD .build/obj_cerakey_nada65panda_via/lib/chibios/os/hal/src/hal_mac.o
LOAD .build/obj_cerakey_nada65panda_via/lib/chibios/os/hal/src/hal_mmc_spi.o
LOAD .build/obj_cerakey_nada65panda_via/lib/chibios/os/hal/src/hal_pal.o
LOAD .build/obj_cerakey_nada65panda_via/lib/chibios/os/hal/src/hal_pwm.o
LOAD .build/obj_cerakey_nada65panda_via/lib/chibios/os/hal/src/hal_rtc.o
LOAD .build/obj_cerakey_nada65panda_via/lib/chibios/os/hal/src/hal_sdc.o
LOAD .build/obj_cerakey_nada65panda_via/lib/chibios/os/hal/src/hal_serial.o
LOAD .build/obj_cerakey_nada65panda_via/lib/chibios/os/hal/src/hal_serial_usb.o
LOAD .build/obj_cerakey_nada65panda_via/lib/chibios/os/hal/src/hal_sio.o
LOAD .build/obj_cerakey_nada65panda_via/lib/chibios/os/hal/src/hal_spi.o
LOAD .build/obj_cerakey_nada65panda_via/lib/chibios/os/hal/src/hal_trng.o
LOAD .build/obj_cerakey_nada65panda_via/lib/chibios/os/hal/src/hal_uart.o
LOAD .build/obj_cerakey_nada65panda_via/lib/chibios/os/hal/src/hal_usb.o
LOAD .build/obj_cerakey_nada65panda_via/lib/chibios/os/hal/src/hal_wdg.o
LOAD .build/obj_cerakey_nada65panda_via/lib/chibios/os/hal/src/hal_wspi.o
LOAD .build/obj_cerakey_nada65panda_via/lib/chibios/os/hal/ports/common/ARMCMx/nvic.o
LOAD .build/obj_cerakey_nada65panda_via/lib/chibios/os/hal/ports/STM32/STM32F0xx/stm32_isr.o
LOAD .build/obj_cerakey_nada65panda_via/lib/chibios/os/hal/ports/STM32/STM32F0xx/hal_lld.o
LOAD .build/obj_cerakey_nada65panda_via/lib/chibios/os/hal/ports/STM32/STM32F0xx/hal_efl_lld.o
LOAD .build/obj_cerakey_nada65panda_via/lib/chibios/os/hal/ports/STM32/LLD/ADCv1/hal_adc_lld.o
LOAD .build/obj_cerakey_nada65panda_via/lib/chibios/os/hal/ports/STM32/LLD/CANv1/hal_can_lld.o
LOAD .build/obj_cerakey_nada65panda_via/lib/chibios/os/hal/ports/STM32/LLD/DACv1/hal_dac_lld.o
LOAD .build/obj_cerakey_nada65panda_via/lib/chibios/os/hal/ports/STM32/LLD/DMAv1/stm32_dma.o
LOAD .build/obj_cerakey_nada65panda_via/lib/chibios/os/hal/ports/STM32/LLD/EXTIv1/stm32_exti.o
LOAD .build/obj_cerakey_nada65panda_via/lib/chibios/os/hal/ports/STM32/LLD/GPIOv2/hal_pal_lld.o
LOAD .build/obj_cerakey_nada65panda_via/lib/chibios/os/hal/ports/STM32/LLD/I2Cv2/hal_i2c_lld.o
LOAD .build/obj_cerakey_nada65panda_via/lib/chibios/os/hal/ports/STM32/LLD/RTCv2/hal_rtc_lld.o
LOAD .build/obj_cerakey_nada65panda_via/lib/chibios/os/hal/ports/STM32/LLD/SPIv2/hal_i2s_lld.o
LOAD .build/obj_cerakey_nada65panda_via/lib/chibios/os/hal/ports/STM32/LLD/SPIv2/hal_spi_v2_lld.o
LOAD .build/obj_cerakey_nada65panda_via/lib/chibios/os/hal/ports/STM32/LLD/SYSTICKv1/hal_st_lld.o
LOAD .build/obj_cerakey_nada65panda_via/lib/chibios/os/hal/ports/STM32/LLD/TIMv1/hal_gpt_lld.o
LOAD .build/obj_cerakey_nada65panda_via/lib/chibios/os/hal/ports/STM32/LLD/TIMv1/hal_icu_lld.o
LOAD .build/obj_cerakey_nada65panda_via/lib/chibios/os/hal/ports/STM32/LLD/TIMv1/hal_pwm_lld.o
LOAD .build/obj_cerakey_nada65panda_via/lib/chibios/os/hal/ports/STM32/LLD/USARTv2/hal_serial_lld.o
LOAD .build/obj_cerakey_nada65panda_via/lib/chibios/os/hal/ports/STM32/LLD/USARTv2/hal_sio_lld.o
LOAD .build/obj_cerakey_nada65panda_via/lib/chibios/os/hal/ports/STM32/LLD/USARTv2/hal_uart_lld.o
LOAD .build/obj_cerakey_nada65panda_via/lib/chibios/os/hal/ports/STM32/LLD/USBv1/hal_usb_lld.o
LOAD .build/obj_cerakey_nada65panda_via/lib/chibios/os/hal/ports/STM32/LLD/xWDGv1/hal_wdg_lld.o
LOAD .build/obj_cerakey_nada65panda_via/lib/chibios/os/hal/boards/ST_NUCLEO64_F072RB/board.o
LOAD .build/obj_cerakey_nada65panda_via/lib/chibios/os/hal/lib/streams/chprintf.o
LOAD .build/obj_cerakey_nada65panda_via/lib/chibios/os/hal/lib/streams/chscanf.o
LOAD .build/obj_cerakey_nada65panda_via/lib/chibios/os/hal/lib/streams/memstreams.o
LOAD .build/obj_cerakey_nada65panda_via/lib/chibios/os/hal/lib/streams/nullstreams.o
LOAD .build/obj_cerakey_nada65panda_via/lib/chibios/os/hal/lib/streams/bufstreams.o
LOAD .build/obj_cerakey_nada65panda_via/lib/chibios/os/various/syscalls.o
LOAD .build/obj_cerakey_nada65panda_via/platforms/chibios/syscall-fallbacks.o
LOAD .build/obj_cerakey_nada65panda_via/platforms/chibios/wait.o
LOAD .build/obj_cerakey_nada65panda_via/platforms/chibios/synchronization_util.o
LOAD .build/obj_cerakey_nada65panda_via/platforms/chibios/interrupt_handlers.o
                0x00000800                        __process_stack_size__ = 0x800
                0x00000400                        __main_stack_size__ = 0x400
LOAD /usr/lib/gcc/arm-none-eabi/14.1.0/../../../../arm-none-eabi/lib/thumb/v6-m/nofp/libm.a
START GROUP
LOAD /usr/lib/gcc/arm-none-eabi/14.1.0/thumb/v6-m/nofp/libgcc.a
LOAD /usr/lib/gcc/arm-none-eabi/14.1.0/../../../../arm-none-eabi/lib/thumb/v6-m/nofp/libg_nano.a
LOAD /usr/lib/gcc/arm-none-eabi/14.1.0/../../../../arm-none-eabi/lib/thumb/v6-m/nofp/libc_nano.a
END GROUP
START GROUP
LOAD /usr/lib/gcc/arm-none-eabi/14.1.0/thumb/v6-m/nofp/libgcc.a
LOAD /usr/lib/gcc/arm-none-eabi/14.1.0/../../../../arm-none-eabi/lib/thumb/v6-m/nofp/libc_nano.a
END GROUP

.mstack         0x20000000      0x400
                0x20000000                        . = ALIGN (0x8)
                0x20000000                        __main_stack_base__ = .
                0x20000400                        . = (. + __main_stack_size__)
 *fill*         0x20000000      0x400 
                0x20000400                        . = ALIGN (0x8)
                0x20000400                        __main_stack_end__ = .

.pstack         0x20000400      0x800
                0x20000400                        . = ALIGN (0x8)
                0x20000400                        __process_stack_base__ = .
                0x20000400                        __main_thread_stack_base__ = .
                0x20000c00                        . = (. + __process_stack_size__)
 *fill*         0x20000400      0x800 
                0x20000c00                        . = ALIGN (0x8)
                0x20000c00                        __process_stack_end__ = .
                0x20000c00                        __main_thread_stack_end__ = .

.vectors        0x08000000       0xc0
                0x08000000                        __textvectors_base__ = LOADADDR (.vectors)
                0x08000000                        __vectors_base__ = .
 *(.vectors)
 .vectors       0x08000000       0xc0 .build/obj_cerakey_nada65panda_via/./lib/chibios/os/common/startup/ARMCMx/compilers/GCC/vectors.o
                0x08000000                _vectors
                0x080000c0                        __vectors_end__ = .

.xtors          0x080000c0        0x0
                0x080000c0                        __init_array_base__ = .
 *(SORT_BY_NAME(.init_array.*))
 *(.init_array)
                0x080000c0                        __init_array_end__ = .
                0x080000c0                        __fini_array_base__ = .
 *(.fini_array)
 *(SORT_BY_NAME(.fini_array.*))
                0x080000c0                        __fini_array_end__ = .

.text           0x080000c0     0x8ebc
                0x080000c0                        __text_base__ = .
 *(.text)
 .text          0x080000c0       0xd0 .build/obj_cerakey_nada65panda_via/./lib/chibios/os/common/startup/ARMCMx/compilers/GCC/crt0_v6m.o
                0x080000c0                _crt0_entry
 .text          0x08000190        0x8 .build/obj_cerakey_nada65panda_via/./lib/chibios/os/common/startup/ARMCMx/compilers/GCC/vectors.o
                0x08000190                Reset_Handler
                0x08000192                Vector58
                0x08000192                VectorAC
                0x08000192                DebugMon_Handler
                0x08000192                Vector5C
                0x08000192                HardFault_Handler
                0x08000192                Vector8C
                0x08000192                SysTick_Handler
                0x08000192                PendSV_Handler
                0x08000192                Vector94
                0x08000192                VectorA8
                0x08000192                VectorB4
                0x08000192                Vector74
                0x08000192                UsageFault_Handler
                0x08000192                Vector40
                0x08000192                Vector54
                0x08000192                Vector98
                0x08000192                Vector24
                0x08000192                Vector84
                0x08000192                SecureFault_Handler
                0x08000192                MemManage_Handler
                0x08000192                VectorA0
                0x08000192                SVC_Handler
                0x08000192                VectorB0
                0x08000192                Vector90
                0x08000192                Vector60
                0x08000192                Vector48
                0x08000192                Vector70
                0x08000192                Vector4C
                0x08000192                Vector78
                0x08000192                Vector88
                0x08000192                BusFault_Handler
                0x08000192                Vector50
                0x08000192                Vector44
                0x08000192                Vector28
                0x08000192                VectorB8
                0x08000192                Vector34
                0x08000192                VectorA4
                0x08000192                Vector20
                0x08000196                _unhandled_exception
 .text          0x08000198       0x44 .build/obj_cerakey_nada65panda_via/./lib/chibios/os/common/ports/ARMv6-M/compilers/GCC/chcoreasm.o
                0x08000198                __port_switch
                0x080001b8                __port_thread_start
                0x080001c6                __port_switch_from_isr
                0x080001ca                __port_exit_from_isr
 .text          0x080001dc       0x14 /usr/lib/gcc/arm-none-eabi/14.1.0/thumb/v6-m/nofp/libgcc.a(_thumb1_case_sqi.o)
                0x080001dc                __gnu_thumb1_case_sqi
 .text          0x080001f0       0x14 /usr/lib/gcc/arm-none-eabi/14.1.0/thumb/v6-m/nofp/libgcc.a(_thumb1_case_uqi.o)
                0x080001f0                __gnu_thumb1_case_uqi
 .text          0x08000204       0x14 /usr/lib/gcc/arm-none-eabi/14.1.0/thumb/v6-m/nofp/libgcc.a(_thumb1_case_uhi.o)
                0x08000204                __gnu_thumb1_case_uhi
 .text          0x08000218       0x8c /usr/lib/gcc/arm-none-eabi/14.1.0/thumb/v6-m/nofp/libgcc.a(_udivsi3.o)
                0x08000218                __udivsi3
                0x08000218                __aeabi_uidiv
                0x08000290                __aeabi_uidivmod
 .text          0x080002a4       0xa8 /usr/lib/gcc/arm-none-eabi/14.1.0/thumb/v6-m/nofp/libgcc.a(_divsi3.o)
                0x080002a4                __aeabi_idiv
                0x080002a4                __divsi3
                0x08000338                __aeabi_idivmod
 .text          0x0800034c        0x4 /usr/lib/gcc/arm-none-eabi/14.1.0/thumb/v6-m/nofp/libgcc.a(_dvmd_tls.o)
                0x0800034c                __aeabi_ldiv0
                0x0800034c                __aeabi_idiv0
 .text          0x08000350       0x40 /usr/lib/gcc/arm-none-eabi/14.1.0/thumb/v6-m/nofp/libgcc.a(_aeabi_uldivmod.o)
                0x08000350                __aeabi_uldivmod
 .text          0x08000390       0x18 /usr/lib/gcc/arm-none-eabi/14.1.0/thumb/v6-m/nofp/libgcc.a(_lshrdi3.o)
                0x08000390                __aeabi_llsr
                0x08000390                __lshrdi3
 .text          0x080003a8       0x18 /usr/lib/gcc/arm-none-eabi/14.1.0/thumb/v6-m/nofp/libgcc.a(_ashldi3.o)
                0x080003a8                __ashldi3
                0x080003a8                __aeabi_llsl
 .text          0x080003c0       0x18 /usr/lib/gcc/arm-none-eabi/14.1.0/thumb/v6-m/nofp/libgcc.a(_clzdi2.o)
                0x080003c0                __clzdi2
 .text          0x080003d8       0x3c /usr/lib/gcc/arm-none-eabi/14.1.0/thumb/v6-m/nofp/libgcc.a(_clzsi2.o)
                0x080003d8                __clzsi2
 *(.text.*)
 .text.loop_10Hz
                0x08000414       0xec .build/obj_cerakey_nada65panda_via/keyboards/cerakey/nada65panda/nada65panda.o
                0x08000414                loop_10Hz
 .text.eeconfig_init_kb
                0x08000500       0x18 .build/obj_cerakey_nada65panda_via/keyboards/cerakey/nada65panda/nada65panda.o
                0x08000500                eeconfig_init_kb
 .text.keyboard_pre_init_kb
                0x08000518        0xc .build/obj_cerakey_nada65panda_via/keyboards/cerakey/nada65panda/nada65panda.o
                0x08000518                keyboard_pre_init_kb
 .text.keyboard_post_init_kb
                0x08000524       0xd8 .build/obj_cerakey_nada65panda_via/keyboards/cerakey/nada65panda/nada65panda.o
                0x08000524                keyboard_post_init_kb
 .text.process_record_kb
                0x080005fc      0x1b4 .build/obj_cerakey_nada65panda_via/keyboards/cerakey/nada65panda/nada65panda.o
                0x080005fc                process_record_kb
 .text.process_record_user
                0x080007b0       0x40 .build/obj_cerakey_nada65panda_via/quantum/keymap_introspection.o
                0x080007b0                process_record_user
 .text.rgb_matrix_indicators_user
                0x080007f0       0x5c .build/obj_cerakey_nada65panda_via/quantum/keymap_introspection.o
                0x080007f0                rgb_matrix_indicators_user
 .text.dip_switch_update_user
                0x0800084c       0x20 .build/obj_cerakey_nada65panda_via/quantum/keymap_introspection.o
                0x0800084c                dip_switch_update_user
 .text.default_layer_state_set_user
                0x0800086c       0x30 .build/obj_cerakey_nada65panda_via/quantum/keymap_introspection.o
                0x0800086c                default_layer_state_set_user
 .text.keycode_at_keymap_location_raw
                0x0800089c       0x2c .build/obj_cerakey_nada65panda_via/quantum/keymap_introspection.o
                0x0800089c                keycode_at_keymap_location_raw
 .text.pre_process_record_user
                0x080008c8        0x4 .build/obj_cerakey_nada65panda_via/quantum/quantum.o
                0x080008c8                pre_process_record_user
 .text.pre_process_record_kb
                0x080008cc        0x8 .build/obj_cerakey_nada65panda_via/quantum/quantum.o
                0x080008cc                pre_process_record_kb
 .text.process_action_kb
                0x080008d4        0x4 .build/obj_cerakey_nada65panda_via/quantum/quantum.o
                0x080008d4                process_action_kb
 .text.post_process_record_user
                0x080008d8        0x2 .build/obj_cerakey_nada65panda_via/quantum/quantum.o
                0x080008d8                post_process_record_user
 .text.post_process_record_kb
                0x080008da        0x8 .build/obj_cerakey_nada65panda_via/quantum/quantum.o
                0x080008da                post_process_record_kb
 *fill*         0x080008e2        0x2 
 .text.get_event_keycode
                0x080008e4       0x4c .build/obj_cerakey_nada65panda_via/quantum/quantum.o
                0x080008e4                get_event_keycode
 .text.get_record_keycode
                0x08000930       0x16 .build/obj_cerakey_nada65panda_via/quantum/quantum.o
                0x08000930                get_record_keycode
 .text.pre_process_record_quantum
                0x08000946       0x12 .build/obj_cerakey_nada65panda_via/quantum/quantum.o
                0x08000946                pre_process_record_quantum
 .text.post_process_record_quantum
                0x08000958       0x12 .build/obj_cerakey_nada65panda_via/quantum/quantum.o
                0x08000958                post_process_record_quantum
 .text.shutdown_user
                0x0800096a        0x4 .build/obj_cerakey_nada65panda_via/quantum/quantum.o
                0x0800096a                shutdown_user
 .text.shutdown_kb
                0x0800096e        0x8 .build/obj_cerakey_nada65panda_via/quantum/quantum.o
                0x0800096e                shutdown_kb
 *fill*         0x08000976        0x2 
 .text.shutdown_quantum
                0x08000978       0x1c .build/obj_cerakey_nada65panda_via/quantum/quantum.o
                0x08000978                shutdown_quantum
 .text.reset_keyboard
                0x08000994        0xe .build/obj_cerakey_nada65panda_via/quantum/quantum.o
                0x08000994                reset_keyboard
 .text.soft_reset_keyboard
                0x080009a2        0xe .build/obj_cerakey_nada65panda_via/quantum/quantum.o
                0x080009a2                soft_reset_keyboard
 .text.process_record_quantum
                0x080009b0       0xcc .build/obj_cerakey_nada65panda_via/quantum/quantum.o
                0x080009b0                process_record_quantum
 .text.suspend_power_down_quantum
                0x08000a7c        0x8 .build/obj_cerakey_nada65panda_via/quantum/quantum.o
                0x08000a7c                suspend_power_down_quantum
 .text.suspend_wakeup_init_quantum
                0x08000a84       0x12 .build/obj_cerakey_nada65panda_via/quantum/quantum.o
                0x08000a84                suspend_wakeup_init_quantum
 .text.biton    0x08000a96       0x1c .build/obj_cerakey_nada65panda_via/quantum/bitwise.o
                0x08000a96                biton
 .text.led_update_user
                0x08000ab2        0x4 .build/obj_cerakey_nada65panda_via/quantum/led.o
                0x08000ab2                led_update_user
 .text.led_update_ports
                0x08000ab6        0x2 .build/obj_cerakey_nada65panda_via/quantum/led.o
                0x08000ab6                led_update_ports
 .text.led_update_kb
                0x08000ab8       0x16 .build/obj_cerakey_nada65panda_via/quantum/led.o
                0x08000ab8                led_update_kb
 .text.led_init_ports
                0x08000ace        0x2 .build/obj_cerakey_nada65panda_via/quantum/led.o
                0x08000ace                led_init_ports
 .text.led_set  0x08000ad0        0x8 .build/obj_cerakey_nada65panda_via/quantum/led.o
                0x08000ad0                led_set
 .text.led_wakeup
                0x08000ad8        0xc .build/obj_cerakey_nada65panda_via/quantum/led.o
                0x08000ad8                led_wakeup
 .text.led_task
                0x08000ae4       0x2c .build/obj_cerakey_nada65panda_via/quantum/led.o
                0x08000ae4                led_task
 .text.action_exec
                0x08000b10       0x44 .build/obj_cerakey_nada65panda_via/quantum/action.o
                0x08000b10                action_exec
 .text.process_record_tap_hint
                0x08000b54       0x10 .build/obj_cerakey_nada65panda_via/quantum/action.o
                0x08000b54                process_record_tap_hint
 .text.register_mouse
                0x08000b64       0x16 .build/obj_cerakey_nada65panda_via/quantum/action.o
                0x08000b64                register_mouse
 *fill*         0x08000b7a        0x2 
 .text.register_code
                0x08000b7c       0x88 .build/obj_cerakey_nada65panda_via/quantum/action.o
                0x08000b7c                register_code
 .text.unregister_code
                0x08000c04       0x6a .build/obj_cerakey_nada65panda_via/quantum/action.o
                0x08000c04                unregister_code
 *fill*         0x08000c6e        0x2 
 .text.tap_code_delay
                0x08000c70       0x44 .build/obj_cerakey_nada65panda_via/quantum/action.o
                0x08000c70                tap_code_delay
 .text.tap_code
                0x08000cb4       0x10 .build/obj_cerakey_nada65panda_via/quantum/action.o
                0x08000cb4                tap_code
 .text.register_mods
                0x08000cc4       0x10 .build/obj_cerakey_nada65panda_via/quantum/action.o
                0x08000cc4                register_mods
 .text.unregister_mods
                0x08000cd4       0x10 .build/obj_cerakey_nada65panda_via/quantum/action.o
                0x08000cd4                unregister_mods
 .text.process_action
                0x08000ce4      0x3c0 .build/obj_cerakey_nada65panda_via/quantum/action.o
                0x08000ce4                process_action
 .text.process_record_handler
                0x080010a4       0x20 .build/obj_cerakey_nada65panda_via/quantum/action.o
                0x080010a4                process_record_handler
 .text.process_record
                0x080010c4       0x44 .build/obj_cerakey_nada65panda_via/quantum/action.o
                0x080010c4                process_record
 .text.clear_keyboard_but_mods_and_keys
                0x08001108       0x20 .build/obj_cerakey_nada65panda_via/quantum/action.o
                0x08001108                clear_keyboard_but_mods_and_keys
 .text.clear_keyboard_but_mods
                0x08001128        0xc .build/obj_cerakey_nada65panda_via/quantum/action.o
                0x08001128                clear_keyboard_but_mods
 .text.clear_keyboard
                0x08001134        0xc .build/obj_cerakey_nada65panda_via/quantum/action.o
                0x08001134                clear_keyboard
 .text.is_tap_action
                0x08001140       0x50 .build/obj_cerakey_nada65panda_via/quantum/action.o
                0x08001140                is_tap_action
 .text.is_tap_record
                0x08001190       0x18 .build/obj_cerakey_nada65panda_via/quantum/action.o
                0x08001190                is_tap_record
 .text.debug_event
                0x080011a8        0x6 .build/obj_cerakey_nada65panda_via/quantum/action.o
                0x080011a8                debug_event
 .text.debug_record
                0x080011ae        0x6 .build/obj_cerakey_nada65panda_via/quantum/action.o
                0x080011ae                debug_record
 .text.default_layer_state_set_kb
                0x080011b4        0x8 .build/obj_cerakey_nada65panda_via/quantum/action_layer.o
                0x080011b4                default_layer_state_set_kb
 .text.default_layer_state_set
                0x080011bc       0x10 .build/obj_cerakey_nada65panda_via/quantum/action_layer.o
 .text.default_layer_debug
                0x080011cc        0x2 .build/obj_cerakey_nada65panda_via/quantum/action_layer.o
                0x080011cc                default_layer_debug
 .text.default_layer_set
                0x080011ce        0x8 .build/obj_cerakey_nada65panda_via/quantum/action_layer.o
                0x080011ce                default_layer_set
 *fill*         0x080011d6        0x2 
 .text.default_layer_or
                0x080011d8       0x14 .build/obj_cerakey_nada65panda_via/quantum/action_layer.o
                0x080011d8                default_layer_or
 .text.default_layer_and
                0x080011ec       0x14 .build/obj_cerakey_nada65panda_via/quantum/action_layer.o
                0x080011ec                default_layer_and
 .text.default_layer_xor
                0x08001200       0x14 .build/obj_cerakey_nada65panda_via/quantum/action_layer.o
                0x08001200                default_layer_xor
 .text.layer_state_set_user
                0x08001214        0x2 .build/obj_cerakey_nada65panda_via/quantum/action_layer.o
                0x08001214                layer_state_set_user
 .text.layer_state_set_kb
                0x08001216        0x8 .build/obj_cerakey_nada65panda_via/quantum/action_layer.o
                0x08001216                layer_state_set_kb
 *fill*         0x0800121e        0x2 
 .text.layer_state_set
                0x08001220       0x10 .build/obj_cerakey_nada65panda_via/quantum/action_layer.o
                0x08001220                layer_state_set
 .text.layer_clear
                0x08001230        0xa .build/obj_cerakey_nada65panda_via/quantum/action_layer.o
                0x08001230                layer_clear
 .text.layer_move
                0x0800123a        0xe .build/obj_cerakey_nada65panda_via/quantum/action_layer.o
                0x0800123a                layer_move
 .text.layer_on
                0x08001248       0x18 .build/obj_cerakey_nada65panda_via/quantum/action_layer.o
                0x08001248                layer_on
 .text.layer_off
                0x08001260       0x18 .build/obj_cerakey_nada65panda_via/quantum/action_layer.o
                0x08001260                layer_off
 .text.layer_invert
                0x08001278       0x18 .build/obj_cerakey_nada65panda_via/quantum/action_layer.o
                0x08001278                layer_invert
 .text.layer_or
                0x08001290       0x14 .build/obj_cerakey_nada65panda_via/quantum/action_layer.o
                0x08001290                layer_or
 .text.layer_and
                0x080012a4       0x14 .build/obj_cerakey_nada65panda_via/quantum/action_layer.o
                0x080012a4                layer_and
 .text.layer_xor
                0x080012b8       0x14 .build/obj_cerakey_nada65panda_via/quantum/action_layer.o
                0x080012b8                layer_xor
 .text.layer_debug
                0x080012cc        0x2 .build/obj_cerakey_nada65panda_via/quantum/action_layer.o
                0x080012cc                layer_debug
 .text.update_source_layers_cache_impl
                0x080012ce       0x32 .build/obj_cerakey_nada65panda_via/quantum/action_layer.o
                0x080012ce                update_source_layers_cache_impl
 .text.read_source_layers_cache_impl
                0x08001300       0x28 .build/obj_cerakey_nada65panda_via/quantum/action_layer.o
                0x08001300                read_source_layers_cache_impl
 .text.update_source_layers_cache
                0x08001328       0x28 .build/obj_cerakey_nada65panda_via/quantum/action_layer.o
                0x08001328                update_source_layers_cache
 .text.read_source_layers_cache
                0x08001350       0x28 .build/obj_cerakey_nada65panda_via/quantum/action_layer.o
                0x08001350                read_source_layers_cache
 .text.layer_switch_get_layer
                0x08001378       0x44 .build/obj_cerakey_nada65panda_via/quantum/action_layer.o
                0x08001378                layer_switch_get_layer
 .text.layer_switch_get_action
                0x080013bc       0x14 .build/obj_cerakey_nada65panda_via/quantum/action_layer.o
                0x080013bc                layer_switch_get_action
 .text.store_or_get_action
                0x080013d0       0x44 .build/obj_cerakey_nada65panda_via/quantum/action_layer.o
                0x080013d0                store_or_get_action
 .text.update_tri_layer_state
                0x08001414       0x2a .build/obj_cerakey_nada65panda_via/quantum/action_layer.o
                0x08001414                update_tri_layer_state
 *fill*         0x0800143e        0x2 
 .text.update_tri_layer
                0x08001440       0x1c .build/obj_cerakey_nada65panda_via/quantum/action_layer.o
                0x08001440                update_tri_layer
 .text.debug_waiting_buffer
                0x0800145c       0x40 .build/obj_cerakey_nada65panda_via/quantum/action_tapping.o
 .text.debug_tapping_key
                0x0800149c       0x20 .build/obj_cerakey_nada65panda_via/quantum/action_tapping.o
 .text.waiting_buffer_scan_tap
                0x080014bc       0x7c .build/obj_cerakey_nada65panda_via/quantum/action_tapping.o
 .text.waiting_buffer_typed.isra.0
                0x08001538       0x48 .build/obj_cerakey_nada65panda_via/quantum/action_tapping.o
 .text.process_tapping
                0x08001580      0x230 .build/obj_cerakey_nada65panda_via/quantum/action_tapping.o
 .text.action_tapping_process
                0x080017b0       0xb8 .build/obj_cerakey_nada65panda_via/quantum/action_tapping.o
                0x080017b0                action_tapping_process
 .text.get_oneshot_layer
                0x08001868        0xc .build/obj_cerakey_nada65panda_via/quantum/action_util.o
                0x08001868                get_oneshot_layer
 .text.get_oneshot_layer_state
                0x08001874       0x10 .build/obj_cerakey_nada65panda_via/quantum/action_util.o
                0x08001874                get_oneshot_layer_state
 .text.is_oneshot_layer_active
                0x08001884       0x14 .build/obj_cerakey_nada65panda_via/quantum/action_util.o
                0x08001884                is_oneshot_layer_active
 .text.get_mods
                0x08001898        0xc .build/obj_cerakey_nada65panda_via/quantum/action_util.o
                0x08001898                get_mods
 .text.add_mods
                0x080018a4       0x10 .build/obj_cerakey_nada65panda_via/quantum/action_util.o
                0x080018a4                add_mods
 .text.del_mods
                0x080018b4       0x10 .build/obj_cerakey_nada65panda_via/quantum/action_util.o
                0x080018b4                del_mods
 .text.clear_mods
                0x080018c4        0xc .build/obj_cerakey_nada65panda_via/quantum/action_util.o
                0x080018c4                clear_mods
 .text.add_weak_mods
                0x080018d0       0x10 .build/obj_cerakey_nada65panda_via/quantum/action_util.o
                0x080018d0                add_weak_mods
 .text.del_weak_mods
                0x080018e0       0x10 .build/obj_cerakey_nada65panda_via/quantum/action_util.o
                0x080018e0                del_weak_mods
 .text.clear_weak_mods
                0x080018f0        0xc .build/obj_cerakey_nada65panda_via/quantum/action_util.o
                0x080018f0                clear_weak_mods
 .text.oneshot_locked_mods_changed_user
                0x080018fc        0x2 .build/obj_cerakey_nada65panda_via/quantum/action_util.o
                0x080018fc                oneshot_locked_mods_changed_user
 .text.oneshot_locked_mods_changed_kb
                0x080018fe        0x8 .build/obj_cerakey_nada65panda_via/quantum/action_util.o
                0x080018fe                oneshot_locked_mods_changed_kb
 *fill*         0x08001906        0x2 
 .text.del_oneshot_locked_mods
                0x08001908       0x1c .build/obj_cerakey_nada65panda_via/quantum/action_util.o
                0x08001908                del_oneshot_locked_mods
 .text.oneshot_mods_changed_user
                0x08001924        0x2 .build/obj_cerakey_nada65panda_via/quantum/action_util.o
                0x08001924                oneshot_mods_changed_user
 .text.oneshot_mods_changed_kb
                0x08001926        0x8 .build/obj_cerakey_nada65panda_via/quantum/action_util.o
                0x08001926                oneshot_mods_changed_kb
 *fill*         0x0800192e        0x2 
 .text.add_oneshot_mods
                0x08001930       0x1c .build/obj_cerakey_nada65panda_via/quantum/action_util.o
                0x08001930                add_oneshot_mods
 .text.del_oneshot_mods
                0x0800194c       0x1c .build/obj_cerakey_nada65panda_via/quantum/action_util.o
                0x0800194c                del_oneshot_mods
 .text.clear_oneshot_mods
                0x08001968       0x18 .build/obj_cerakey_nada65panda_via/quantum/action_util.o
                0x08001968                clear_oneshot_mods
 .text.get_mods_for_report
                0x08001980       0x34 .build/obj_cerakey_nada65panda_via/quantum/action_util.o
 .text.send_6kro_report
                0x080019b4       0x38 .build/obj_cerakey_nada65panda_via/quantum/action_util.o
                0x080019b4                send_6kro_report
 .text.send_nkro_report
                0x080019ec       0x38 .build/obj_cerakey_nada65panda_via/quantum/action_util.o
                0x080019ec                send_nkro_report
 .text.send_keyboard_report
                0x08001a24       0x28 .build/obj_cerakey_nada65panda_via/quantum/action_util.o
                0x08001a24                send_keyboard_report
 .text.oneshot_layer_changed_user
                0x08001a4c        0x2 .build/obj_cerakey_nada65panda_via/quantum/action_util.o
                0x08001a4c                oneshot_layer_changed_user
 .text.oneshot_layer_changed_kb
                0x08001a4e        0x8 .build/obj_cerakey_nada65panda_via/quantum/action_util.o
                0x08001a4e                oneshot_layer_changed_kb
 *fill*         0x08001a56        0x2 
 .text.set_oneshot_layer
                0x08001a58       0x30 .build/obj_cerakey_nada65panda_via/quantum/action_util.o
                0x08001a58                set_oneshot_layer
 .text.reset_oneshot_layer
                0x08001a88       0x14 .build/obj_cerakey_nada65panda_via/quantum/action_util.o
                0x08001a88                reset_oneshot_layer
 .text.clear_oneshot_layer_state
                0x08001a9c       0x30 .build/obj_cerakey_nada65panda_via/quantum/action_util.o
                0x08001a9c                clear_oneshot_layer_state
 .text.oneshot_set
                0x08001acc       0x30 .build/obj_cerakey_nada65panda_via/quantum/action_util.o
                0x08001acc                oneshot_set
 .text.oneshot_toggle
                0x08001afc       0x18 .build/obj_cerakey_nada65panda_via/quantum/action_util.o
                0x08001afc                oneshot_toggle
 .text.oneshot_enable
                0x08001b14        0xa .build/obj_cerakey_nada65panda_via/quantum/action_util.o
                0x08001b14                oneshot_enable
 .text.oneshot_disable
                0x08001b1e        0xa .build/obj_cerakey_nada65panda_via/quantum/action_util.o
                0x08001b1e                oneshot_disable
 .text.eeconfig_disable
                0x08001b28       0x18 .build/obj_cerakey_nada65panda_via/quantum/eeconfig.o
                0x08001b28                eeconfig_disable
 .text.eeconfig_is_enabled
                0x08001b40       0x1c .build/obj_cerakey_nada65panda_via/quantum/eeconfig.o
                0x08001b40                eeconfig_is_enabled
 .text.eeconfig_read_debug
                0x08001b5c        0xa .build/obj_cerakey_nada65panda_via/quantum/eeconfig.o
                0x08001b5c                eeconfig_read_debug
 .text.eeconfig_read_default_layer
                0x08001b66        0xa .build/obj_cerakey_nada65panda_via/quantum/eeconfig.o
                0x08001b66                eeconfig_read_default_layer
 .text.eeconfig_read_keymap
                0x08001b70        0xa .build/obj_cerakey_nada65panda_via/quantum/eeconfig.o
                0x08001b70                eeconfig_read_keymap
 .text.eeconfig_update_keymap
                0x08001b7a        0xc .build/obj_cerakey_nada65panda_via/quantum/eeconfig.o
                0x08001b7a                eeconfig_update_keymap
 .text.eeconfig_read_user
                0x08001b86        0xa .build/obj_cerakey_nada65panda_via/quantum/eeconfig.o
                0x08001b86                eeconfig_read_user
 .text.eeconfig_update_user
                0x08001b90        0xc .build/obj_cerakey_nada65panda_via/quantum/eeconfig.o
                0x08001b90                eeconfig_update_user
 .text.eeconfig_init_quantum
                0x08001b9c       0x90 .build/obj_cerakey_nada65panda_via/quantum/eeconfig.o
                0x08001b9c                eeconfig_init_quantum
 .text.eeconfig_init
                0x08001c2c        0x8 .build/obj_cerakey_nada65panda_via/quantum/eeconfig.o
                0x08001c2c                eeconfig_init
 .text.eeconfig_update_handedness
                0x08001c34        0xc .build/obj_cerakey_nada65panda_via/quantum/eeconfig.o
                0x08001c34                eeconfig_update_handedness
 .text.generate_tick_event
                0x08001c40       0x30 .build/obj_cerakey_nada65panda_via/quantum/keyboard.o
 .text.last_matrix_activity_trigger
                0x08001c70       0x18 .build/obj_cerakey_nada65panda_via/quantum/keyboard.o
                0x08001c70                last_matrix_activity_trigger
 .text.matrix_setup
                0x08001c88        0x2 .build/obj_cerakey_nada65panda_via/quantum/keyboard.o
                0x08001c88                matrix_setup
 .text.keyboard_pre_init_user
                0x08001c8a        0x2 .build/obj_cerakey_nada65panda_via/quantum/keyboard.o
                0x08001c8a                keyboard_pre_init_user
 .text.keyboard_post_init_user
                0x08001c8c        0x2 .build/obj_cerakey_nada65panda_via/quantum/keyboard.o
                0x08001c8c                keyboard_post_init_user
 .text.matrix_can_read
                0x08001c8e        0x4 .build/obj_cerakey_nada65panda_via/quantum/keyboard.o
                0x08001c8e                matrix_can_read
 *fill*         0x08001c92        0x2 
 .text.keyboard_setup
                0x08001c94       0x1c .build/obj_cerakey_nada65panda_via/quantum/keyboard.o
                0x08001c94                keyboard_setup
 .text.is_keyboard_master
                0x08001cb0        0x4 .build/obj_cerakey_nada65panda_via/quantum/keyboard.o
                0x08001cb0                is_keyboard_master
 .text.should_process_keypress
                0x08001cb4        0x8 .build/obj_cerakey_nada65panda_via/quantum/keyboard.o
                0x08001cb4                should_process_keypress
 .text.housekeeping_task_kb
                0x08001cbc        0x2 .build/obj_cerakey_nada65panda_via/quantum/keyboard.o
                0x08001cbc                housekeeping_task_kb
 .text.housekeeping_task_user
                0x08001cbe        0x2 .build/obj_cerakey_nada65panda_via/quantum/keyboard.o
                0x08001cbe                housekeeping_task_user
 .text.housekeeping_task
                0x08001cc0        0xc .build/obj_cerakey_nada65panda_via/quantum/keyboard.o
                0x08001cc0                housekeeping_task
 .text.quantum_init
                0x08001ccc       0x40 .build/obj_cerakey_nada65panda_via/quantum/keyboard.o
                0x08001ccc                quantum_init
 .text.keyboard_init
                0x08001d0c       0x24 .build/obj_cerakey_nada65panda_via/quantum/keyboard.o
                0x08001d0c                keyboard_init
 .text.keyboard_task
                0x08001d30       0xec .build/obj_cerakey_nada65panda_via/quantum/keyboard.o
                0x08001d30                keyboard_task
 .text.action_for_keycode
                0x08001e1c      0x1d4 .build/obj_cerakey_nada65panda_via/quantum/keymap_common.o
                0x08001e1c                action_for_keycode
 .text.keymap_key_to_keycode
                0x08001ff0       0x20 .build/obj_cerakey_nada65panda_via/quantum/keymap_common.o
                0x08001ff0                keymap_key_to_keycode
 .text.action_for_key
                0x08002010       0x12 .build/obj_cerakey_nada65panda_via/quantum/keymap_common.o
                0x08002010                action_for_key
 *fill*         0x08002022        0x2 
 .text.keycode_config
                0x08002024      0x124 .build/obj_cerakey_nada65panda_via/quantum/keycode_config.o
                0x08002024                keycode_config
 .text.mod_config
                0x08002148       0x98 .build/obj_cerakey_nada65panda_via/quantum/keycode_config.o
                0x08002148                mod_config
 .text.sendchar
                0x080021e0        0x4 .build/obj_cerakey_nada65panda_via/quantum/logging/sendchar.o
                0x080021e0                sendchar
 .text.null_sendchar_func
                0x080021e4        0x4 .build/obj_cerakey_nada65panda_via/quantum/logging/print.o
 .text.print_set_sendchar
                0x080021e8        0xc .build/obj_cerakey_nada65panda_via/quantum/logging/print.o
                0x080021e8                print_set_sendchar
 .text.matrix_init_user
                0x080021f4        0x2 .build/obj_cerakey_nada65panda_via/quantum/matrix_common.o
                0x080021f4                matrix_init_user
 .text.matrix_init_kb
                0x080021f6        0x8 .build/obj_cerakey_nada65panda_via/quantum/matrix_common.o
                0x080021f6                matrix_init_kb
 .text.matrix_scan_user
                0x080021fe        0x2 .build/obj_cerakey_nada65panda_via/quantum/matrix_common.o
                0x080021fe                matrix_scan_user
 .text.matrix_scan_kb
                0x08002200        0x8 .build/obj_cerakey_nada65panda_via/quantum/matrix_common.o
                0x08002200                matrix_scan_kb
 .text.matrix_get_row
                0x08002208        0xc .build/obj_cerakey_nada65panda_via/quantum/matrix_common.o
                0x08002208                matrix_get_row
 .text.matrix_print
                0x08002214        0x2 .build/obj_cerakey_nada65panda_via/quantum/matrix_common.o
                0x08002214                matrix_print
 .text.matrix_io_delay
                0x08002216        0xa .build/obj_cerakey_nada65panda_via/quantum/matrix_common.o
                0x08002216                matrix_io_delay
 .text.matrix_output_select_delay
                0x08002220       0x1a .build/obj_cerakey_nada65panda_via/quantum/matrix_common.o
                0x08002220                matrix_output_select_delay
 .text.matrix_output_unselect_delay
                0x0800223a        0x8 .build/obj_cerakey_nada65panda_via/quantum/matrix_common.o
                0x0800223a                matrix_output_unselect_delay
 .text.gpio_atomic_set_pin_input_high
                0x08002242       0x1a .build/obj_cerakey_nada65panda_via/quantum/matrix.o
 .text.matrix_init_pins
                0x0800225c       0x3c .build/obj_cerakey_nada65panda_via/quantum/matrix.o
                0x0800225c                matrix_init_pins
 .text.matrix_read_cols_on_row
                0x08002298       0x98 .build/obj_cerakey_nada65panda_via/quantum/matrix.o
                0x08002298                matrix_read_cols_on_row
 .text.matrix_init
                0x08002330       0x30 .build/obj_cerakey_nada65panda_via/quantum/matrix.o
                0x08002330                matrix_init
 .text.matrix_scan
                0x08002360       0x64 .build/obj_cerakey_nada65panda_via/quantum/matrix.o
                0x08002360                matrix_scan
 .text.debounce_init
                0x080023c4        0x2 .build/obj_cerakey_nada65panda_via/quantum/debounce/sym_defer_g.o
                0x080023c4                debounce_init
 *fill*         0x080023c6        0x2 
 .text.debounce
                0x080023c8       0x5c .build/obj_cerakey_nada65panda_via/quantum/debounce/sym_defer_g.o
                0x080023c8                debounce
 .text.protocol_keyboard_task
                0x08002424        0x8 .build/obj_cerakey_nada65panda_via/quantum/main.o
                0x08002424                protocol_keyboard_task
 .text.startup.main
                0x0800242c       0x34 .build/obj_cerakey_nada65panda_via/quantum/main.o
                0x0800242c                main
 .text.eeprom_read_byte
                0x08002460       0x18 .build/obj_cerakey_nada65panda_via/eeprom_driver.o
                0x08002460                eeprom_read_byte
 .text.eeprom_read_word
                0x08002478       0x18 .build/obj_cerakey_nada65panda_via/eeprom_driver.o
                0x08002478                eeprom_read_word
 .text.eeprom_read_dword
                0x08002490       0x14 .build/obj_cerakey_nada65panda_via/eeprom_driver.o
                0x08002490                eeprom_read_dword
 .text.eeprom_write_byte
                0x080024a4       0x14 .build/obj_cerakey_nada65panda_via/eeprom_driver.o
                0x080024a4                eeprom_write_byte
 .text.eeprom_write_word
                0x080024b8       0x14 .build/obj_cerakey_nada65panda_via/eeprom_driver.o
                0x080024b8                eeprom_write_word
 .text.eeprom_write_dword
                0x080024cc       0x10 .build/obj_cerakey_nada65panda_via/eeprom_driver.o
                0x080024cc                eeprom_write_dword
 .text.eeprom_update_block
                0x080024dc       0x3a .build/obj_cerakey_nada65panda_via/eeprom_driver.o
                0x080024dc                eeprom_update_block
 .text.eeprom_update_byte
                0x08002516       0x18 .build/obj_cerakey_nada65panda_via/eeprom_driver.o
                0x08002516                eeprom_update_byte
 .text.eeprom_update_word
                0x0800252e       0x18 .build/obj_cerakey_nada65panda_via/eeprom_driver.o
                0x0800252e                eeprom_update_word
 .text.eeprom_update_dword
                0x08002546       0x18 .build/obj_cerakey_nada65panda_via/eeprom_driver.o
                0x08002546                eeprom_update_dword
 *fill*         0x0800255e        0x2 
 .text.eeprom_clear
                0x08002560       0x40 .build/obj_cerakey_nada65panda_via/eeprom_legacy_emulated_flash.o
 .text.eeprom_write_direct_entry
                0x080025a0       0x44 .build/obj_cerakey_nada65panda_via/eeprom_legacy_emulated_flash.o
 .text.eeprom_compact
                0x080025e4       0x44 .build/obj_cerakey_nada65panda_via/eeprom_legacy_emulated_flash.o
 .text.eeprom_write_log_word_entry
                0x08002628       0x80 .build/obj_cerakey_nada65panda_via/eeprom_legacy_emulated_flash.o
 .text.eeprom_write_log_byte_entry
                0x080026a8       0x44 .build/obj_cerakey_nada65panda_via/eeprom_legacy_emulated_flash.o
 .text.EEPROM_Init
                0x080026ec       0xac .build/obj_cerakey_nada65panda_via/eeprom_legacy_emulated_flash.o
                0x080026ec                EEPROM_Init
 .text.EEPROM_Erase
                0x08002798        0xc .build/obj_cerakey_nada65panda_via/eeprom_legacy_emulated_flash.o
                0x08002798                EEPROM_Erase
 .text.EEPROM_WriteDataByte
                0x080027a4       0x44 .build/obj_cerakey_nada65panda_via/eeprom_legacy_emulated_flash.o
                0x080027a4                EEPROM_WriteDataByte
 .text.EEPROM_WriteDataWord
                0x080027e8       0x88 .build/obj_cerakey_nada65panda_via/eeprom_legacy_emulated_flash.o
                0x080027e8                EEPROM_WriteDataWord
 .text.EEPROM_ReadDataByte
                0x08002870       0x18 .build/obj_cerakey_nada65panda_via/eeprom_legacy_emulated_flash.o
                0x08002870                EEPROM_ReadDataByte
 .text.EEPROM_ReadDataWord
                0x08002888       0x34 .build/obj_cerakey_nada65panda_via/eeprom_legacy_emulated_flash.o
                0x08002888                EEPROM_ReadDataWord
 .text.eeprom_driver_init
                0x080028bc        0x8 .build/obj_cerakey_nada65panda_via/eeprom_legacy_emulated_flash.o
                0x080028bc                eeprom_driver_init
 .text.eeprom_driver_format
                0x080028c4        0x8 .build/obj_cerakey_nada65panda_via/eeprom_legacy_emulated_flash.o
                0x080028c4                eeprom_driver_format
 .text.eeprom_read_block
                0x080028cc       0x76 .build/obj_cerakey_nada65panda_via/eeprom_legacy_emulated_flash.o
                0x080028cc                eeprom_read_block
 .text.eeprom_write_block
                0x08002942       0x56 .build/obj_cerakey_nada65panda_via/eeprom_legacy_emulated_flash.o
                0x08002942                eeprom_write_block
 .text.FLASH_GetStatus
                0x08002998       0x2c .build/obj_cerakey_nada65panda_via/legacy_flash_ops.o
                0x08002998                FLASH_GetStatus
 .text.FLASH_WaitForLastOperation
                0x080029c4       0x3a .build/obj_cerakey_nada65panda_via/legacy_flash_ops.o
                0x080029c4                FLASH_WaitForLastOperation
 *fill*         0x080029fe        0x2 
 .text.FLASH_ErasePage
                0x08002a00       0x40 .build/obj_cerakey_nada65panda_via/legacy_flash_ops.o
                0x08002a00                FLASH_ErasePage
 .text.FLASH_ProgramHalfWord
                0x08002a40       0x48 .build/obj_cerakey_nada65panda_via/legacy_flash_ops.o
                0x08002a40                FLASH_ProgramHalfWord
 .text.FLASH_Unlock
                0x08002a88       0x20 .build/obj_cerakey_nada65panda_via/legacy_flash_ops.o
                0x08002a88                FLASH_Unlock
 .text.FLASH_Lock
                0x08002aa8       0x10 .build/obj_cerakey_nada65panda_via/legacy_flash_ops.o
                0x08002aa8                FLASH_Lock
 .text.hsv_to_rgb_impl
                0x08002ab8       0xb8 .build/obj_cerakey_nada65panda_via/quantum/color.o
                0x08002ab8                hsv_to_rgb_impl
 .text.hsv_to_rgb
                0x08002b70       0x2c .build/obj_cerakey_nada65panda_via/quantum/color.o
                0x08002b70                hsv_to_rgb
 .text.sqrt16   0x08002b9c       0x44 .build/obj_cerakey_nada65panda_via/quantum/rgb_matrix/rgb_matrix.o
 .text.sin8_C   0x08002be0       0x40 .build/obj_cerakey_nada65panda_via/quantum/rgb_matrix/rgb_matrix.o
 .text.BAND_SAT_math
                0x08002c20       0x48 .build/obj_cerakey_nada65panda_via/quantum/rgb_matrix/rgb_matrix.o
 .text.BAND_VAL_math
                0x08002c68       0x54 .build/obj_cerakey_nada65panda_via/quantum/rgb_matrix/rgb_matrix.o
 .text.CYCLE_ALL_math
                0x08002cbc       0x14 .build/obj_cerakey_nada65panda_via/quantum/rgb_matrix/rgb_matrix.o
 .text.CYCLE_LEFT_RIGHT_math
                0x08002cd0       0x24 .build/obj_cerakey_nada65panda_via/quantum/rgb_matrix/rgb_matrix.o
 .text.CYCLE_UP_DOWN_math
                0x08002cf4       0x24 .build/obj_cerakey_nada65panda_via/quantum/rgb_matrix/rgb_matrix.o
 .text.RAINBOW_MOVING_CHEVRON_math
                0x08002d18       0x44 .build/obj_cerakey_nada65panda_via/quantum/rgb_matrix/rgb_matrix.o
 .text.CYCLE_OUT_IN_math
                0x08002d5c       0x20 .build/obj_cerakey_nada65panda_via/quantum/rgb_matrix/rgb_matrix.o
 .text.CYCLE_OUT_IN_DUAL_math
                0x08002d7c       0x3a .build/obj_cerakey_nada65panda_via/quantum/rgb_matrix/rgb_matrix.o
 *fill*         0x08002db6        0x2 
 .text.DUAL_BEACON_math
                0x08002db8       0x3c .build/obj_cerakey_nada65panda_via/quantum/rgb_matrix/rgb_matrix.o
 .text.RAINBOW_BEACON_math
                0x08002df4       0x3c .build/obj_cerakey_nada65panda_via/quantum/rgb_matrix/rgb_matrix.o
 .text.RAINBOW_PINWHEELS_math
                0x08002e30       0x54 .build/obj_cerakey_nada65panda_via/quantum/rgb_matrix/rgb_matrix.o
 .text.HUE_PENDULUM_math
                0x08002e84       0x50 .build/obj_cerakey_nada65panda_via/quantum/rgb_matrix/rgb_matrix.o
 .text.HUE_WAVE_math
                0x08002ed4       0x3c .build/obj_cerakey_nada65panda_via/quantum/rgb_matrix/rgb_matrix.o
 .text.SOLID_REACTIVE_SIMPLE_math
                0x08002f10       0x2c .build/obj_cerakey_nada65panda_via/quantum/rgb_matrix/rgb_matrix.o
 .text.SOLID_REACTIVE_math
                0x08002f3c       0x1c .build/obj_cerakey_nada65panda_via/quantum/rgb_matrix/rgb_matrix.o
 .text.SOLID_REACTIVE_WIDE_math
                0x08002f58       0x42 .build/obj_cerakey_nada65panda_via/quantum/rgb_matrix/rgb_matrix.o
 .text.SOLID_REACTIVE_CROSS_math
                0x08002f9a       0x72 .build/obj_cerakey_nada65panda_via/quantum/rgb_matrix/rgb_matrix.o
 .text.SOLID_REACTIVE_NEXUS_math
                0x0800300c       0x74 .build/obj_cerakey_nada65panda_via/quantum/rgb_matrix/rgb_matrix.o
 .text.SPLASH_math
                0x08003080       0x46 .build/obj_cerakey_nada65panda_via/quantum/rgb_matrix/rgb_matrix.o
                0x08003080                SPLASH_math
 .text.SOLID_SPLASH_math
                0x080030c6       0x3e .build/obj_cerakey_nada65panda_via/quantum/rgb_matrix/rgb_matrix.o
                0x080030c6                SOLID_SPLASH_math
 .text.eeconfig_flag_rgb_matrix
                0x08003104       0x10 .build/obj_cerakey_nada65panda_via/quantum/rgb_matrix/rgb_matrix.o
 .text.eeconfig_init_rgb_matrix
                0x08003114       0x20 .build/obj_cerakey_nada65panda_via/quantum/rgb_matrix/rgb_matrix.o
 .text.atan2_8  0x08003134       0x40 .build/obj_cerakey_nada65panda_via/quantum/rgb_matrix/rgb_matrix.o
 .text.BAND_PINWHEEL_SAT_math
                0x08003174       0x2e .build/obj_cerakey_nada65panda_via/quantum/rgb_matrix/rgb_matrix.o
 *fill*         0x080031a2        0x2 
 .text.BAND_PINWHEEL_VAL_math
                0x080031a4       0x3c .build/obj_cerakey_nada65panda_via/quantum/rgb_matrix/rgb_matrix.o
 .text.BAND_SPIRAL_SAT_math
                0x080031e0       0x30 .build/obj_cerakey_nada65panda_via/quantum/rgb_matrix/rgb_matrix.o
 .text.BAND_SPIRAL_VAL_math
                0x08003210       0x40 .build/obj_cerakey_nada65panda_via/quantum/rgb_matrix/rgb_matrix.o
 .text.CYCLE_PINWHEEL_math
                0x08003250       0x20 .build/obj_cerakey_nada65panda_via/quantum/rgb_matrix/rgb_matrix.o
 .text.CYCLE_SPIRAL_math
                0x08003270       0x26 .build/obj_cerakey_nada65panda_via/quantum/rgb_matrix/rgb_matrix.o
 *fill*         0x08003296        0x2 
 .text.eeconfig_flush_rgb_matrix.part.0
                0x08003298       0x1c .build/obj_cerakey_nada65panda_via/quantum/rgb_matrix/rgb_matrix.o
 .text.rgb_matrix_hsv_to_rgb
                0x080032b4       0x28 .build/obj_cerakey_nada65panda_via/quantum/rgb_matrix/rgb_matrix.o
                0x080032b4                rgb_matrix_hsv_to_rgb
 .text.process_rgb_matrix_typing_heatmap
                0x080032dc       0xc4 .build/obj_cerakey_nada65panda_via/quantum/rgb_matrix/rgb_matrix.o
                0x080032dc                process_rgb_matrix_typing_heatmap
 .text.eeconfig_update_rgb_matrix
                0x080033a0        0x8 .build/obj_cerakey_nada65panda_via/quantum/rgb_matrix/rgb_matrix.o
                0x080033a0                eeconfig_update_rgb_matrix
 .text.eeconfig_update_rgb_matrix_default
                0x080033a8       0x28 .build/obj_cerakey_nada65panda_via/quantum/rgb_matrix/rgb_matrix.o
                0x080033a8                eeconfig_update_rgb_matrix_default
 .text.rgb_matrix_map_row_column_to_led_kb
                0x080033d0        0x4 .build/obj_cerakey_nada65panda_via/quantum/rgb_matrix/rgb_matrix.o
                0x080033d0                rgb_matrix_map_row_column_to_led_kb
 .text.rgb_matrix_map_row_column_to_led
                0x080033d4       0x28 .build/obj_cerakey_nada65panda_via/quantum/rgb_matrix/rgb_matrix.o
                0x080033d4                rgb_matrix_map_row_column_to_led
 .text.rgb_matrix_update_pwm_buffers
                0x080033fc       0x10 .build/obj_cerakey_nada65panda_via/quantum/rgb_matrix/rgb_matrix.o
                0x080033fc                rgb_matrix_update_pwm_buffers
 .text.rgb_matrix_set_color
                0x0800340c       0x10 .build/obj_cerakey_nada65panda_via/quantum/rgb_matrix/rgb_matrix.o
                0x0800340c                rgb_matrix_set_color
 .text.rgb_matrix_set_color_all
                0x0800341c       0x10 .build/obj_cerakey_nada65panda_via/quantum/rgb_matrix/rgb_matrix.o
                0x0800341c                rgb_matrix_set_color_all
 .text.rgb_matrix_handle_key_event
                0x0800342c       0xfc .build/obj_cerakey_nada65panda_via/quantum/rgb_matrix/rgb_matrix.o
                0x0800342c                rgb_matrix_handle_key_event
 .text.rgb_matrix_indicators_kb
                0x08003528        0x8 .build/obj_cerakey_nada65panda_via/quantum/rgb_matrix/rgb_matrix.o
                0x08003528                rgb_matrix_indicators_kb
 .text.rgb_matrix_get_limits
                0x08003530       0x24 .build/obj_cerakey_nada65panda_via/quantum/rgb_matrix/rgb_matrix.o
                0x08003530                rgb_matrix_get_limits
 .text.effect_runner_dx_dy_dist
                0x08003554       0xe0 .build/obj_cerakey_nada65panda_via/quantum/rgb_matrix/rgb_matrix.o
                0x08003554                effect_runner_dx_dy_dist
 .text.BAND_SPIRAL_SAT
                0x08003634       0x10 .build/obj_cerakey_nada65panda_via/quantum/rgb_matrix/rgb_matrix.o
                0x08003634                BAND_SPIRAL_SAT
 .text.BAND_SPIRAL_VAL
                0x08003644       0x10 .build/obj_cerakey_nada65panda_via/quantum/rgb_matrix/rgb_matrix.o
                0x08003644                BAND_SPIRAL_VAL
 .text.CYCLE_OUT_IN
                0x08003654       0x10 .build/obj_cerakey_nada65panda_via/quantum/rgb_matrix/rgb_matrix.o
                0x08003654                CYCLE_OUT_IN
 .text.CYCLE_SPIRAL
                0x08003664       0x10 .build/obj_cerakey_nada65panda_via/quantum/rgb_matrix/rgb_matrix.o
                0x08003664                CYCLE_SPIRAL
 .text.effect_runner_dx_dy
                0x08003674       0xc8 .build/obj_cerakey_nada65panda_via/quantum/rgb_matrix/rgb_matrix.o
                0x08003674                effect_runner_dx_dy
 .text.BAND_PINWHEEL_SAT
                0x0800373c       0x10 .build/obj_cerakey_nada65panda_via/quantum/rgb_matrix/rgb_matrix.o
                0x0800373c                BAND_PINWHEEL_SAT
 .text.BAND_PINWHEEL_VAL
                0x0800374c       0x10 .build/obj_cerakey_nada65panda_via/quantum/rgb_matrix/rgb_matrix.o
                0x0800374c                BAND_PINWHEEL_VAL
 .text.CYCLE_OUT_IN_DUAL
                0x0800375c       0x10 .build/obj_cerakey_nada65panda_via/quantum/rgb_matrix/rgb_matrix.o
                0x0800375c                CYCLE_OUT_IN_DUAL
 .text.CYCLE_PINWHEEL
                0x0800376c       0x10 .build/obj_cerakey_nada65panda_via/quantum/rgb_matrix/rgb_matrix.o
                0x0800376c                CYCLE_PINWHEEL
 .text.effect_runner_i
                0x0800377c       0xa8 .build/obj_cerakey_nada65panda_via/quantum/rgb_matrix/rgb_matrix.o
                0x0800377c                effect_runner_i
 .text.BAND_SAT
                0x08003824       0x10 .build/obj_cerakey_nada65panda_via/quantum/rgb_matrix/rgb_matrix.o
                0x08003824                BAND_SAT
 .text.BAND_VAL
                0x08003834       0x10 .build/obj_cerakey_nada65panda_via/quantum/rgb_matrix/rgb_matrix.o
                0x08003834                BAND_VAL
 .text.CYCLE_ALL
                0x08003844       0x10 .build/obj_cerakey_nada65panda_via/quantum/rgb_matrix/rgb_matrix.o
                0x08003844                CYCLE_ALL
 .text.CYCLE_LEFT_RIGHT
                0x08003854       0x10 .build/obj_cerakey_nada65panda_via/quantum/rgb_matrix/rgb_matrix.o
                0x08003854                CYCLE_LEFT_RIGHT
 .text.CYCLE_UP_DOWN
                0x08003864       0x10 .build/obj_cerakey_nada65panda_via/quantum/rgb_matrix/rgb_matrix.o
                0x08003864                CYCLE_UP_DOWN
 .text.RAINBOW_MOVING_CHEVRON
                0x08003874       0x10 .build/obj_cerakey_nada65panda_via/quantum/rgb_matrix/rgb_matrix.o
                0x08003874                RAINBOW_MOVING_CHEVRON
 .text.HUE_PENDULUM
                0x08003884       0x10 .build/obj_cerakey_nada65panda_via/quantum/rgb_matrix/rgb_matrix.o
                0x08003884                HUE_PENDULUM
 .text.HUE_WAVE
                0x08003894       0x10 .build/obj_cerakey_nada65panda_via/quantum/rgb_matrix/rgb_matrix.o
                0x08003894                HUE_WAVE
 .text.effect_runner_sin_cos_i
                0x080038a4       0xcc .build/obj_cerakey_nada65panda_via/quantum/rgb_matrix/rgb_matrix.o
                0x080038a4                effect_runner_sin_cos_i
 .text.DUAL_BEACON
                0x08003970       0x10 .build/obj_cerakey_nada65panda_via/quantum/rgb_matrix/rgb_matrix.o
                0x08003970                DUAL_BEACON
 .text.RAINBOW_BEACON
                0x08003980       0x10 .build/obj_cerakey_nada65panda_via/quantum/rgb_matrix/rgb_matrix.o
                0x08003980                RAINBOW_BEACON
 .text.RAINBOW_PINWHEELS
                0x08003990       0x10 .build/obj_cerakey_nada65panda_via/quantum/rgb_matrix/rgb_matrix.o
                0x08003990                RAINBOW_PINWHEELS
 .text.effect_runner_reactive
                0x080039a0      0x100 .build/obj_cerakey_nada65panda_via/quantum/rgb_matrix/rgb_matrix.o
                0x080039a0                effect_runner_reactive
 .text.SOLID_REACTIVE_SIMPLE
                0x08003aa0       0x10 .build/obj_cerakey_nada65panda_via/quantum/rgb_matrix/rgb_matrix.o
                0x08003aa0                SOLID_REACTIVE_SIMPLE
 .text.SOLID_REACTIVE
                0x08003ab0       0x10 .build/obj_cerakey_nada65panda_via/quantum/rgb_matrix/rgb_matrix.o
                0x08003ab0                SOLID_REACTIVE
 .text.effect_runner_reactive_splash
                0x08003ac0      0x140 .build/obj_cerakey_nada65panda_via/quantum/rgb_matrix/rgb_matrix.o
                0x08003ac0                effect_runner_reactive_splash
 .text.SOLID_REACTIVE_WIDE
                0x08003c00       0x24 .build/obj_cerakey_nada65panda_via/quantum/rgb_matrix/rgb_matrix.o
                0x08003c00                SOLID_REACTIVE_WIDE
 .text.SOLID_REACTIVE_MULTIWIDE
                0x08003c24       0x14 .build/obj_cerakey_nada65panda_via/quantum/rgb_matrix/rgb_matrix.o
                0x08003c24                SOLID_REACTIVE_MULTIWIDE
 .text.SOLID_REACTIVE_CROSS
                0x08003c38       0x24 .build/obj_cerakey_nada65panda_via/quantum/rgb_matrix/rgb_matrix.o
                0x08003c38                SOLID_REACTIVE_CROSS
 .text.SOLID_REACTIVE_MULTICROSS
                0x08003c5c       0x14 .build/obj_cerakey_nada65panda_via/quantum/rgb_matrix/rgb_matrix.o
                0x08003c5c                SOLID_REACTIVE_MULTICROSS
 .text.SOLID_REACTIVE_NEXUS
                0x08003c70       0x24 .build/obj_cerakey_nada65panda_via/quantum/rgb_matrix/rgb_matrix.o
                0x08003c70                SOLID_REACTIVE_NEXUS
 .text.SOLID_REACTIVE_MULTINEXUS
                0x08003c94       0x14 .build/obj_cerakey_nada65panda_via/quantum/rgb_matrix/rgb_matrix.o
                0x08003c94                SOLID_REACTIVE_MULTINEXUS
 .text.SPLASH   0x08003ca8       0x24 .build/obj_cerakey_nada65panda_via/quantum/rgb_matrix/rgb_matrix.o
                0x08003ca8                SPLASH
 .text.MULTISPLASH
                0x08003ccc       0x14 .build/obj_cerakey_nada65panda_via/quantum/rgb_matrix/rgb_matrix.o
                0x08003ccc                MULTISPLASH
 .text.SOLID_SPLASH
                0x08003ce0       0x24 .build/obj_cerakey_nada65panda_via/quantum/rgb_matrix/rgb_matrix.o
                0x08003ce0                SOLID_SPLASH
 .text.SOLID_MULTISPLASH
                0x08003d04       0x14 .build/obj_cerakey_nada65panda_via/quantum/rgb_matrix/rgb_matrix.o
                0x08003d04                SOLID_MULTISPLASH
 .text.SOLID_COLOR
                0x08003d18       0x74 .build/obj_cerakey_nada65panda_via/quantum/rgb_matrix/rgb_matrix.o
                0x08003d18                SOLID_COLOR
 .text.GRADIENT_UP_DOWN
                0x08003d8c       0x94 .build/obj_cerakey_nada65panda_via/quantum/rgb_matrix/rgb_matrix.o
                0x08003d8c                GRADIENT_UP_DOWN
 .text.GRADIENT_LEFT_RIGHT
                0x08003e20       0x94 .build/obj_cerakey_nada65panda_via/quantum/rgb_matrix/rgb_matrix.o
                0x08003e20                GRADIENT_LEFT_RIGHT
 .text.BREATHING
                0x08003eb4       0xb0 .build/obj_cerakey_nada65panda_via/quantum/rgb_matrix/rgb_matrix.o
                0x08003eb4                BREATHING
 .text.HUE_BREATHING
                0x08003f64       0xb4 .build/obj_cerakey_nada65panda_via/quantum/rgb_matrix/rgb_matrix.o
                0x08003f64                HUE_BREATHING
 .text.TYPING_HEATMAP
                0x08004018      0x14c .build/obj_cerakey_nada65panda_via/quantum/rgb_matrix/rgb_matrix.o
                0x08004018                TYPING_HEATMAP
 .text.rgb_task_render
                0x08004164      0x1d8 .build/obj_cerakey_nada65panda_via/quantum/rgb_matrix/rgb_matrix.o
 .text.rgb_matrix_indicators_advanced_user
                0x0800433c        0x4 .build/obj_cerakey_nada65panda_via/quantum/rgb_matrix/rgb_matrix.o
                0x0800433c                rgb_matrix_indicators_advanced_user
 .text.rgb_matrix_indicators_advanced_kb
                0x08004340        0x8 .build/obj_cerakey_nada65panda_via/quantum/rgb_matrix/rgb_matrix.o
                0x08004340                rgb_matrix_indicators_advanced_kb
 .text.rgb_matrix_indicators_advanced
                0x08004348       0x18 .build/obj_cerakey_nada65panda_via/quantum/rgb_matrix/rgb_matrix.o
                0x08004348                rgb_matrix_indicators_advanced
 .text.rgb_matrix_task
                0x08004360      0x130 .build/obj_cerakey_nada65panda_via/quantum/rgb_matrix/rgb_matrix.o
                0x08004360                rgb_matrix_task
 .text.rgb_matrix_init
                0x08004490       0x50 .build/obj_cerakey_nada65panda_via/quantum/rgb_matrix/rgb_matrix.o
                0x08004490                rgb_matrix_init
 .text.rgb_matrix_set_suspend_state
                0x080044e0       0x48 .build/obj_cerakey_nada65panda_via/quantum/rgb_matrix/rgb_matrix.o
                0x080044e0                rgb_matrix_set_suspend_state
 .text.rgb_matrix_toggle_eeprom_helper
                0x08004528       0x20 .build/obj_cerakey_nada65panda_via/quantum/rgb_matrix/rgb_matrix.o
                0x08004528                rgb_matrix_toggle_eeprom_helper
 .text.rgb_matrix_toggle_noeeprom
                0x08004548        0xa .build/obj_cerakey_nada65panda_via/quantum/rgb_matrix/rgb_matrix.o
                0x08004548                rgb_matrix_toggle_noeeprom
 .text.rgb_matrix_toggle
                0x08004552        0xa .build/obj_cerakey_nada65panda_via/quantum/rgb_matrix/rgb_matrix.o
                0x08004552                rgb_matrix_toggle
 .text.rgb_matrix_enable_noeeprom
                0x0800455c       0x28 .build/obj_cerakey_nada65panda_via/quantum/rgb_matrix/rgb_matrix.o
                0x0800455c                rgb_matrix_enable_noeeprom
 .text.rgb_matrix_enable
                0x08004584        0xe .build/obj_cerakey_nada65panda_via/quantum/rgb_matrix/rgb_matrix.o
                0x08004584                rgb_matrix_enable
 *fill*         0x08004592        0x2 
 .text.rgb_matrix_disable_noeeprom
                0x08004594       0x20 .build/obj_cerakey_nada65panda_via/quantum/rgb_matrix/rgb_matrix.o
                0x08004594                rgb_matrix_disable_noeeprom
 .text.rgb_matrix_is_enabled
                0x080045b4       0x10 .build/obj_cerakey_nada65panda_via/quantum/rgb_matrix/rgb_matrix.o
                0x080045b4                rgb_matrix_is_enabled
 .text.rgb_matrix_mode_eeprom_helper
                0x080045c4       0x40 .build/obj_cerakey_nada65panda_via/quantum/rgb_matrix/rgb_matrix.o
                0x080045c4                rgb_matrix_mode_eeprom_helper
 .text.rgb_matrix_mode_noeeprom
                0x08004604        0xa .build/obj_cerakey_nada65panda_via/quantum/rgb_matrix/rgb_matrix.o
                0x08004604                rgb_matrix_mode_noeeprom
 .text.rgb_matrix_mode
                0x0800460e        0xa .build/obj_cerakey_nada65panda_via/quantum/rgb_matrix/rgb_matrix.o
                0x0800460e                rgb_matrix_mode
 .text.rgb_matrix_get_mode
                0x08004618        0xc .build/obj_cerakey_nada65panda_via/quantum/rgb_matrix/rgb_matrix.o
                0x08004618                rgb_matrix_get_mode
 .text.rgb_matrix_step_helper
                0x08004624       0x1c .build/obj_cerakey_nada65panda_via/quantum/rgb_matrix/rgb_matrix.o
                0x08004624                rgb_matrix_step_helper
 .text.rgb_matrix_step
                0x08004640        0xa .build/obj_cerakey_nada65panda_via/quantum/rgb_matrix/rgb_matrix.o
                0x08004640                rgb_matrix_step
 *fill*         0x0800464a        0x2 
 .text.rgb_matrix_step_reverse_helper
                0x0800464c       0x20 .build/obj_cerakey_nada65panda_via/quantum/rgb_matrix/rgb_matrix.o
                0x0800464c                rgb_matrix_step_reverse_helper
 .text.rgb_matrix_step_reverse
                0x0800466c        0xa .build/obj_cerakey_nada65panda_via/quantum/rgb_matrix/rgb_matrix.o
                0x0800466c                rgb_matrix_step_reverse
 *fill*         0x08004676        0x2 
 .text.rgb_matrix_sethsv_eeprom_helper
                0x08004678       0x2c .build/obj_cerakey_nada65panda_via/quantum/rgb_matrix/rgb_matrix.o
                0x08004678                rgb_matrix_sethsv_eeprom_helper
 .text.rgb_matrix_sethsv_noeeprom
                0x080046a4        0xa .build/obj_cerakey_nada65panda_via/quantum/rgb_matrix/rgb_matrix.o
                0x080046a4                rgb_matrix_sethsv_noeeprom
 .text.rgb_matrix_sethsv
                0x080046ae        0xa .build/obj_cerakey_nada65panda_via/quantum/rgb_matrix/rgb_matrix.o
                0x080046ae                rgb_matrix_sethsv
 .text.rgb_matrix_get_hue
                0x080046b8        0xc .build/obj_cerakey_nada65panda_via/quantum/rgb_matrix/rgb_matrix.o
                0x080046b8                rgb_matrix_get_hue
 .text.rgb_matrix_get_sat
                0x080046c4        0xc .build/obj_cerakey_nada65panda_via/quantum/rgb_matrix/rgb_matrix.o
                0x080046c4                rgb_matrix_get_sat
 .text.rgb_matrix_get_val
                0x080046d0        0xc .build/obj_cerakey_nada65panda_via/quantum/rgb_matrix/rgb_matrix.o
                0x080046d0                rgb_matrix_get_val
 .text.rgb_matrix_increase_hue_helper
                0x080046dc       0x18 .build/obj_cerakey_nada65panda_via/quantum/rgb_matrix/rgb_matrix.o
                0x080046dc                rgb_matrix_increase_hue_helper
 .text.rgb_matrix_increase_hue
                0x080046f4        0xa .build/obj_cerakey_nada65panda_via/quantum/rgb_matrix/rgb_matrix.o
                0x080046f4                rgb_matrix_increase_hue
 *fill*         0x080046fe        0x2 
 .text.rgb_matrix_decrease_hue_helper
                0x08004700       0x1c .build/obj_cerakey_nada65panda_via/quantum/rgb_matrix/rgb_matrix.o
                0x08004700                rgb_matrix_decrease_hue_helper
 .text.rgb_matrix_decrease_hue
                0x0800471c        0xa .build/obj_cerakey_nada65panda_via/quantum/rgb_matrix/rgb_matrix.o
                0x0800471c                rgb_matrix_decrease_hue
 *fill*         0x08004726        0x2 
 .text.rgb_matrix_increase_sat_helper
                0x08004728       0x24 .build/obj_cerakey_nada65panda_via/quantum/rgb_matrix/rgb_matrix.o
                0x08004728                rgb_matrix_increase_sat_helper
 .text.rgb_matrix_increase_sat
                0x0800474c        0xa .build/obj_cerakey_nada65panda_via/quantum/rgb_matrix/rgb_matrix.o
                0x0800474c                rgb_matrix_increase_sat
 *fill*         0x08004756        0x2 
 .text.rgb_matrix_decrease_sat_helper
                0x08004758       0x24 .build/obj_cerakey_nada65panda_via/quantum/rgb_matrix/rgb_matrix.o
                0x08004758                rgb_matrix_decrease_sat_helper
 .text.rgb_matrix_decrease_sat
                0x0800477c        0xa .build/obj_cerakey_nada65panda_via/quantum/rgb_matrix/rgb_matrix.o
                0x0800477c                rgb_matrix_decrease_sat
 *fill*         0x08004786        0x2 
 .text.rgb_matrix_increase_val_helper
                0x08004788       0x24 .build/obj_cerakey_nada65panda_via/quantum/rgb_matrix/rgb_matrix.o
                0x08004788                rgb_matrix_increase_val_helper
 .text.rgb_matrix_increase_val
                0x080047ac        0xa .build/obj_cerakey_nada65panda_via/quantum/rgb_matrix/rgb_matrix.o
                0x080047ac                rgb_matrix_increase_val
 *fill*         0x080047b6        0x2 
 .text.rgb_matrix_decrease_val_helper
                0x080047b8       0x24 .build/obj_cerakey_nada65panda_via/quantum/rgb_matrix/rgb_matrix.o
                0x080047b8                rgb_matrix_decrease_val_helper
 .text.rgb_matrix_decrease_val
                0x080047dc        0xa .build/obj_cerakey_nada65panda_via/quantum/rgb_matrix/rgb_matrix.o
                0x080047dc                rgb_matrix_decrease_val
 *fill*         0x080047e6        0x2 
 .text.rgb_matrix_set_speed_noeeprom
                0x080047e8       0x14 .build/obj_cerakey_nada65panda_via/quantum/rgb_matrix/rgb_matrix.o
                0x080047e8                rgb_matrix_set_speed_noeeprom
 .text.rgb_matrix_set_speed
                0x080047fc       0x14 .build/obj_cerakey_nada65panda_via/quantum/rgb_matrix/rgb_matrix.o
                0x080047fc                rgb_matrix_set_speed
 .text.rgb_matrix_get_speed
                0x08004810        0xc .build/obj_cerakey_nada65panda_via/quantum/rgb_matrix/rgb_matrix.o
                0x08004810                rgb_matrix_get_speed
 .text.rgb_matrix_increase_speed_helper
                0x0800481c       0x1c .build/obj_cerakey_nada65panda_via/quantum/rgb_matrix/rgb_matrix.o
                0x0800481c                rgb_matrix_increase_speed_helper
 .text.rgb_matrix_increase_speed
                0x08004838        0xa .build/obj_cerakey_nada65panda_via/quantum/rgb_matrix/rgb_matrix.o
                0x08004838                rgb_matrix_increase_speed
 *fill*         0x08004842        0x2 
 .text.rgb_matrix_decrease_speed_helper
                0x08004844       0x1c .build/obj_cerakey_nada65panda_via/quantum/rgb_matrix/rgb_matrix.o
                0x08004844                rgb_matrix_decrease_speed_helper
 .text.rgb_matrix_decrease_speed
                0x08004860        0xa .build/obj_cerakey_nada65panda_via/quantum/rgb_matrix/rgb_matrix.o
                0x08004860                rgb_matrix_decrease_speed
 *fill*         0x0800486a        0x2 
 .text.rgb_matrix_get_flags
                0x0800486c        0xc .build/obj_cerakey_nada65panda_via/quantum/rgb_matrix/rgb_matrix.o
                0x0800486c                rgb_matrix_get_flags
 .text.setled   0x08004878       0x3c .build/obj_cerakey_nada65panda_via/quantum/rgb_matrix/rgb_matrix_drivers.o
 .text.setled_all
                0x080048b4       0x1e .build/obj_cerakey_nada65panda_via/quantum/rgb_matrix/rgb_matrix_drivers.o
 *fill*         0x080048d2        0x2 
 .text.init     0x080048d4       0x14 .build/obj_cerakey_nada65panda_via/quantum/rgb_matrix/rgb_matrix_drivers.o
 .text.flush    0x080048e8       0x20 .build/obj_cerakey_nada65panda_via/quantum/rgb_matrix/rgb_matrix_drivers.o
 .text.handleKeycodeRGB
                0x08004908        0xe .build/obj_cerakey_nada65panda_via/quantum/process_keycode/process_rgb.o
 *fill*         0x08004916        0x2 
 .text.process_rgb
                0x08004918       0xc4 .build/obj_cerakey_nada65panda_via/quantum/process_keycode/process_rgb.o
                0x08004918                process_rgb
 .text.sendByte
                0x080049dc       0x80 .build/obj_cerakey_nada65panda_via/ws2812_bitbang.o
                0x080049dc                sendByte
 .text.ws2812_init
                0x08004a5c       0x14 .build/obj_cerakey_nada65panda_via/ws2812_bitbang.o
                0x08004a5c                ws2812_init
 .text.ws2812_setleds
                0x08004a70       0x4a .build/obj_cerakey_nada65panda_via/ws2812_bitbang.o
                0x08004a70                ws2812_setleds
 .text.bootmagic_reset_eeprom
                0x08004aba        0x8 .build/obj_cerakey_nada65panda_via/quantum/bootmagic/bootmagic.o
                0x08004aba                bootmagic_reset_eeprom
 .text.bootmagic_should_reset
                0x08004ac2        0xe .build/obj_cerakey_nada65panda_via/quantum/bootmagic/bootmagic.o
                0x08004ac2                bootmagic_should_reset
 .text.bootmagic_scan
                0x08004ad0       0x28 .build/obj_cerakey_nada65panda_via/quantum/bootmagic/bootmagic.o
                0x08004ad0                bootmagic_scan
 .text.bootmagic
                0x08004af8        0x8 .build/obj_cerakey_nada65panda_via/quantum/bootmagic/bootmagic.o
                0x08004af8                bootmagic
 .text.defer_exec_advanced
                0x08004b00       0x94 .build/obj_cerakey_nada65panda_via/quantum/deferred_exec.o
                0x08004b00                defer_exec_advanced
 .text.extend_deferred_exec_advanced
                0x08004b94       0x36 .build/obj_cerakey_nada65panda_via/quantum/deferred_exec.o
                0x08004b94                extend_deferred_exec_advanced
 .text.deferred_exec_advanced_task
                0x08004bca       0x56 .build/obj_cerakey_nada65panda_via/quantum/deferred_exec.o
                0x08004bca                deferred_exec_advanced_task
 .text.defer_exec
                0x08004c20       0x18 .build/obj_cerakey_nada65panda_via/quantum/deferred_exec.o
                0x08004c20                defer_exec
 .text.extend_deferred_exec
                0x08004c38       0x18 .build/obj_cerakey_nada65panda_via/quantum/deferred_exec.o
                0x08004c38                extend_deferred_exec
 .text.deferred_exec_task
                0x08004c50       0x18 .build/obj_cerakey_nada65panda_via/quantum/deferred_exec.o
                0x08004c50                deferred_exec_task
 .text.dip_switch_update_kb
                0x08004c68        0x8 .build/obj_cerakey_nada65panda_via/quantum/dip_switch.o
                0x08004c68                dip_switch_update_kb
 .text.dip_switch_update_mask_user
                0x08004c70        0x4 .build/obj_cerakey_nada65panda_via/quantum/dip_switch.o
                0x08004c70                dip_switch_update_mask_user
 .text.dip_switch_update_mask_kb
                0x08004c74        0x8 .build/obj_cerakey_nada65panda_via/quantum/dip_switch.o
                0x08004c74                dip_switch_update_mask_kb
 .text.dip_switch_read
                0x08004c7c       0x40 .build/obj_cerakey_nada65panda_via/quantum/dip_switch.o
                0x08004c7c                dip_switch_read
 .text.dip_switch_init
                0x08004cbc       0x18 .build/obj_cerakey_nada65panda_via/quantum/dip_switch.o
                0x08004cbc                dip_switch_init
 .text.dip_switch_task
                0x08004cd4        0xa .build/obj_cerakey_nada65panda_via/quantum/dip_switch.o
                0x08004cd4                dip_switch_task
 .text.dynamic_keymap_get_layer_count
                0x08004cde        0x4 .build/obj_cerakey_nada65panda_via/quantum/dynamic_keymap.o
                0x08004cde                dynamic_keymap_get_layer_count
 .text.dynamic_keymap_key_to_eeprom_address
                0x08004ce2       0x12 .build/obj_cerakey_nada65panda_via/quantum/dynamic_keymap.o
                0x08004ce2                dynamic_keymap_key_to_eeprom_address
 .text.dynamic_keymap_get_keycode
                0x08004cf4       0x2c .build/obj_cerakey_nada65panda_via/quantum/dynamic_keymap.o
                0x08004cf4                dynamic_keymap_get_keycode
 .text.dynamic_keymap_set_keycode
                0x08004d20       0x26 .build/obj_cerakey_nada65panda_via/quantum/dynamic_keymap.o
                0x08004d20                dynamic_keymap_set_keycode
 .text.dynamic_keymap_reset
                0x08004d46       0x3c .build/obj_cerakey_nada65panda_via/quantum/dynamic_keymap.o
                0x08004d46                dynamic_keymap_reset
 .text.dynamic_keymap_get_buffer
                0x08004d82       0x2c .build/obj_cerakey_nada65panda_via/quantum/dynamic_keymap.o
                0x08004d82                dynamic_keymap_get_buffer
 .text.dynamic_keymap_set_buffer
                0x08004dae       0x2a .build/obj_cerakey_nada65panda_via/quantum/dynamic_keymap.o
                0x08004dae                dynamic_keymap_set_buffer
 .text.keycode_at_keymap_location
                0x08004dd8       0x1a .build/obj_cerakey_nada65panda_via/quantum/dynamic_keymap.o
                0x08004dd8                keycode_at_keymap_location
 .text.dynamic_keymap_macro_get_count
                0x08004df2        0x4 .build/obj_cerakey_nada65panda_via/quantum/dynamic_keymap.o
                0x08004df2                dynamic_keymap_macro_get_count
 .text.dynamic_keymap_macro_get_buffer_size
                0x08004df6        0x6 .build/obj_cerakey_nada65panda_via/quantum/dynamic_keymap.o
                0x08004df6                dynamic_keymap_macro_get_buffer_size
 .text.dynamic_keymap_macro_get_buffer
                0x08004dfc       0x34 .build/obj_cerakey_nada65panda_via/quantum/dynamic_keymap.o
                0x08004dfc                dynamic_keymap_macro_get_buffer
 .text.dynamic_keymap_macro_set_buffer
                0x08004e30       0x30 .build/obj_cerakey_nada65panda_via/quantum/dynamic_keymap.o
                0x08004e30                dynamic_keymap_macro_set_buffer
 .text.dynamic_keymap_macro_reset
                0x08004e60       0x1a .build/obj_cerakey_nada65panda_via/quantum/dynamic_keymap.o
                0x08004e60                dynamic_keymap_macro_reset
 *fill*         0x08004e7a        0x2 
 .text.dynamic_keymap_macro_send
                0x08004e7c       0xb8 .build/obj_cerakey_nada65panda_via/quantum/dynamic_keymap.o
                0x08004e7c                dynamic_keymap_macro_send
 .text.process_grave_esc
                0x08004f34       0x54 .build/obj_cerakey_nada65panda_via/quantum/process_keycode/process_grave_esc.o
                0x08004f34                process_grave_esc
 .text.process_magic
                0x08004f88      0x1b8 .build/obj_cerakey_nada65panda_via/quantum/process_keycode/process_magic.o
                0x08004f88                process_magic
 .text.times_inv_sqrt2
                0x08005140       0x20 .build/obj_cerakey_nada65panda_via/quantum/mousekey.o
 .text.move_unit
                0x08005160       0x6c .build/obj_cerakey_nada65panda_via/quantum/mousekey.o
 .text.wheel_unit
                0x080051cc       0x68 .build/obj_cerakey_nada65panda_via/quantum/mousekey.o
 .text.mousekey_on
                0x08005234       0xac .build/obj_cerakey_nada65panda_via/quantum/mousekey.o
                0x08005234                mousekey_on
 .text.mousekey_off
                0x080052e0       0xe8 .build/obj_cerakey_nada65panda_via/quantum/mousekey.o
                0x080052e0                mousekey_off
 .text.mousekey_send
                0x080053c8       0x34 .build/obj_cerakey_nada65panda_via/quantum/mousekey.o
                0x080053c8                mousekey_send
 .text.mousekey_clear
                0x080053fc       0x2c .build/obj_cerakey_nada65panda_via/quantum/mousekey.o
                0x080053fc                mousekey_clear
 .text.should_mousekey_report_send
                0x08005428       0x26 .build/obj_cerakey_nada65panda_via/quantum/mousekey.o
                0x08005428                should_mousekey_report_send
 *fill*         0x0800544e        0x2 
 .text.mousekey_task
                0x08005450      0x174 .build/obj_cerakey_nada65panda_via/quantum/mousekey.o
                0x08005450                mousekey_task
 .text.send_char_with_delay
                0x080055c4      0x178 .build/obj_cerakey_nada65panda_via/quantum/send_string/send_string.o
                0x080055c4                send_char_with_delay
 .text.send_string_with_delay
                0x0800573c       0xd4 .build/obj_cerakey_nada65panda_via/quantum/send_string/send_string.o
                0x0800573c                send_string_with_delay
 .text.perform_space_cadet
                0x08005810       0xb4 .build/obj_cerakey_nada65panda_via/quantum/process_keycode/process_space_cadet.o
                0x08005810                perform_space_cadet
 .text.process_space_cadet
                0x080058c4       0xa8 .build/obj_cerakey_nada65panda_via/quantum/process_keycode/process_space_cadet.o
                0x080058c4                process_space_cadet
 .text.process_tri_layer
                0x0800596c       0x64 .build/obj_cerakey_nada65panda_via/quantum/process_keycode/process_tri_layer.o
                0x0800596c                process_tri_layer
 .text.get_tri_layer_lower_layer
                0x080059d0        0xc .build/obj_cerakey_nada65panda_via/quantum/tri_layer.o
                0x080059d0                get_tri_layer_lower_layer
 .text.get_tri_layer_upper_layer
                0x080059dc        0xc .build/obj_cerakey_nada65panda_via/quantum/tri_layer.o
                0x080059dc                get_tri_layer_upper_layer
 .text.get_tri_layer_adjust_layer
                0x080059e8        0xc .build/obj_cerakey_nada65panda_via/quantum/tri_layer.o
                0x080059e8                get_tri_layer_adjust_layer
 .text.via_eeprom_is_valid
                0x080059f4       0x28 .build/obj_cerakey_nada65panda_via/quantum/via.o
                0x080059f4                via_eeprom_is_valid
 .text.via_eeprom_set_valid
                0x08005a1c       0x2e .build/obj_cerakey_nada65panda_via/quantum/via.o
                0x08005a1c                via_eeprom_set_valid
 .text.via_init_kb
                0x08005a4a        0x2 .build/obj_cerakey_nada65panda_via/quantum/via.o
                0x08005a4a                via_init_kb
 .text.via_get_layout_options
                0x08005a4c        0xa .build/obj_cerakey_nada65panda_via/quantum/via.o
                0x08005a4c                via_get_layout_options
 .text.via_set_layout_options_kb
                0x08005a56        0x2 .build/obj_cerakey_nada65panda_via/quantum/via.o
                0x08005a56                via_set_layout_options_kb
 .text.via_set_layout_options
                0x08005a58       0x12 .build/obj_cerakey_nada65panda_via/quantum/via.o
                0x08005a58                via_set_layout_options
 .text.eeconfig_init_via
                0x08005a6a       0x1e .build/obj_cerakey_nada65panda_via/quantum/via.o
                0x08005a6a                eeconfig_init_via
 .text.via_init
                0x08005a88       0x1c .build/obj_cerakey_nada65panda_via/quantum/via.o
                0x08005a88                via_init
 .text.via_set_device_indication
                0x08005aa4        0x8 .build/obj_cerakey_nada65panda_via/quantum/via.o
                0x08005aa4                via_set_device_indication
 .text.process_record_via
                0x08005aac       0x24 .build/obj_cerakey_nada65panda_via/quantum/via.o