Archive member included to satisfy reference by file (symbol)

.build/obj_cerakey_nada65panda_default/i2c_master.a(i2c_master.o)
                              .build/obj_cerakey_nada65panda_default/keyboards/cerakey/nada65panda/nada65panda.o (i2c_init)
/usr/lib/gcc/arm-none-eabi/14.1.0/thumb/v6-m/nofp/libgcc.a(_thumb1_case_sqi.o)
                              .build/obj_cerakey_nada65panda_default/quantum/keycode_config.o (__gnu_thumb1_case_sqi)
/usr/lib/gcc/arm-none-eabi/14.1.0/thumb/v6-m/nofp/libgcc.a(_thumb1_case_uqi.o)
                              .build/obj_cerakey_nada65panda_default/keyboards/cerakey/nada65panda/nada65panda.o (__gnu_thumb1_case_uqi)
/usr/lib/gcc/arm-none-eabi/14.1.0/thumb/v6-m/nofp/libgcc.a(_thumb1_case_shi.o)
                              .build/obj_cerakey_nada65panda_default/lib/chibios/os/hal/lib/streams/chprintf.o (__gnu_thumb1_case_shi)
/usr/lib/gcc/arm-none-eabi/14.1.0/thumb/v6-m/nofp/libgcc.a(_thumb1_case_uhi.o)
                              .build/obj_cerakey_nada65panda_default/quantum/action.o (__gnu_thumb1_case_uhi)
/usr/lib/gcc/arm-none-eabi/14.1.0/thumb/v6-m/nofp/libgcc.a(_udivsi3.o)
                              .build/obj_cerakey_nada65panda_default/quantum/quantum.o (__aeabi_uidiv)
/usr/lib/gcc/arm-none-eabi/14.1.0/thumb/v6-m/nofp/libgcc.a(_divsi3.o)
                              .build/obj_cerakey_nada65panda_default/quantum/color.o (__aeabi_idiv)
/usr/lib/gcc/arm-none-eabi/14.1.0/thumb/v6-m/nofp/libgcc.a(_dvmd_tls.o)
                              /usr/lib/gcc/arm-none-eabi/14.1.0/thumb/v6-m/nofp/libgcc.a(_udivsi3.o) (__aeabi_idiv0)
/usr/lib/gcc/arm-none-eabi/14.1.0/thumb/v6-m/nofp/libgcc.a(_aeabi_uldivmod.o)
                              .build/obj_cerakey_nada65panda_default/quantum/action.o (__aeabi_uldivmod)
/usr/lib/gcc/arm-none-eabi/14.1.0/thumb/v6-m/nofp/libgcc.a(_muldi3.o)
                              .build/obj_cerakey_nada65panda_default/quantum/action.o (__aeabi_lmul)
/usr/lib/gcc/arm-none-eabi/14.1.0/thumb/v6-m/nofp/libgcc.a(_udivmoddi4.o)
                              /usr/lib/gcc/arm-none-eabi/14.1.0/thumb/v6-m/nofp/libgcc.a(_aeabi_uldivmod.o) (__udivmoddi4)
/usr/lib/gcc/arm-none-eabi/14.1.0/thumb/v6-m/nofp/libgcc.a(_lshrdi3.o)
                              /usr/lib/gcc/arm-none-eabi/14.1.0/thumb/v6-m/nofp/libgcc.a(_udivmoddi4.o) (__aeabi_llsr)
/usr/lib/gcc/arm-none-eabi/14.1.0/thumb/v6-m/nofp/libgcc.a(_ashldi3.o)
                              /usr/lib/gcc/arm-none-eabi/14.1.0/thumb/v6-m/nofp/libgcc.a(_udivmoddi4.o) (__aeabi_llsl)
/usr/lib/gcc/arm-none-eabi/14.1.0/thumb/v6-m/nofp/libgcc.a(_clzdi2.o)
                              /usr/lib/gcc/arm-none-eabi/14.1.0/thumb/v6-m/nofp/libgcc.a(_udivmoddi4.o) (__clzdi2)
/usr/lib/gcc/arm-none-eabi/14.1.0/thumb/v6-m/nofp/libgcc.a(_clzsi2.o)
                              /usr/lib/gcc/arm-none-eabi/14.1.0/thumb/v6-m/nofp/libgcc.a(_clzdi2.o) (__clzsi2)
/usr/lib/gcc/arm-none-eabi/14.1.0/../../../../arm-none-eabi/lib/thumb/v6-m/nofp/libg_nano.a(libc_a-abort.o)
                              .build/obj_cerakey_nada65panda_default/lib/chibios/os/various/syscalls.o (abort)
/usr/lib/gcc/arm-none-eabi/14.1.0/../../../../arm-none-eabi/lib/thumb/v6-m/nofp/libg_nano.a(libc_a-rand.o)
                              .build/obj_cerakey_nada65panda_default/quantum/send_string/send_string.o (rand)
/usr/lib/gcc/arm-none-eabi/14.1.0/../../../../arm-none-eabi/lib/thumb/v6-m/nofp/libg_nano.a(libc_a-ctype_.o)
                              .build/obj_cerakey_nada65panda_default/quantum/send_string/send_string.o (_ctype_)
/usr/lib/gcc/arm-none-eabi/14.1.0/../../../../arm-none-eabi/lib/thumb/v6-m/nofp/libg_nano.a(libc_a-memcmp.o)
                              .build/obj_cerakey_nada65panda_default/quantum/action_util.o (memcmp)
/usr/lib/gcc/arm-none-eabi/14.1.0/../../../../arm-none-eabi/lib/thumb/v6-m/nofp/libg_nano.a(libc_a-memset.o)
                              .build/obj_cerakey_nada65panda_default/quantum/action_tapping.o (memset)
/usr/lib/gcc/arm-none-eabi/14.1.0/../../../../arm-none-eabi/lib/thumb/v6-m/nofp/libg_nano.a(libc_a-signal.o)
                              /usr/lib/gcc/arm-none-eabi/14.1.0/../../../../arm-none-eabi/lib/thumb/v6-m/nofp/libg_nano.a(libc_a-abort.o) (raise)
/usr/lib/gcc/arm-none-eabi/14.1.0/../../../../arm-none-eabi/lib/thumb/v6-m/nofp/libg_nano.a(libc_a-impure.o)
                              /usr/lib/gcc/arm-none-eabi/14.1.0/../../../../arm-none-eabi/lib/thumb/v6-m/nofp/libg_nano.a(libc_a-rand.o) (_impure_ptr)
/usr/lib/gcc/arm-none-eabi/14.1.0/../../../../arm-none-eabi/lib/thumb/v6-m/nofp/libg_nano.a(libc_a-signalr.o)
                              /usr/lib/gcc/arm-none-eabi/14.1.0/../../../../arm-none-eabi/lib/thumb/v6-m/nofp/libg_nano.a(libc_a-signal.o) (_kill_r)
/usr/lib/gcc/arm-none-eabi/14.1.0/../../../../arm-none-eabi/lib/thumb/v6-m/nofp/libg_nano.a(libc_a-errno.o)
                              .build/obj_cerakey_nada65panda_default/platforms/chibios/syscall-fallbacks.o (__errno)
[...]
Memory Configuration

Name             Origin             Length             Attributes
flash0           0x08000000         0x00020000         xr
flash1           0x00000000         0x00000000         xr
flash2           0x00000000         0x00000000         xr
flash3           0x00000000         0x00000000         xr
flash4           0x00000000         0x00000000         xr
flash5           0x00000000         0x00000000         xr
flash6           0x00000000         0x00000000         xr
flash7           0x00000000         0x00000000         xr
ram0             0x20000000         0x00004000         xw
ram1             0x00000000         0x00000000         xw
ram2             0x00000000         0x00000000         xw
ram3             0x00000000         0x00000000         xw
ram4             0x00000000         0x00000000         xw
ram5             0x00000000         0x00000000         xw
ram6             0x00000000         0x00000000         xw
ram7             0x00000000         0x00000000         xw
*default*        0x00000000         0xffffffff

Linker script and memory map

LOAD .build/obj_cerakey_nada65panda_default/keyboards/cerakey/nada65panda/nada65panda.o
LOAD .build/obj_cerakey_nada65panda_default/.build/obj_cerakey_nada65panda_default/src/default_keyboard.o
LOAD .build/obj_cerakey_nada65panda_default/quantum/keymap_introspection.o
LOAD .build/obj_cerakey_nada65panda_default/quantum/quantum.o
LOAD .build/obj_cerakey_nada65panda_default/quantum/bitwise.o
LOAD .build/obj_cerakey_nada65panda_default/quantum/led.o
LOAD .build/obj_cerakey_nada65panda_default/quantum/action.o
LOAD .build/obj_cerakey_nada65panda_default/quantum/action_layer.o
LOAD .build/obj_cerakey_nada65panda_default/quantum/action_tapping.o
LOAD .build/obj_cerakey_nada65panda_default/quantum/action_util.o
LOAD .build/obj_cerakey_nada65panda_default/quantum/eeconfig.o
LOAD .build/obj_cerakey_nada65panda_default/quantum/keyboard.o
LOAD .build/obj_cerakey_nada65panda_default/quantum/keymap_common.o
LOAD .build/obj_cerakey_nada65panda_default/quantum/keycode_config.o
LOAD .build/obj_cerakey_nada65panda_default/quantum/sync_timer.o
LOAD .build/obj_cerakey_nada65panda_default/quantum/logging/debug.o
LOAD .build/obj_cerakey_nada65panda_default/quantum/logging/sendchar.o
LOAD .build/obj_cerakey_nada65panda_default/quantum/logging/print.o
LOAD .build/obj_cerakey_nada65panda_default/quantum/matrix_common.o
LOAD .build/obj_cerakey_nada65panda_default/quantum/matrix.o
LOAD .build/obj_cerakey_nada65panda_default/quantum/debounce/sym_defer_g.o
LOAD .build/obj_cerakey_nada65panda_default/quantum/main.o
LOAD .build/obj_cerakey_nada65panda_default/printf.o
LOAD .build/obj_cerakey_nada65panda_default/eeprom_driver.o
LOAD .build/obj_cerakey_nada65panda_default/eeprom_legacy_emulated_flash.o
LOAD .build/obj_cerakey_nada65panda_default/legacy_flash_ops.o
LOAD .build/obj_cerakey_nada65panda_default/quantum/color.o
LOAD .build/obj_cerakey_nada65panda_default/quantum/rgb_matrix/rgb_matrix.o
LOAD .build/obj_cerakey_nada65panda_default/quantum/rgb_matrix/rgb_matrix_drivers.o
LOAD .build/obj_cerakey_nada65panda_default/quantum/process_keycode/process_rgb.o
LOAD .build/obj_cerakey_nada65panda_default/quantum/led_tables.o
LOAD .build/obj_cerakey_nada65panda_default/lib/lib8tion/lib8tion.o
LOAD .build/obj_cerakey_nada65panda_default/ws2812_bitbang.o
LOAD .build/obj_cerakey_nada65panda_default/quantum/bootmagic/bootmagic.o
LOAD .build/obj_cerakey_nada65panda_default/quantum/deferred_exec.o
LOAD .build/obj_cerakey_nada65panda_default/quantum/dip_switch.o
LOAD .build/obj_cerakey_nada65panda_default/quantum/process_keycode/process_grave_esc.o
LOAD .build/obj_cerakey_nada65panda_default/quantum/process_keycode/process_magic.o
LOAD .build/obj_cerakey_nada65panda_default/quantum/mousekey.o
LOAD .build/obj_cerakey_nada65panda_default/quantum/send_string/send_string.o
LOAD .build/obj_cerakey_nada65panda_default/quantum/process_keycode/process_space_cadet.o
LOAD .build/obj_cerakey_nada65panda_default/protocol/host.o
LOAD .build/obj_cerakey_nada65panda_default/protocol/report.o
LOAD .build/obj_cerakey_nada65panda_default/protocol/usb_device_state.o
LOAD .build/obj_cerakey_nada65panda_default/protocol/usb_util.o
LOAD .build/obj_cerakey_nada65panda_default/platforms/suspend.o
LOAD .build/obj_cerakey_nada65panda_default/platforms/synchronization_util.o
LOAD .build/obj_cerakey_nada65panda_default/platforms/timer.o
LOAD .build/obj_cerakey_nada65panda_default/platforms/chibios/hardware_id.o
LOAD .build/obj_cerakey_nada65panda_default/platforms/chibios/platform.o
LOAD .build/obj_cerakey_nada65panda_default/platforms/chibios/suspend.o
LOAD .build/obj_cerakey_nada65panda_default/platforms/chibios/timer.o
LOAD .build/obj_cerakey_nada65panda_default/platforms/chibios/bootloaders/stm32_dfu.o
LOAD .build/obj_cerakey_nada65panda_default/i2c_master.a
LOAD .build/obj_cerakey_nada65panda_default/./lib/chibios/os/common/startup/ARMCMx/compilers/GCC/crt0_v6m.o
LOAD .build/obj_cerakey_nada65panda_default/./lib/chibios/os/common/startup/ARMCMx/compilers/GCC/vectors.o
LOAD .build/obj_cerakey_nada65panda_default/./lib/chibios/os/common/ports/ARMv6-M/compilers/GCC/chcoreasm.o
LOAD .build/obj_cerakey_nada65panda_default/protocol/chibios/usb_main.o
LOAD .build/obj_cerakey_nada65panda_default/protocol/chibios/chibios.o
LOAD .build/obj_cerakey_nada65panda_default/usb_descriptor.o
LOAD .build/obj_cerakey_nada65panda_default/protocol/chibios/usb_driver.o
LOAD .build/obj_cerakey_nada65panda_default/protocol/chibios/usb_endpoints.o
LOAD .build/obj_cerakey_nada65panda_default/protocol/chibios/usb_report_handling.o
LOAD .build/obj_cerakey_nada65panda_default/protocol/chibios/usb_util.o
LOAD .build/obj_cerakey_nada65panda_default/lib/chibios/os/common/startup/ARMCMx/compilers/GCC/crt1.o
LOAD .build/obj_cerakey_nada65panda_default/lib/chibios/os/rt/src/chsys.o
LOAD .build/obj_cerakey_nada65panda_default/lib/chibios/os/rt/src/chrfcu.o
LOAD .build/obj_cerakey_nada65panda_default/lib/chibios/os/rt/src/chdebug.o
LOAD .build/obj_cerakey_nada65panda_default/lib/chibios/os/rt/src/chtrace.o
LOAD .build/obj_cerakey_nada65panda_default/lib/chibios/os/rt/src/chvt.o
LOAD .build/obj_cerakey_nada65panda_default/lib/chibios/os/rt/src/chschd.o
LOAD .build/obj_cerakey_nada65panda_default/lib/chibios/os/rt/src/chinstances.o
LOAD .build/obj_cerakey_nada65panda_default/lib/chibios/os/rt/src/chthreads.o
LOAD .build/obj_cerakey_nada65panda_default/lib/chibios/os/rt/src/chtm.o
LOAD .build/obj_cerakey_nada65panda_default/lib/chibios/os/rt/src/chstats.o
LOAD .build/obj_cerakey_nada65panda_default/lib/chibios/os/rt/src/chregistry.o
LOAD .build/obj_cerakey_nada65panda_default/lib/chibios/os/rt/src/chsem.o
LOAD .build/obj_cerakey_nada65panda_default/lib/chibios/os/rt/src/chmtx.o
LOAD .build/obj_cerakey_nada65panda_default/lib/chibios/os/rt/src/chcond.o
LOAD .build/obj_cerakey_nada65panda_default/lib/chibios/os/rt/src/chevents.o
LOAD .build/obj_cerakey_nada65panda_default/lib/chibios/os/rt/src/chmsg.o
LOAD .build/obj_cerakey_nada65panda_default/lib/chibios/os/rt/src/chdynamic.o
LOAD .build/obj_cerakey_nada65panda_default/lib/chibios/os/common/ports/ARMv6-M/chcore.o
LOAD .build/obj_cerakey_nada65panda_default/lib/chibios/os/hal/osal/rt-nil/osal.o
LOAD .build/obj_cerakey_nada65panda_default/lib/chibios/os/oslib/src/chmboxes.o
LOAD .build/obj_cerakey_nada65panda_default/lib/chibios/os/oslib/src/chmemcore.o
LOAD .build/obj_cerakey_nada65panda_default/lib/chibios/os/oslib/src/chmemheaps.o
LOAD .build/obj_cerakey_nada65panda_default/lib/chibios/os/oslib/src/chmempools.o
LOAD .build/obj_cerakey_nada65panda_default/lib/chibios/os/oslib/src/chpipes.o
LOAD .build/obj_cerakey_nada65panda_default/lib/chibios/os/oslib/src/chobjcaches.o
LOAD .build/obj_cerakey_nada65panda_default/lib/chibios/os/oslib/src/chdelegates.o
LOAD .build/obj_cerakey_nada65panda_default/lib/chibios/os/oslib/src/chfactory.o
LOAD .build/obj_cerakey_nada65panda_default/lib/chibios/os/hal/src/hal.o
LOAD .build/obj_cerakey_nada65panda_default/lib/chibios/os/hal/src/hal_st.o
LOAD .build/obj_cerakey_nada65panda_default/lib/chibios/os/hal/src/hal_buffers.o
LOAD .build/obj_cerakey_nada65panda_default/lib/chibios/os/hal/src/hal_queues.o
LOAD .build/obj_cerakey_nada65panda_default/lib/chibios/os/hal/src/hal_flash.o
LOAD .build/obj_cerakey_nada65panda_default/lib/chibios/os/hal/src/hal_mmcsd.o
LOAD .build/obj_cerakey_nada65panda_default/lib/chibios/os/hal/src/hal_adc.o
LOAD .build/obj_cerakey_nada65panda_default/lib/chibios/os/hal/src/hal_can.o
LOAD .build/obj_cerakey_nada65panda_default/lib/chibios/os/hal/src/hal_crypto.o
LOAD .build/obj_cerakey_nada65panda_default/lib/chibios/os/hal/src/hal_dac.o
LOAD .build/obj_cerakey_nada65panda_default/lib/chibios/os/hal/src/hal_efl.o
LOAD .build/obj_cerakey_nada65panda_default/lib/chibios/os/hal/src/hal_gpt.o
LOAD .build/obj_cerakey_nada65panda_default/lib/chibios/os/hal/src/hal_i2c.o
LOAD .build/obj_cerakey_nada65panda_default/lib/chibios/os/hal/src/hal_i2s.o
LOAD .build/obj_cerakey_nada65panda_default/lib/chibios/os/hal/src/hal_icu.o
LOAD .build/obj_cerakey_nada65panda_default/lib/chibios/os/hal/src/hal_mac.o
LOAD .build/obj_cerakey_nada65panda_default/lib/chibios/os/hal/src/hal_mmc_spi.o
LOAD .build/obj_cerakey_nada65panda_default/lib/chibios/os/hal/src/hal_pal.o
LOAD .build/obj_cerakey_nada65panda_default/lib/chibios/os/hal/src/hal_pwm.o
LOAD .build/obj_cerakey_nada65panda_default/lib/chibios/os/hal/src/hal_rtc.o
LOAD .build/obj_cerakey_nada65panda_default/lib/chibios/os/hal/src/hal_sdc.o
LOAD .build/obj_cerakey_nada65panda_default/lib/chibios/os/hal/src/hal_serial.o
LOAD .build/obj_cerakey_nada65panda_default/lib/chibios/os/hal/src/hal_serial_usb.o
LOAD .build/obj_cerakey_nada65panda_default/lib/chibios/os/hal/src/hal_sio.o
LOAD .build/obj_cerakey_nada65panda_default/lib/chibios/os/hal/src/hal_spi.o
LOAD .build/obj_cerakey_nada65panda_default/lib/chibios/os/hal/src/hal_trng.o
LOAD .build/obj_cerakey_nada65panda_default/lib/chibios/os/hal/src/hal_uart.o
LOAD .build/obj_cerakey_nada65panda_default/lib/chibios/os/hal/src/hal_usb.o
LOAD .build/obj_cerakey_nada65panda_default/lib/chibios/os/hal/src/hal_wdg.o
LOAD .build/obj_cerakey_nada65panda_default/lib/chibios/os/hal/src/hal_wspi.o
LOAD .build/obj_cerakey_nada65panda_default/lib/chibios/os/hal/ports/common/ARMCMx/nvic.o
LOAD .build/obj_cerakey_nada65panda_default/lib/chibios/os/hal/ports/STM32/STM32F0xx/stm32_isr.o
LOAD .build/obj_cerakey_nada65panda_default/lib/chibios/os/hal/ports/STM32/STM32F0xx/hal_lld.o
LOAD .build/obj_cerakey_nada65panda_default/lib/chibios/os/hal/ports/STM32/STM32F0xx/hal_efl_lld.o
LOAD .build/obj_cerakey_nada65panda_default/lib/chibios/os/hal/ports/STM32/LLD/ADCv1/hal_adc_lld.o
LOAD .build/obj_cerakey_nada65panda_default/lib/chibios/os/hal/ports/STM32/LLD/CANv1/hal_can_lld.o
LOAD .build/obj_cerakey_nada65panda_default/lib/chibios/os/hal/ports/STM32/LLD/DACv1/hal_dac_lld.o
LOAD .build/obj_cerakey_nada65panda_default/lib/chibios/os/hal/ports/STM32/LLD/DMAv1/stm32_dma.o
LOAD .build/obj_cerakey_nada65panda_default/lib/chibios/os/hal/ports/STM32/LLD/EXTIv1/stm32_exti.o
LOAD .build/obj_cerakey_nada65panda_default/lib/chibios/os/hal/ports/STM32/LLD/GPIOv2/hal_pal_lld.o
LOAD .build/obj_cerakey_nada65panda_default/lib/chibios/os/hal/ports/STM32/LLD/I2Cv2/hal_i2c_lld.o
LOAD .build/obj_cerakey_nada65panda_default/lib/chibios/os/hal/ports/STM32/LLD/RTCv2/hal_rtc_lld.o
LOAD .build/obj_cerakey_nada65panda_default/lib/chibios/os/hal/ports/STM32/LLD/SPIv2/hal_i2s_lld.o
LOAD .build/obj_cerakey_nada65panda_default/lib/chibios/os/hal/ports/STM32/LLD/SPIv2/hal_spi_v2_lld.o
LOAD .build/obj_cerakey_nada65panda_default/lib/chibios/os/hal/ports/STM32/LLD/SYSTICKv1/hal_st_lld.o
LOAD .build/obj_cerakey_nada65panda_default/lib/chibios/os/hal/ports/STM32/LLD/TIMv1/hal_gpt_lld.o
LOAD .build/obj_cerakey_nada65panda_default/lib/chibios/os/hal/ports/STM32/LLD/TIMv1/hal_icu_lld.o
LOAD .build/obj_cerakey_nada65panda_default/lib/chibios/os/hal/ports/STM32/LLD/TIMv1/hal_pwm_lld.o
LOAD .build/obj_cerakey_nada65panda_default/lib/chibios/os/hal/ports/STM32/LLD/USARTv2/hal_serial_lld.o
LOAD .build/obj_cerakey_nada65panda_default/lib/chibios/os/hal/ports/STM32/LLD/USARTv2/hal_sio_lld.o
LOAD .build/obj_cerakey_nada65panda_default/lib/chibios/os/hal/ports/STM32/LLD/USARTv2/hal_uart_lld.o
LOAD .build/obj_cerakey_nada65panda_default/lib/chibios/os/hal/ports/STM32/LLD/USBv1/hal_usb_lld.o
LOAD .build/obj_cerakey_nada65panda_default/lib/chibios/os/hal/ports/STM32/LLD/xWDGv1/hal_wdg_lld.o
LOAD .build/obj_cerakey_nada65panda_default/lib/chibios/os/hal/boards/ST_NUCLEO64_F072RB/board.o
LOAD .build/obj_cerakey_nada65panda_default/lib/chibios/os/hal/lib/streams/chprintf.o
LOAD .build/obj_cerakey_nada65panda_default/lib/chibios/os/hal/lib/streams/chscanf.o
LOAD .build/obj_cerakey_nada65panda_default/lib/chibios/os/hal/lib/streams/memstreams.o
LOAD .build/obj_cerakey_nada65panda_default/lib/chibios/os/hal/lib/streams/nullstreams.o
LOAD .build/obj_cerakey_nada65panda_default/lib/chibios/os/hal/lib/streams/bufstreams.o
LOAD .build/obj_cerakey_nada65panda_default/lib/chibios/os/various/syscalls.o
LOAD .build/obj_cerakey_nada65panda_default/platforms/chibios/syscall-fallbacks.o
LOAD .build/obj_cerakey_nada65panda_default/platforms/chibios/wait.o
LOAD .build/obj_cerakey_nada65panda_default/platforms/chibios/synchronization_util.o
LOAD .build/obj_cerakey_nada65panda_default/platforms/chibios/interrupt_handlers.o
                0x00000800                        __process_stack_size__ = 0x800
                0x00000400                        __main_stack_size__ = 0x400
LOAD /usr/lib/gcc/arm-none-eabi/14.1.0/../../../../arm-none-eabi/lib/thumb/v6-m/nofp/libm.a
START GROUP
LOAD /usr/lib/gcc/arm-none-eabi/14.1.0/thumb/v6-m/nofp/libgcc.a
LOAD /usr/lib/gcc/arm-none-eabi/14.1.0/../../../../arm-none-eabi/lib/thumb/v6-m/nofp/libg_nano.a
LOAD /usr/lib/gcc/arm-none-eabi/14.1.0/../../../../arm-none-eabi/lib/thumb/v6-m/nofp/libc_nano.a
END GROUP
START GROUP
LOAD /usr/lib/gcc/arm-none-eabi/14.1.0/thumb/v6-m/nofp/libgcc.a
LOAD /usr/lib/gcc/arm-none-eabi/14.1.0/../../../../arm-none-eabi/lib/thumb/v6-m/nofp/libc_nano.a
END GROUP

.mstack         0x20000000      0x400
                0x20000000                        . = ALIGN (0x8)
                0x20000000                        __main_stack_base__ = .
                0x20000400                        . = (. + __main_stack_size__)
 *fill*         0x20000000      0x400 
                0x20000400                        . = ALIGN (0x8)
                0x20000400                        __main_stack_end__ = .

.pstack         0x20000400      0x800
                0x20000400                        . = ALIGN (0x8)
                0x20000400                        __process_stack_base__ = .
                0x20000400                        __main_thread_stack_base__ = .
                0x20000c00                        . = (. + __process_stack_size__)
 *fill*         0x20000400      0x800 
                0x20000c00                        . = ALIGN (0x8)
                0x20000c00                        __process_stack_end__ = .
                0x20000c00                        __main_thread_stack_end__ = .

.vectors        0x08000000       0xc0
                0x08000000                        __textvectors_base__ = LOADADDR (.vectors)
                0x08000000                        __vectors_base__ = .
 *(.vectors)
 .vectors       0x08000000       0xc0 .build/obj_cerakey_nada65panda_default/./lib/chibios/os/common/startup/ARMCMx/compilers/GCC/vectors.o
                0x08000000                _vectors
                0x080000c0                        __vectors_end__ = .

.xtors          0x080000c0        0x0
                0x080000c0                        __init_array_base__ = .
 *(SORT_BY_NAME(.init_array.*))
 *(.init_array)
                0x080000c0                        __init_array_end__ = .
                0x080000c0                        __fini_array_base__ = .
 *(.fini_array)
 *(SORT_BY_NAME(.fini_array.*))
                0x080000c0                        __fini_array_end__ = .

.text           0x080000c0     0x823c
                0x080000c0                        __text_base__ = .
 *(.text)
 .text          0x080000c0       0xd0 .build/obj_cerakey_nada65panda_default/./lib/chibios/os/common/startup/ARMCMx/compilers/GCC/crt0_v6m.o
                0x080000c0                _crt0_entry
 .text          0x08000190        0x8 .build/obj_cerakey_nada65panda_default/./lib/chibios/os/common/startup/ARMCMx/compilers/GCC/vectors.o
                0x08000190                Reset_Handler
                0x08000192                Vector58
                0x08000192                VectorAC
                0x08000192                DebugMon_Handler
                0x08000192                Vector5C
                0x08000192                HardFault_Handler
                0x08000192                Vector8C
                0x08000192                SysTick_Handler
                0x08000192                PendSV_Handler
                0x08000192                Vector94
                0x08000192                VectorA8
                0x08000192                VectorB4
                0x08000192                Vector74
                0x08000192                UsageFault_Handler
                0x08000192                Vector40
                0x08000192                Vector54
                0x08000192                Vector98
                0x08000192                Vector24
                0x08000192                Vector84
                0x08000192                SecureFault_Handler
                0x08000192                MemManage_Handler
                0x08000192                VectorA0
                0x08000192                SVC_Handler
                0x08000192                VectorB0
                0x08000192                Vector90
                0x08000192                Vector60
                0x08000192                Vector48
                0x08000192                Vector70
                0x08000192                Vector4C
                0x08000192                Vector78
                0x08000192                Vector88
                0x08000192                BusFault_Handler
                0x08000192                Vector50
                0x08000192                Vector44
                0x08000192                Vector28
                0x08000192                VectorB8
                0x08000192                Vector34
                0x08000192                VectorA4
                0x08000192                Vector20
                0x08000196                _unhandled_exception
 .text          0x08000198       0x44 .build/obj_cerakey_nada65panda_default/./lib/chibios/os/common/ports/ARMv6-M/compilers/GCC/chcoreasm.o
                0x08000198                __port_switch
                0x080001b8                __port_thread_start
                0x080001c6                __port_switch_from_isr
                0x080001ca                __port_exit_from_isr
 .text          0x080001dc       0x14 /usr/lib/gcc/arm-none-eabi/14.1.0/thumb/v6-m/nofp/libgcc.a(_thumb1_case_sqi.o)
                0x080001dc                __gnu_thumb1_case_sqi
 .text          0x080001f0       0x14 /usr/lib/gcc/arm-none-eabi/14.1.0/thumb/v6-m/nofp/libgcc.a(_thumb1_case_uqi.o)
                0x080001f0                __gnu_thumb1_case_uqi
 .text          0x08000204       0x14 /usr/lib/gcc/arm-none-eabi/14.1.0/thumb/v6-m/nofp/libgcc.a(_thumb1_case_uhi.o)
                0x08000204                __gnu_thumb1_case_uhi
 .text          0x08000218       0x8c /usr/lib/gcc/arm-none-eabi/14.1.0/thumb/v6-m/nofp/libgcc.a(_udivsi3.o)
                0x08000218                __udivsi3
                0x08000218                __aeabi_uidiv
                0x08000290                __aeabi_uidivmod
 .text          0x080002a4       0xa8 /usr/lib/gcc/arm-none-eabi/14.1.0/thumb/v6-m/nofp/libgcc.a(_divsi3.o)
                0x080002a4                __aeabi_idiv
                0x080002a4                __divsi3
                0x08000338                __aeabi_idivmod
 .text          0x0800034c        0x4 /usr/lib/gcc/arm-none-eabi/14.1.0/thumb/v6-m/nofp/libgcc.a(_dvmd_tls.o)
                0x0800034c                __aeabi_ldiv0
                0x0800034c                __aeabi_idiv0
 .text          0x08000350       0x40 /usr/lib/gcc/arm-none-eabi/14.1.0/thumb/v6-m/nofp/libgcc.a(_aeabi_uldivmod.o)
                0x08000350                __aeabi_uldivmod
 .text          0x08000390       0x18 /usr/lib/gcc/arm-none-eabi/14.1.0/thumb/v6-m/nofp/libgcc.a(_lshrdi3.o)
                0x08000390                __aeabi_llsr
                0x08000390                __lshrdi3
 .text          0x080003a8       0x18 /usr/lib/gcc/arm-none-eabi/14.1.0/thumb/v6-m/nofp/libgcc.a(_ashldi3.o)
                0x080003a8                __ashldi3
                0x080003a8                __aeabi_llsl
 .text          0x080003c0       0x18 /usr/lib/gcc/arm-none-eabi/14.1.0/thumb/v6-m/nofp/libgcc.a(_clzdi2.o)
                0x080003c0                __clzdi2
 .text          0x080003d8       0x3c /usr/lib/gcc/arm-none-eabi/14.1.0/thumb/v6-m/nofp/libgcc.a(_clzsi2.o)
                0x080003d8                __clzsi2
 *(.text.*)
 .text.loop_10Hz
                0x08000414       0xec .build/obj_cerakey_nada65panda_default/keyboards/cerakey/nada65panda/nada65panda.o
                0x08000414                loop_10Hz
 .text.eeconfig_init_kb
                0x08000500       0x18 .build/obj_cerakey_nada65panda_default/keyboards/cerakey/nada65panda/nada65panda.o
                0x08000500                eeconfig_init_kb
 .text.keyboard_pre_init_kb
                0x08000518        0xc .build/obj_cerakey_nada65panda_default/keyboards/cerakey/nada65panda/nada65panda.o
                0x08000518                keyboard_pre_init_kb
 .text.keyboard_post_init_kb
                0x08000524       0xd8 .build/obj_cerakey_nada65panda_default/keyboards/cerakey/nada65panda/nada65panda.o
                0x08000524                keyboard_post_init_kb
 .text.process_record_kb
                0x080005fc      0x1b4 .build/obj_cerakey_nada65panda_default/keyboards/cerakey/nada65panda/nada65panda.o
                0x080005fc                process_record_kb
 .text.process_record_user
                0x080007b0       0x40 .build/obj_cerakey_nada65panda_default/quantum/keymap_introspection.o
                0x080007b0                process_record_user
 .text.rgb_matrix_indicators_user
                0x080007f0       0x5c .build/obj_cerakey_nada65panda_default/quantum/keymap_introspection.o
                0x080007f0                rgb_matrix_indicators_user
 .text.dip_switch_update_user
                0x0800084c       0x20 .build/obj_cerakey_nada65panda_default/quantum/keymap_introspection.o
                0x0800084c                dip_switch_update_user
 .text.default_layer_state_set_user
                0x0800086c       0x30 .build/obj_cerakey_nada65panda_default/quantum/keymap_introspection.o
                0x0800086c                default_layer_state_set_user
 .text.keycode_at_keymap_location_raw
                0x0800089c       0x2c .build/obj_cerakey_nada65panda_default/quantum/keymap_introspection.o
                0x0800089c                keycode_at_keymap_location_raw
 .text.keycode_at_keymap_location
                0x080008c8        0x8 .build/obj_cerakey_nada65panda_default/quantum/keymap_introspection.o
                0x080008c8                keycode_at_keymap_location
 .text.pre_process_record_user
                0x080008d0        0x4 .build/obj_cerakey_nada65panda_default/quantum/quantum.o
                0x080008d0                pre_process_record_user
 .text.pre_process_record_kb
                0x080008d4        0x8 .build/obj_cerakey_nada65panda_default/quantum/quantum.o
                0x080008d4                pre_process_record_kb
 .text.process_action_kb
                0x080008dc        0x4 .build/obj_cerakey_nada65panda_default/quantum/quantum.o
                0x080008dc                process_action_kb
 .text.post_process_record_user
                0x080008e0        0x2 .build/obj_cerakey_nada65panda_default/quantum/quantum.o
                0x080008e0                post_process_record_user
 .text.post_process_record_kb
                0x080008e2        0x8 .build/obj_cerakey_nada65panda_default/quantum/quantum.o
                0x080008e2                post_process_record_kb
 *fill*         0x080008ea        0x2 
 .text.get_event_keycode
                0x080008ec       0x4c .build/obj_cerakey_nada65panda_default/quantum/quantum.o
                0x080008ec                get_event_keycode
 .text.get_record_keycode
                0x08000938       0x16 .build/obj_cerakey_nada65panda_default/quantum/quantum.o
                0x08000938                get_record_keycode
 .text.pre_process_record_quantum
                0x0800094e       0x12 .build/obj_cerakey_nada65panda_default/quantum/quantum.o
                0x0800094e                pre_process_record_quantum
 .text.post_process_record_quantum
                0x08000960       0x12 .build/obj_cerakey_nada65panda_default/quantum/quantum.o
                0x08000960                post_process_record_quantum
 .text.shutdown_user
                0x08000972        0x4 .build/obj_cerakey_nada65panda_default/quantum/quantum.o
                0x08000972                shutdown_user
 .text.shutdown_kb
                0x08000976        0x8 .build/obj_cerakey_nada65panda_default/quantum/quantum.o
                0x08000976                shutdown_kb
 *fill*         0x0800097e        0x2 
 .text.shutdown_quantum
                0x08000980       0x1c .build/obj_cerakey_nada65panda_default/quantum/quantum.o
                0x08000980                shutdown_quantum
 .text.reset_keyboard
                0x0800099c        0xe .build/obj_cerakey_nada65panda_default/quantum/quantum.o
                0x0800099c                reset_keyboard
 .text.soft_reset_keyboard
                0x080009aa        0xe .build/obj_cerakey_nada65panda_default/quantum/quantum.o
                0x080009aa                soft_reset_keyboard
 .text.process_record_quantum
                0x080009b8       0xb4 .build/obj_cerakey_nada65panda_default/quantum/quantum.o
                0x080009b8                process_record_quantum
 .text.suspend_power_down_quantum
                0x08000a6c        0x8 .build/obj_cerakey_nada65panda_default/quantum/quantum.o
                0x08000a6c                suspend_power_down_quantum
 .text.suspend_wakeup_init_quantum
                0x08000a74       0x12 .build/obj_cerakey_nada65panda_default/quantum/quantum.o
                0x08000a74                suspend_wakeup_init_quantum
 .text.biton16  0x08000a86       0x26 .build/obj_cerakey_nada65panda_default/quantum/bitwise.o
                0x08000a86                biton16
 .text.led_update_user
                0x08000aac        0x4 .build/obj_cerakey_nada65panda_default/quantum/led.o
                0x08000aac                led_update_user
 .text.led_update_ports
                0x08000ab0        0x2 .build/obj_cerakey_nada65panda_default/quantum/led.o
                0x08000ab0                led_update_ports
 .text.led_update_kb
                0x08000ab2       0x16 .build/obj_cerakey_nada65panda_default/quantum/led.o
                0x08000ab2                led_update_kb
 .text.led_init_ports
                0x08000ac8        0x2 .build/obj_cerakey_nada65panda_default/quantum/led.o
                0x08000ac8                led_init_ports
 .text.led_set  0x08000aca        0x8 .build/obj_cerakey_nada65panda_default/quantum/led.o
                0x08000aca                led_set
 .text.led_wakeup
                0x08000ad2        0xc .build/obj_cerakey_nada65panda_default/quantum/led.o
                0x08000ad2                led_wakeup
 *fill*         0x08000ade        0x2 
 .text.led_task
                0x08000ae0       0x2c .build/obj_cerakey_nada65panda_default/quantum/led.o
                0x08000ae0                led_task
 .text.action_exec
                0x08000b0c       0x44 .build/obj_cerakey_nada65panda_default/quantum/action.o
                0x08000b0c                action_exec
 .text.process_record_tap_hint
                0x08000b50       0x10 .build/obj_cerakey_nada65panda_default/quantum/action.o
                0x08000b50                process_record_tap_hint
 .text.register_mouse
                0x08000b60       0x16 .build/obj_cerakey_nada65panda_default/quantum/action.o
                0x08000b60                register_mouse
 *fill*         0x08000b76        0x2 
 .text.register_code
                0x08000b78       0x88 .build/obj_cerakey_nada65panda_default/quantum/action.o
                0x08000b78                register_code
 .text.unregister_code
                0x08000c00       0x6a .build/obj_cerakey_nada65panda_default/quantum/action.o
                0x08000c00                unregister_code
 *fill*         0x08000c6a        0x2 
 .text.tap_code_delay
                0x08000c6c       0x44 .build/obj_cerakey_nada65panda_default/quantum/action.o
                0x08000c6c                tap_code_delay
 .text.tap_code
                0x08000cb0       0x10 .build/obj_cerakey_nada65panda_default/quantum/action.o
                0x08000cb0                tap_code
 .text.register_mods
                0x08000cc0       0x10 .build/obj_cerakey_nada65panda_default/quantum/action.o
                0x08000cc0                register_mods
 .text.unregister_mods
                0x08000cd0       0x10 .build/obj_cerakey_nada65panda_default/quantum/action.o
                0x08000cd0                unregister_mods
 .text.process_action
                0x08000ce0      0x3b4 .build/obj_cerakey_nada65panda_default/quantum/action.o
                0x08000ce0                process_action
 .text.process_record_handler
                0x08001094       0x20 .build/obj_cerakey_nada65panda_default/quantum/action.o
                0x08001094                process_record_handler
 .text.process_record
                0x080010b4       0x44 .build/obj_cerakey_nada65panda_default/quantum/action.o
                0x080010b4                process_record
 .text.clear_keyboard_but_mods_and_keys
                0x080010f8       0x20 .build/obj_cerakey_nada65panda_default/quantum/action.o
                0x080010f8                clear_keyboard_but_mods_and_keys
 .text.clear_keyboard_but_mods
                0x08001118        0xc .build/obj_cerakey_nada65panda_default/quantum/action.o
                0x08001118                clear_keyboard_but_mods
 .text.clear_keyboard
                0x08001124        0xc .build/obj_cerakey_nada65panda_default/quantum/action.o
                0x08001124                clear_keyboard
 .text.is_tap_action
                0x08001130       0x50 .build/obj_cerakey_nada65panda_default/quantum/action.o
                0x08001130                is_tap_action
 .text.is_tap_record
                0x08001180       0x18 .build/obj_cerakey_nada65panda_default/quantum/action.o
                0x08001180                is_tap_record
 .text.debug_event
                0x08001198        0x6 .build/obj_cerakey_nada65panda_default/quantum/action.o
                0x08001198                debug_event
 .text.debug_record
                0x0800119e        0x6 .build/obj_cerakey_nada65panda_default/quantum/action.o
                0x0800119e                debug_record
 .text.default_layer_state_set_kb
                0x080011a4        0x8 .build/obj_cerakey_nada65panda_default/quantum/action_layer.o
                0x080011a4                default_layer_state_set_kb
 .text.default_layer_state_set
                0x080011ac       0x10 .build/obj_cerakey_nada65panda_default/quantum/action_layer.o
 .text.default_layer_debug
                0x080011bc        0x2 .build/obj_cerakey_nada65panda_default/quantum/action_layer.o
                0x080011bc                default_layer_debug
 .text.default_layer_set
                0x080011be        0x8 .build/obj_cerakey_nada65panda_default/quantum/action_layer.o
                0x080011be                default_layer_set
 *fill*         0x080011c6        0x2 
 .text.default_layer_or
                0x080011c8       0x14 .build/obj_cerakey_nada65panda_default/quantum/action_layer.o
                0x080011c8                default_layer_or
 .text.default_layer_and
                0x080011dc       0x14 .build/obj_cerakey_nada65panda_default/quantum/action_layer.o
                0x080011dc                default_layer_and
 .text.default_layer_xor
                0x080011f0       0x14 .build/obj_cerakey_nada65panda_default/quantum/action_layer.o
                0x080011f0                default_layer_xor
 .text.layer_state_set_user
                0x08001204        0x2 .build/obj_cerakey_nada65panda_default/quantum/action_layer.o
                0x08001204                layer_state_set_user
 .text.layer_state_set_kb
                0x08001206        0x8 .build/obj_cerakey_nada65panda_default/quantum/action_layer.o
                0x08001206                layer_state_set_kb
 *fill*         0x0800120e        0x2 
 .text.layer_state_set
                0x08001210       0x10 .build/obj_cerakey_nada65panda_default/quantum/action_layer.o
                0x08001210                layer_state_set
 .text.layer_clear
                0x08001220        0xa .build/obj_cerakey_nada65panda_default/quantum/action_layer.o
                0x08001220                layer_clear
 .text.layer_move
                0x0800122a        0xe .build/obj_cerakey_nada65panda_default/quantum/action_layer.o
                0x0800122a                layer_move
 .text.layer_on
                0x08001238       0x18 .build/obj_cerakey_nada65panda_default/quantum/action_layer.o
                0x08001238                layer_on
 .text.layer_off
                0x08001250       0x18 .build/obj_cerakey_nada65panda_default/quantum/action_layer.o
                0x08001250                layer_off
 .text.layer_invert
                0x08001268       0x18 .build/obj_cerakey_nada65panda_default/quantum/action_layer.o
                0x08001268                layer_invert
 .text.layer_or
                0x08001280       0x14 .build/obj_cerakey_nada65panda_default/quantum/action_layer.o
                0x08001280                layer_or
 .text.layer_and
                0x08001294       0x14 .build/obj_cerakey_nada65panda_default/quantum/action_layer.o
                0x08001294                layer_and
 .text.layer_xor
                0x080012a8       0x14 .build/obj_cerakey_nada65panda_default/quantum/action_layer.o
                0x080012a8                layer_xor
 .text.layer_debug
                0x080012bc        0x2 .build/obj_cerakey_nada65panda_default/quantum/action_layer.o
                0x080012bc                layer_debug
 .text.update_source_layers_cache_impl
                0x080012be       0x30 .build/obj_cerakey_nada65panda_default/quantum/action_layer.o
                0x080012be                update_source_layers_cache_impl
 .text.read_source_layers_cache_impl
                0x080012ee       0x26 .build/obj_cerakey_nada65panda_default/quantum/action_layer.o
                0x080012ee                read_source_layers_cache_impl
 .text.update_source_layers_cache
                0x08001314       0x28 .build/obj_cerakey_nada65panda_default/quantum/action_layer.o
                0x08001314                update_source_layers_cache
 .text.read_source_layers_cache
                0x0800133c       0x28 .build/obj_cerakey_nada65panda_default/quantum/action_layer.o
                0x0800133c                read_source_layers_cache
 .text.layer_switch_get_layer
                0x08001364       0x44 .build/obj_cerakey_nada65panda_default/quantum/action_layer.o
                0x08001364                layer_switch_get_layer
 .text.layer_switch_get_action
                0x080013a8       0x14 .build/obj_cerakey_nada65panda_default/quantum/action_layer.o
                0x080013a8                layer_switch_get_action
 .text.store_or_get_action
                0x080013bc       0x44 .build/obj_cerakey_nada65panda_default/quantum/action_layer.o
                0x080013bc                store_or_get_action
 .text.debug_waiting_buffer
                0x08001400       0x40 .build/obj_cerakey_nada65panda_default/quantum/action_tapping.o
 .text.debug_tapping_key
                0x08001440       0x20 .build/obj_cerakey_nada65panda_default/quantum/action_tapping.o
 .text.waiting_buffer_scan_tap
                0x08001460       0x7c .build/obj_cerakey_nada65panda_default/quantum/action_tapping.o
 .text.waiting_buffer_typed.isra.0
                0x080014dc       0x48 .build/obj_cerakey_nada65panda_default/quantum/action_tapping.o
 .text.process_tapping
                0x08001524      0x230 .build/obj_cerakey_nada65panda_default/quantum/action_tapping.o
 .text.action_tapping_process
                0x08001754       0xb8 .build/obj_cerakey_nada65panda_default/quantum/action_tapping.o
                0x08001754                action_tapping_process
 .text.get_oneshot_layer
                0x0800180c        0xc .build/obj_cerakey_nada65panda_default/quantum/action_util.o
                0x0800180c                get_oneshot_layer
 .text.get_oneshot_layer_state
                0x08001818       0x10 .build/obj_cerakey_nada65panda_default/quantum/action_util.o
                0x08001818                get_oneshot_layer_state
 .text.is_oneshot_layer_active
                0x08001828       0x14 .build/obj_cerakey_nada65panda_default/quantum/action_util.o
                0x08001828                is_oneshot_layer_active
 .text.get_mods
                0x0800183c        0xc .build/obj_cerakey_nada65panda_default/quantum/action_util.o
                0x0800183c                get_mods
 .text.add_mods
                0x08001848       0x10 .build/obj_cerakey_nada65panda_default/quantum/action_util.o
                0x08001848                add_mods
 .text.del_mods
                0x08001858       0x10 .build/obj_cerakey_nada65panda_default/quantum/action_util.o
                0x08001858                del_mods
 .text.clear_mods
                0x08001868        0xc .build/obj_cerakey_nada65panda_default/quantum/action_util.o
                0x08001868                clear_mods
 .text.add_weak_mods
                0x08001874       0x10 .build/obj_cerakey_nada65panda_default/quantum/action_util.o
                0x08001874                add_weak_mods
 .text.del_weak_mods
                0x08001884       0x10 .build/obj_cerakey_nada65panda_default/quantum/action_util.o
                0x08001884                del_weak_mods
 .text.clear_weak_mods
                0x08001894        0xc .build/obj_cerakey_nada65panda_default/quantum/action_util.o
                0x08001894                clear_weak_mods
 .text.oneshot_locked_mods_changed_user
                0x080018a0        0x2 .build/obj_cerakey_nada65panda_default/quantum/action_util.o
                0x080018a0                oneshot_locked_mods_changed_user
 .text.oneshot_locked_mods_changed_kb
                0x080018a2        0x8 .build/obj_cerakey_nada65panda_default/quantum/action_util.o
                0x080018a2                oneshot_locked_mods_changed_kb
 *fill*         0x080018aa        0x2 
 .text.del_oneshot_locked_mods
                0x080018ac       0x1c .build/obj_cerakey_nada65panda_default/quantum/action_util.o
                0x080018ac                del_oneshot_locked_mods
 .text.oneshot_mods_changed_user
                0x080018c8        0x2 .build/obj_cerakey_nada65panda_default/quantum/action_util.o
                0x080018c8                oneshot_mods_changed_user
 .text.oneshot_mods_changed_kb
                0x080018ca        0x8 .build/obj_cerakey_nada65panda_default/quantum/action_util.o
                0x080018ca                oneshot_mods_changed_kb
 *fill*         0x080018d2        0x2 
 .text.add_oneshot_mods
                0x080018d4       0x1c .build/obj_cerakey_nada65panda_default/quantum/action_util.o
                0x080018d4                add_oneshot_mods
 .text.del_oneshot_mods
                0x080018f0       0x1c .build/obj_cerakey_nada65panda_default/quantum/action_util.o
                0x080018f0                del_oneshot_mods
 .text.clear_oneshot_mods
                0x0800190c       0x18 .build/obj_cerakey_nada65panda_default/quantum/action_util.o
                0x0800190c                clear_oneshot_mods
 .text.get_mods_for_report
                0x08001924       0x34 .build/obj_cerakey_nada65panda_default/quantum/action_util.o
 .text.send_6kro_report
                0x08001958       0x38 .build/obj_cerakey_nada65panda_default/quantum/action_util.o
                0x08001958                send_6kro_report
 .text.send_nkro_report
                0x08001990       0x38 .build/obj_cerakey_nada65panda_default/quantum/action_util.o
                0x08001990                send_nkro_report
 .text.send_keyboard_report
                0x080019c8       0x28 .build/obj_cerakey_nada65panda_default/quantum/action_util.o
                0x080019c8                send_keyboard_report
 .text.oneshot_layer_changed_user
                0x080019f0        0x2 .build/obj_cerakey_nada65panda_default/quantum/action_util.o
                0x080019f0                oneshot_layer_changed_user
 .text.oneshot_layer_changed_kb
                0x080019f2        0x8 .build/obj_cerakey_nada65panda_default/quantum/action_util.o
                0x080019f2                oneshot_layer_changed_kb
 *fill*         0x080019fa        0x2 
 .text.set_oneshot_layer
                0x080019fc       0x30 .build/obj_cerakey_nada65panda_default/quantum/action_util.o
                0x080019fc                set_oneshot_layer
 .text.reset_oneshot_layer
                0x08001a2c       0x14 .build/obj_cerakey_nada65panda_default/quantum/action_util.o
                0x08001a2c                reset_oneshot_layer
 .text.clear_oneshot_layer_state
                0x08001a40       0x30 .build/obj_cerakey_nada65panda_default/quantum/action_util.o
                0x08001a40                clear_oneshot_layer_state
 .text.oneshot_set
                0x08001a70       0x30 .build/obj_cerakey_nada65panda_default/quantum/action_util.o
                0x08001a70                oneshot_set
 .text.oneshot_toggle
                0x08001aa0       0x18 .build/obj_cerakey_nada65panda_default/quantum/action_util.o
                0x08001aa0                oneshot_toggle
 .text.oneshot_enable
                0x08001ab8        0xa .build/obj_cerakey_nada65panda_default/quantum/action_util.o
                0x08001ab8                oneshot_enable
 .text.oneshot_disable
                0x08001ac2        0xa .build/obj_cerakey_nada65panda_default/quantum/action_util.o
                0x08001ac2                oneshot_disable
 .text.eeconfig_disable
                0x08001acc       0x18 .build/obj_cerakey_nada65panda_default/quantum/eeconfig.o
                0x08001acc                eeconfig_disable
 .text.eeconfig_is_enabled
                0x08001ae4       0x18 .build/obj_cerakey_nada65panda_default/quantum/eeconfig.o
                0x08001ae4                eeconfig_is_enabled
 .text.eeconfig_read_debug
                0x08001afc        0xa .build/obj_cerakey_nada65panda_default/quantum/eeconfig.o
                0x08001afc                eeconfig_read_debug
 .text.eeconfig_read_default_layer
                0x08001b06        0xa .build/obj_cerakey_nada65panda_default/quantum/eeconfig.o
                0x08001b06                eeconfig_read_default_layer
 .text.eeconfig_read_keymap
                0x08001b10        0xa .build/obj_cerakey_nada65panda_default/quantum/eeconfig.o
                0x08001b10                eeconfig_read_keymap
 .text.eeconfig_update_keymap
                0x08001b1a        0xc .build/obj_cerakey_nada65panda_default/quantum/eeconfig.o
                0x08001b1a                eeconfig_update_keymap
 .text.eeconfig_read_user
                0x08001b26        0xa .build/obj_cerakey_nada65panda_default/quantum/eeconfig.o
                0x08001b26                eeconfig_read_user
 .text.eeconfig_update_user
                0x08001b30        0xc .build/obj_cerakey_nada65panda_default/quantum/eeconfig.o
                0x08001b30                eeconfig_update_user
 .text.eeconfig_init_quantum
                0x08001b3c       0x88 .build/obj_cerakey_nada65panda_default/quantum/eeconfig.o
                0x08001b3c                eeconfig_init_quantum
 .text.eeconfig_init
                0x08001bc4        0x8 .build/obj_cerakey_nada65panda_default/quantum/eeconfig.o
                0x08001bc4                eeconfig_init
 .text.eeconfig_update_handedness
                0x08001bcc        0xc .build/obj_cerakey_nada65panda_default/quantum/eeconfig.o
                0x08001bcc                eeconfig_update_handedness
 .text.generate_tick_event
                0x08001bd8       0x30 .build/obj_cerakey_nada65panda_default/quantum/keyboard.o
 .text.last_matrix_activity_trigger
                0x08001c08       0x18 .build/obj_cerakey_nada65panda_default/quantum/keyboard.o
                0x08001c08                last_matrix_activity_trigger
 .text.matrix_setup
                0x08001c20        0x2 .build/obj_cerakey_nada65panda_default/quantum/keyboard.o
                0x08001c20                matrix_setup
 .text.keyboard_pre_init_user
                0x08001c22        0x2 .build/obj_cerakey_nada65panda_default/quantum/keyboard.o
                0x08001c22                keyboard_pre_init_user
 .text.keyboard_post_init_user
                0x08001c24        0x2 .build/obj_cerakey_nada65panda_default/quantum/keyboard.o
                0x08001c24                keyboard_post_init_user
 .text.matrix_can_read
                0x08001c26        0x4 .build/obj_cerakey_nada65panda_default/quantum/keyboard.o
                0x08001c26                matrix_can_read
 *fill*         0x08001c2a        0x2 
 .text.keyboard_setup
                0x08001c2c       0x1c .build/obj_cerakey_nada65panda_default/quantum/keyboard.o
                0x08001c2c                keyboard_setup
 .text.is_keyboard_master
                0x08001c48        0x4 .build/obj_cerakey_nada65panda_default/quantum/keyboard.o
                0x08001c48                is_keyboard_master
 .text.should_process_keypress
                0x08001c4c        0x8 .build/obj_cerakey_nada65panda_default/quantum/keyboard.o
                0x08001c4c                should_process_keypress
 .text.housekeeping_task_kb
                0x08001c54        0x2 .build/obj_cerakey_nada65panda_default/quantum/keyboard.o
                0x08001c54                housekeeping_task_kb
 .text.housekeeping_task_user
                0x08001c56        0x2 .build/obj_cerakey_nada65panda_default/quantum/keyboard.o
                0x08001c56                housekeeping_task_user
 .text.housekeeping_task
                0x08001c58        0xc .build/obj_cerakey_nada65panda_default/quantum/keyboard.o
                0x08001c58                housekeeping_task
 .text.quantum_init
                0x08001c64       0x40 .build/obj_cerakey_nada65panda_default/quantum/keyboard.o
                0x08001c64                quantum_init
 .text.keyboard_init
                0x08001ca4       0x20 .build/obj_cerakey_nada65panda_default/quantum/keyboard.o
                0x08001ca4                keyboard_init
 .text.keyboard_task
                0x08001cc4       0xec .build/obj_cerakey_nada65panda_default/quantum/keyboard.o
                0x08001cc4                keyboard_task
 .text.action_for_keycode
                0x08001db0      0x1d4 .build/obj_cerakey_nada65panda_default/quantum/keymap_common.o
                0x08001db0                action_for_keycode
 .text.keymap_key_to_keycode
                0x08001f84       0x20 .build/obj_cerakey_nada65panda_default/quantum/keymap_common.o
                0x08001f84                keymap_key_to_keycode
 .text.action_for_key
                0x08001fa4       0x12 .build/obj_cerakey_nada65panda_default/quantum/keymap_common.o
                0x08001fa4                action_for_key
 *fill*         0x08001fb6        0x2 
 .text.keycode_config
                0x08001fb8      0x124 .build/obj_cerakey_nada65panda_default/quantum/keycode_config.o
                0x08001fb8                keycode_config
 .text.mod_config
                0x080020dc       0x98 .build/obj_cerakey_nada65panda_default/quantum/keycode_config.o
                0x080020dc                mod_config
 .text.sendchar
                0x08002174        0x4 .build/obj_cerakey_nada65panda_default/quantum/logging/sendchar.o
                0x08002174                sendchar
 .text.null_sendchar_func
                0x08002178        0x4 .build/obj_cerakey_nada65panda_default/quantum/logging/print.o
 .text.print_set_sendchar
                0x0800217c        0xc .build/obj_cerakey_nada65panda_default/quantum/logging/print.o
                0x0800217c                print_set_sendchar
 .text.matrix_init_user
                0x08002188        0x2 .build/obj_cerakey_nada65panda_default/quantum/matrix_common.o
                0x08002188                matrix_init_user
 .text.matrix_init_kb
                0x0800218a        0x8 .build/obj_cerakey_nada65panda_default/quantum/matrix_common.o
                0x0800218a                matrix_init_kb
 .text.matrix_scan_user
                0x08002192        0x2 .build/obj_cerakey_nada65panda_default/quantum/matrix_common.o
                0x08002192                matrix_scan_user
 .text.matrix_scan_kb
                0x08002194        0x8 .build/obj_cerakey_nada65panda_default/quantum/matrix_common.o
                0x08002194                matrix_scan_kb
 .text.matrix_get_row
                0x0800219c        0xc .build/obj_cerakey_nada65panda_default/quantum/matrix_common.o
                0x0800219c                matrix_get_row
 .text.matrix_print
                0x080021a8        0x2 .build/obj_cerakey_nada65panda_default/quantum/matrix_common.o
                0x080021a8                matrix_print
 .text.matrix_io_delay
                0x080021aa        0xa .build/obj_cerakey_nada65panda_default/quantum/matrix_common.o
                0x080021aa                matrix_io_delay
 .text.matrix_output_select_delay
                0x080021b4       0x1a .build/obj_cerakey_nada65panda_default/quantum/matrix_common.o
                0x080021b4                matrix_output_select_delay
 .text.matrix_output_unselect_delay
                0x080021ce        0x8 .build/obj_cerakey_nada65panda_default/quantum/matrix_common.o
                0x080021ce                matrix_output_unselect_delay
 .text.gpio_atomic_set_pin_input_high
                0x080021d6       0x1a .build/obj_cerakey_nada65panda_default/quantum/matrix.o
 .text.matrix_init_pins
                0x080021f0       0x3c .build/obj_cerakey_nada65panda_default/quantum/matrix.o
                0x080021f0                matrix_init_pins
 .text.matrix_read_cols_on_row
                0x0800222c       0x98 .build/obj_cerakey_nada65panda_default/quantum/matrix.o
                0x0800222c                matrix_read_cols_on_row
 .text.matrix_init
                0x080022c4       0x30 .build/obj_cerakey_nada65panda_default/quantum/matrix.o
                0x080022c4                matrix_init
 .text.matrix_scan
                0x080022f4       0x64 .build/obj_cerakey_nada65panda_default/quantum/matrix.o
                0x080022f4                matrix_scan
 .text.debounce_init
                0x08002358        0x2 .build/obj_cerakey_nada65panda_default/quantum/debounce/sym_defer_g.o
                0x08002358                debounce_init
 *fill*         0x0800235a        0x2 
 .text.debounce
                0x0800235c       0x5c .build/obj_cerakey_nada65panda_default/quantum/debounce/sym_defer_g.o
                0x0800235c                debounce
 .text.protocol_keyboard_task
                0x080023b8        0x8 .build/obj_cerakey_nada65panda_default/quantum/main.o
                0x080023b8                protocol_keyboard_task
 .text.startup.main
                0x080023c0       0x30 .build/obj_cerakey_nada65panda_default/quantum/main.o
                0x080023c0                main
 .text.eeprom_read_byte
                0x080023f0       0x18 .build/obj_cerakey_nada65panda_default/eeprom_driver.o
                0x080023f0                eeprom_read_byte
 .text.eeprom_read_word
                0x08002408       0x18 .build/obj_cerakey_nada65panda_default/eeprom_driver.o
                0x08002408                eeprom_read_word
 .text.eeprom_read_dword
                0x08002420       0x14 .build/obj_cerakey_nada65panda_default/eeprom_driver.o
                0x08002420                eeprom_read_dword
 .text.eeprom_write_byte
                0x08002434       0x14 .build/obj_cerakey_nada65panda_default/eeprom_driver.o
                0x08002434                eeprom_write_byte
 .text.eeprom_write_word
                0x08002448       0x14 .build/obj_cerakey_nada65panda_default/eeprom_driver.o
                0x08002448                eeprom_write_word
 .text.eeprom_write_dword
                0x0800245c       0x10 .build/obj_cerakey_nada65panda_default/eeprom_driver.o
                0x0800245c                eeprom_write_dword
 .text.eeprom_update_block
                0x0800246c       0x3a .build/obj_cerakey_nada65panda_default/eeprom_driver.o
                0x0800246c                eeprom_update_block
 .text.eeprom_update_byte
                0x080024a6       0x18 .build/obj_cerakey_nada65panda_default/eeprom_driver.o
                0x080024a6                eeprom_update_byte
 .text.eeprom_update_word
                0x080024be       0x18 .build/obj_cerakey_nada65panda_default/eeprom_driver.o
                0x080024be                eeprom_update_word
 .text.eeprom_update_dword
                0x080024d6       0x18 .build/obj_cerakey_nada65panda_default/eeprom_driver.o
                0x080024d6                eeprom_update_dword
 *fill*         0x080024ee        0x2 
 .text.eeprom_clear
                0x080024f0       0x40 .build/obj_cerakey_nada65panda_default/eeprom_legacy_emulated_flash.o
 .text.eeprom_write_direct_entry
                0x08002530       0x44 .build/obj_cerakey_nada65panda_default/eeprom_legacy_emulated_flash.o
 .text.eeprom_compact
                0x08002574       0x44 .build/obj_cerakey_nada65panda_default/eeprom_legacy_emulated_flash.o
 .text.eeprom_write_log_word_entry
                0x080025b8       0x80 .build/obj_cerakey_nada65panda_default/eeprom_legacy_emulated_flash.o
 .text.eeprom_write_log_byte_entry
                0x08002638       0x44 .build/obj_cerakey_nada65panda_default/eeprom_legacy_emulated_flash.o
 .text.EEPROM_Init
                0x0800267c       0xac .build/obj_cerakey_nada65panda_default/eeprom_legacy_emulated_flash.o
                0x0800267c                EEPROM_Init
 .text.EEPROM_Erase
                0x08002728        0xc .build/obj_cerakey_nada65panda_default/eeprom_legacy_emulated_flash.o
                0x08002728                EEPROM_Erase
 .text.EEPROM_WriteDataByte
                0x08002734       0x44 .build/obj_cerakey_nada65panda_default/eeprom_legacy_emulated_flash.o
                0x08002734                EEPROM_WriteDataByte
 .text.EEPROM_WriteDataWord
                0x08002778       0x88 .build/obj_cerakey_nada65panda_default/eeprom_legacy_emulated_flash.o
                0x08002778                EEPROM_WriteDataWord
 .text.EEPROM_ReadDataByte
                0x08002800       0x18 .build/obj_cerakey_nada65panda_default/eeprom_legacy_emulated_flash.o
                0x08002800                EEPROM_ReadDataByte
 .text.EEPROM_ReadDataWord
                0x08002818       0x34 .build/obj_cerakey_nada65panda_default/eeprom_legacy_emulated_flash.o
                0x08002818                EEPROM_ReadDataWord
 .text.eeprom_driver_init
                0x0800284c        0x8 .build/obj_cerakey_nada65panda_default/eeprom_legacy_emulated_flash.o
                0x0800284c                eeprom_driver_init
 .text.eeprom_driver_format
                0x08002854        0x8 .build/obj_cerakey_nada65panda_default/eeprom_legacy_emulated_flash.o
                0x08002854                eeprom_driver_format
 .text.eeprom_read_block
                0x0800285c       0x76 .build/obj_cerakey_nada65panda_default/eeprom_legacy_emulated_flash.o
                0x0800285c                eeprom_read_block
 .text.eeprom_write_block
                0x080028d2       0x56 .build/obj_cerakey_nada65panda_default/eeprom_legacy_emulated_flash.o
                0x080028d2                eeprom_write_block
 .text.FLASH_GetStatus
                0x08002928       0x2c .build/obj_cerakey_nada65panda_default/legacy_flash_ops.o
                0x08002928                FLASH_GetStatus
 .text.FLASH_WaitForLastOperation
                0x08002954       0x3a .build/obj_cerakey_nada65panda_default/legacy_flash_ops.o
                0x08002954                FLASH_WaitForLastOperation
 *fill*         0x0800298e        0x2 
 .text.FLASH_ErasePage
                0x08002990       0x40 .build/obj_cerakey_nada65panda_default/legacy_flash_ops.o
                0x08002990                FLASH_ErasePage
 .text.FLASH_ProgramHalfWord
                0x080029d0       0x48 .build/obj_cerakey_nada65panda_default/legacy_flash_ops.o
                0x080029d0                FLASH_ProgramHalfWord
 .text.FLASH_Unlock
                0x08002a18       0x20 .build/obj_cerakey_nada65panda_default/legacy_flash_ops.o
                0x08002a18                FLASH_Unlock
 .text.FLASH_Lock
                0x08002a38       0x10 .build/obj_cerakey_nada65panda_default/legacy_flash_ops.o
                0x08002a38                FLASH_Lock
 .text.hsv_to_rgb_impl
                0x08002a48       0xb8 .build/obj_cerakey_nada65panda_default/quantum/color.o
                0x08002a48                hsv_to_rgb_impl
 .text.hsv_to_rgb
                0x08002b00       0x2c .build/obj_cerakey_nada65panda_default/quantum/color.o
                0x08002b00                hsv_to_rgb
 .text.sqrt16   0x08002b2c       0x44 .build/obj_cerakey_nada65panda_default/quantum/rgb_matrix/rgb_matrix.o
 .text.sin8_C   0x08002b70       0x40 .build/obj_cerakey_nada65panda_default/quantum/rgb_matrix/rgb_matrix.o
 .text.BAND_SAT_math
                0x08002bb0       0x48 .build/obj_cerakey_nada65panda_default/quantum/rgb_matrix/rgb_matrix.o
 .text.BAND_VAL_math
                0x08002bf8       0x54 .build/obj_cerakey_nada65panda_default/quantum/rgb_matrix/rgb_matrix.o
 .text.CYCLE_ALL_math
                0x08002c4c       0x14 .build/obj_cerakey_nada65panda_default/quantum/rgb_matrix/rgb_matrix.o
 .text.CYCLE_LEFT_RIGHT_math
                0x08002c60       0x24 .build/obj_cerakey_nada65panda_default/quantum/rgb_matrix/rgb_matrix.o
 .text.CYCLE_UP_DOWN_math
                0x08002c84       0x24 .build/obj_cerakey_nada65panda_default/quantum/rgb_matrix/rgb_matrix.o
 .text.RAINBOW_MOVING_CHEVRON_math
                0x08002ca8       0x44 .build/obj_cerakey_nada65panda_default/quantum/rgb_matrix/rgb_matrix.o
 .text.CYCLE_OUT_IN_math
                0x08002cec       0x20 .build/obj_cerakey_nada65panda_default/quantum/rgb_matrix/rgb_matrix.o
 .text.CYCLE_OUT_IN_DUAL_math
                0x08002d0c       0x3a .build/obj_cerakey_nada65panda_default/quantum/rgb_matrix/rgb_matrix.o
 *fill*         0x08002d46        0x2 
 .text.DUAL_BEACON_math
                0x08002d48       0x3c .build/obj_cerakey_nada65panda_default/quantum/rgb_matrix/rgb_matrix.o
 .text.RAINBOW_BEACON_math
                0x08002d84       0x3c .build/obj_cerakey_nada65panda_default/quantum/rgb_matrix/rgb_matrix.o
 .text.RAINBOW_PINWHEELS_math
                0x08002dc0       0x54 .build/obj_cerakey_nada65panda_default/quantum/rgb_matrix/rgb_matrix.o
 .text.HUE_PENDULUM_math
                0x08002e14       0x50 .build/obj_cerakey_nada65panda_default/quantum/rgb_matrix/rgb_matrix.o
 .text.HUE_WAVE_math
                0x08002e64       0x3c .build/obj_cerakey_nada65panda_default/quantum/rgb_matrix/rgb_matrix.o
 .text.SOLID_REACTIVE_SIMPLE_math
                0x08002ea0       0x2c .build/obj_cerakey_nada65panda_default/quantum/rgb_matrix/rgb_matrix.o
 .text.SOLID_REACTIVE_math
                0x08002ecc       0x1c .build/obj_cerakey_nada65panda_default/quantum/rgb_matrix/rgb_matrix.o
 .text.SOLID_REACTIVE_WIDE_math
                0x08002ee8       0x42 .build/obj_cerakey_nada65panda_default/quantum/rgb_matrix/rgb_matrix.o
 .text.SOLID_REACTIVE_CROSS_math
                0x08002f2a       0x72 .build/obj_cerakey_nada65panda_default/quantum/rgb_matrix/rgb_matrix.o
 .text.SOLID_REACTIVE_NEXUS_math
                0x08002f9c       0x74 .build/obj_cerakey_nada65panda_default/quantum/rgb_matrix/rgb_matrix.o
 .text.SPLASH_math
                0x08003010       0x46 .build/obj_cerakey_nada65panda_default/quantum/rgb_matrix/rgb_matrix.o
                0x08003010                SPLASH_math
 .text.SOLID_SPLASH_math
                0x08003056       0x3e .build/obj_cerakey_nada65panda_default/quantum/rgb_matrix/rgb_matrix.o
                0x08003056                SOLID_SPLASH_math
 .text.eeconfig_flag_rgb_matrix
                0x08003094       0x10 .build/obj_cerakey_nada65panda_default/quantum/rgb_matrix/rgb_matrix.o
 .text.eeconfig_init_rgb_matrix
                0x080030a4       0x20 .build/obj_cerakey_nada65panda_default/quantum/rgb_matrix/rgb_matrix.o
 .text.atan2_8  0x080030c4       0x40 .build/obj_cerakey_nada65panda_default/quantum/rgb_matrix/rgb_matrix.o
 .text.BAND_PINWHEEL_SAT_math
                0x08003104       0x2e .build/obj_cerakey_nada65panda_default/quantum/rgb_matrix/rgb_matrix.o
 *fill*         0x08003132        0x2 
 .text.BAND_PINWHEEL_VAL_math
                0x08003134       0x3c .build/obj_cerakey_nada65panda_default/quantum/rgb_matrix/rgb_matrix.o
 .text.BAND_SPIRAL_SAT_math
                0x08003170       0x30 .build/obj_cerakey_nada65panda_default/quantum/rgb_matrix/rgb_matrix.o
 .text.BAND_SPIRAL_VAL_math
                0x080031a0       0x40 .build/obj_cerakey_nada65panda_default/quantum/rgb_matrix/rgb_matrix.o
 .text.CYCLE_PINWHEEL_math
                0x080031e0       0x20 .build/obj_cerakey_nada65panda_default/quantum/rgb_matrix/rgb_matrix.o
 .text.CYCLE_SPIRAL_math
                0x08003200       0x26 .build/obj_cerakey_nada65panda_default/quantum/rgb_matrix/rgb_matrix.o
 *fill*         0x08003226        0x2 
 .text.eeconfig_flush_rgb_matrix.part.0
                0x08003228       0x1c .build/obj_cerakey_nada65panda_default/quantum/rgb_matrix/rgb_matrix.o
 .text.rgb_matrix_hsv_to_rgb
                0x08003244       0x28 .build/obj_cerakey_nada65panda_default/quantum/rgb_matrix/rgb_matrix.o
                0x08003244                rgb_matrix_hsv_to_rgb
 .text.process_rgb_matrix_typing_heatmap
                0x0800326c       0xc4 .build/obj_cerakey_nada65panda_default/quantum/rgb_matrix/rgb_matrix.o
                0x0800326c                process_rgb_matrix_typing_heatmap
 .text.eeconfig_update_rgb_matrix_default
                0x08003330       0x28 .build/obj_cerakey_nada65panda_default/quantum/rgb_matrix/rgb_matrix.o
                0x08003330                eeconfig_update_rgb_matrix_default
 .text.rgb_matrix_map_row_column_to_led_kb
                0x08003358        0x4 .build/obj_cerakey_nada65panda_default/quantum/rgb_matrix/rgb_matrix.o
                0x08003358                rgb_matrix_map_row_column_to_led_kb
 .text.rgb_matrix_map_row_column_to_led
                0x0800335c       0x28 .build/obj_cerakey_nada65panda_default/quantum/rgb_matrix/rgb_matrix.o
                0x0800335c                rgb_matrix_map_row_column_to_led
 .text.rgb_matrix_update_pwm_buffers
                0x08003384       0x10 .build/obj_cerakey_nada65panda_default/quantum/rgb_matrix/rgb_matrix.o
                0x08003384                rgb_matrix_update_pwm_buffers
 .text.rgb_matrix_set_color
                0x08003394       0x10 .build/obj_cerakey_nada65panda_default/quantum/rgb_matrix/rgb_matrix.o
                0x08003394                rgb_matrix_set_color
 .text.rgb_matrix_set_color_all
                0x080033a4       0x10 .build/obj_cerakey_nada65panda_default/quantum/rgb_matrix/rgb_matrix.o
                0x080033a4                rgb_matrix_set_color_all
 .text.rgb_matrix_handle_key_event
                0x080033b4       0xfc .build/obj_cerakey_nada65panda_default/quantum/rgb_matrix/rgb_matrix.o
                0x080033b4                rgb_matrix_handle_key_event
 .text.rgb_matrix_indicators_kb
                0x080034b0        0x8 .build/obj_cerakey_nada65panda_default/quantum/rgb_matrix/rgb_matrix.o
                0x080034b0                rgb_matrix_indicators_kb
 .text.rgb_matrix_get_limits
                0x080034b8       0x24 .build/obj_cerakey_nada65panda_default/quantum/rgb_matrix/rgb_matrix.o
                0x080034b8                rgb_matrix_get_limits
 .text.effect_runner_dx_dy_dist
                0x080034dc       0xe0 .build/obj_cerakey_nada65panda_default/quantum/rgb_matrix/rgb_matrix.o
                0x080034dc                effect_runner_dx_dy_dist
 .text.BAND_SPIRAL_SAT
                0x080035bc       0x10 .build/obj_cerakey_nada65panda_default/quantum/rgb_matrix/rgb_matrix.o
                0x080035bc                BAND_SPIRAL_SAT
 .text.BAND_SPIRAL_VAL
                0x080035cc       0x10 .build/obj_cerakey_nada65panda_default/quantum/rgb_matrix/rgb_matrix.o
                0x080035cc                BAND_SPIRAL_VAL
 .text.CYCLE_OUT_IN
                0x080035dc       0x10 .build/obj_cerakey_nada65panda_default/quantum/rgb_matrix/rgb_matrix.o
                0x080035dc                CYCLE_OUT_IN
 .text.CYCLE_SPIRAL
                0x080035ec       0x10 .build/obj_cerakey_nada65panda_default/quantum/rgb_matrix/rgb_matrix.o
                0x080035ec                CYCLE_SPIRAL
 .text.effect_runner_dx_dy
                0x080035fc       0xc8 .build/obj_cerakey_nada65panda_default/quantum/rgb_matrix/rgb_matrix.o
                0x080035fc                effect_runner_dx_dy
 .text.BAND_PINWHEEL_SAT
                0x080036c4       0x10 .build/obj_cerakey_nada65panda_default/quantum/rgb_matrix/rgb_matrix.o
                0x080036c4                BAND_PINWHEEL_SAT
 .text.BAND_PINWHEEL_VAL
                0x080036d4       0x10 .build/obj_cerakey_nada65panda_default/quantum/rgb_matrix/rgb_matrix.o
                0x080036d4                BAND_PINWHEEL_VAL
 .text.CYCLE_OUT_IN_DUAL
                0x080036e4       0x10 .build/obj_cerakey_nada65panda_default/quantum/rgb_matrix/rgb_matrix.o
                0x080036e4                CYCLE_OUT_IN_DUAL
 .text.CYCLE_PINWHEEL
                0x080036f4       0x10 .build/obj_cerakey_nada65panda_default/quantum/rgb_matrix/rgb_matrix.o
                0x080036f4                CYCLE_PINWHEEL
 .text.effect_runner_i
                0x08003704       0xa8 .build/obj_cerakey_nada65panda_default/quantum/rgb_matrix/rgb_matrix.o
                0x08003704                effect_runner_i
 .text.BAND_SAT
                0x080037ac       0x10 .build/obj_cerakey_nada65panda_default/quantum/rgb_matrix/rgb_matrix.o
                0x080037ac                BAND_SAT
 .text.BAND_VAL
                0x080037bc       0x10 .build/obj_cerakey_nada65panda_default/quantum/rgb_matrix/rgb_matrix.o
                0x080037bc                BAND_VAL
 .text.CYCLE_ALL
                0x080037cc       0x10 .build/obj_cerakey_nada65panda_default/quantum/rgb_matrix/rgb_matrix.o
                0x080037cc                CYCLE_ALL
 .text.CYCLE_LEFT_RIGHT
                0x080037dc       0x10 .build/obj_cerakey_nada65panda_default/quantum/rgb_matrix/rgb_matrix.o
                0x080037dc                CYCLE_LEFT_RIGHT
 .text.CYCLE_UP_DOWN
                0x080037ec       0x10 .build/obj_cerakey_nada65panda_default/quantum/rgb_matrix/rgb_matrix.o
                0x080037ec                CYCLE_UP_DOWN
 .text.RAINBOW_MOVING_CHEVRON
                0x080037fc       0x10 .build/obj_cerakey_nada65panda_default/quantum/rgb_matrix/rgb_matrix.o
                0x080037fc                RAINBOW_MOVING_CHEVRON
 .text.HUE_PENDULUM
                0x0800380c       0x10 .build/obj_cerakey_nada65panda_default/quantum/rgb_matrix/rgb_matrix.o
                0x0800380c                HUE_PENDULUM
 .text.HUE_WAVE
                0x0800381c       0x10 .build/obj_cerakey_nada65panda_default/quantum/rgb_matrix/rgb_matrix.o
                0x0800381c                HUE_WAVE
 .text.effect_runner_sin_cos_i
                0x0800382c       0xcc .build/obj_cerakey_nada65panda_default/quantum/rgb_matrix/rgb_matrix.o
                0x0800382c                effect_runner_sin_cos_i
 .text.DUAL_BEACON
                0x080038f8       0x10 .build/obj_cerakey_nada65panda_default/quantum/rgb_matrix/rgb_matrix.o
                0x080038f8                DUAL_BEACON
 .text.RAINBOW_BEACON
                0x08003908       0x10 .build/obj_cerakey_nada65panda_default/quantum/rgb_matrix/rgb_matrix.o
                0x08003908                RAINBOW_BEACON
 .text.RAINBOW_PINWHEELS
                0x08003918       0x10 .build/obj_cerakey_nada65panda_default/quantum/rgb_matrix/rgb_matrix.o
                0x08003918                RAINBOW_PINWHEELS
 .text.effect_runner_reactive
                0x08003928      0x100 .build/obj_cerakey_nada65panda_default/quantum/rgb_matrix/rgb_matrix.o
                0x08003928                effect_runner_reactive
 .text.SOLID_REACTIVE_SIMPLE
                0x08003a28       0x10 .build/obj_cerakey_nada65panda_default/quantum/rgb_matrix/rgb_matrix.o
                0x08003a28                SOLID_REACTIVE_SIMPLE
 .text.SOLID_REACTIVE
                0x08003a38       0x10 .build/obj_cerakey_nada65panda_default/quantum/rgb_matrix/rgb_matrix.o
                0x08003a38                SOLID_REACTIVE
 .text.effect_runner_reactive_splash
                0x08003a48      0x140 .build/obj_cerakey_nada65panda_default/quantum/rgb_matrix/rgb_matrix.o
                0x08003a48                effect_runner_reactive_splash
 .text.SOLID_REACTIVE_WIDE
                0x08003b88       0x24 .build/obj_cerakey_nada65panda_default/quantum/rgb_matrix/rgb_matrix.o
                0x08003b88                SOLID_REACTIVE_WIDE
 .text.SOLID_REACTIVE_MULTIWIDE
                0x08003bac       0x14 .build/obj_cerakey_nada65panda_default/quantum/rgb_matrix/rgb_matrix.o
                0x08003bac                SOLID_REACTIVE_MULTIWIDE
 .text.SOLID_REACTIVE_CROSS
                0x08003bc0       0x24 .build/obj_cerakey_nada65panda_default/quantum/rgb_matrix/rgb_matrix.o
                0x08003bc0                SOLID_REACTIVE_CROSS
 .text.SOLID_REACTIVE_MULTICROSS
                0x08003be4       0x14 .build/obj_cerakey_nada65panda_default/quantum/rgb_matrix/rgb_matrix.o
                0x08003be4                SOLID_REACTIVE_MULTICROSS
 .text.SOLID_REACTIVE_NEXUS
                0x08003bf8       0x24 .build/obj_cerakey_nada65panda_default/quantum/rgb_matrix/rgb_matrix.o
                0x08003bf8                SOLID_REACTIVE_NEXUS
 .text.SOLID_REACTIVE_MULTINEXUS
                0x08003c1c       0x14 .build/obj_cerakey_nada65panda_default/quantum/rgb_matrix/rgb_matrix.o
                0x08003c1c                SOLID_REACTIVE_MULTINEXUS
 .text.SPLASH   0x08003c30       0x24 .build/obj_cerakey_nada65panda_default/quantum/rgb_matrix/rgb_matrix.o
                0x08003c30                SPLASH
 .text.MULTISPLASH
                0x08003c54       0x14 .build/obj_cerakey_nada65panda_default/quantum/rgb_matrix/rgb_matrix.o
                0x08003c54                MULTISPLASH
 .text.SOLID_SPLASH
                0x08003c68       0x24 .build/obj_cerakey_nada65panda_default/quantum/rgb_matrix/rgb_matrix.o
                0x08003c68                SOLID_SPLASH
 .text.SOLID_MULTISPLASH
                0x08003c8c       0x14 .build/obj_cerakey_nada65panda_default/quantum/rgb_matrix/rgb_matrix.o
                0x08003c8c                SOLID_MULTISPLASH
 .text.SOLID_COLOR
                0x08003ca0       0x74 .build/obj_cerakey_nada65panda_default/quantum/rgb_matrix/rgb_matrix.o
                0x08003ca0                SOLID_COLOR
 .text.GRADIENT_UP_DOWN
                0x08003d14       0x94 .build/obj_cerakey_nada65panda_default/quantum/rgb_matrix/rgb_matrix.o
                0x08003d14                GRADIENT_UP_DOWN
 .text.GRADIENT_LEFT_RIGHT
                0x08003da8       0x94 .build/obj_cerakey_nada65panda_default/quantum/rgb_matrix/rgb_matrix.o
                0x08003da8                GRADIENT_LEFT_RIGHT
 .text.BREATHING
                0x08003e3c       0xb0 .build/obj_cerakey_nada65panda_default/quantum/rgb_matrix/rgb_matrix.o
                0x08003e3c                BREATHING
 .text.HUE_BREATHING
                0x08003eec       0xb4 .build/obj_cerakey_nada65panda_default/quantum/rgb_matrix/rgb_matrix.o
                0x08003eec                HUE_BREATHING
 .text.TYPING_HEATMAP
                0x08003fa0      0x14c .build/obj_cerakey_nada65panda_default/quantum/rgb_matrix/rgb_matrix.o
                0x08003fa0                TYPING_HEATMAP
 .text.rgb_task_render
                0x080040ec      0x1d8 .build/obj_cerakey_nada65panda_default/quantum/rgb_matrix/rgb_matrix.o
 .text.rgb_matrix_indicators_advanced_user
                0x080042c4        0x4 .build/obj_cerakey_nada65panda_default/quantum/rgb_matrix/rgb_matrix.o
                0x080042c4                rgb_matrix_indicators_advanced_user
 .text.rgb_matrix_indicators_advanced_kb
                0x080042c8        0x8 .build/obj_cerakey_nada65panda_default/quantum/rgb_matrix/rgb_matrix.o
                0x080042c8                rgb_matrix_indicators_advanced_kb
 .text.rgb_matrix_indicators_advanced
                0x080042d0       0x18 .build/obj_cerakey_nada65panda_default/quantum/rgb_matrix/rgb_matrix.o
                0x080042d0                rgb_matrix_indicators_advanced
 .text.rgb_matrix_task
                0x080042e8      0x130 .build/obj_cerakey_nada65panda_default/quantum/rgb_matrix/rgb_matrix.o
                0x080042e8                rgb_matrix_task
 .text.rgb_matrix_init
                0x08004418       0x50 .build/obj_cerakey_nada65panda_default/quantum/rgb_matrix/rgb_matrix.o
                0x08004418                rgb_matrix_init
 .text.rgb_matrix_set_suspend_state
                0x08004468       0x48 .build/obj_cerakey_nada65panda_default/quantum/rgb_matrix/rgb_matrix.o
                0x08004468                rgb_matrix_set_suspend_state
 .text.rgb_matrix_toggle_eeprom_helper
                0x080044b0       0x20 .build/obj_cerakey_nada65panda_default/quantum/rgb_matrix/rgb_matrix.o
                0x080044b0                rgb_matrix_toggle_eeprom_helper
 .text.rgb_matrix_toggle
                0x080044d0        0xa .build/obj_cerakey_nada65panda_default/quantum/rgb_matrix/rgb_matrix.o
                0x080044d0                rgb_matrix_toggle
 *fill*         0x080044da        0x2 
 .text.rgb_matrix_enable_noeeprom
                0x080044dc       0x28 .build/obj_cerakey_nada65panda_default/quantum/rgb_matrix/rgb_matrix.o
                0x080044dc                rgb_matrix_enable_noeeprom
 .text.rgb_matrix_enable
                0x08004504        0xe .build/obj_cerakey_nada65panda_default/quantum/rgb_matrix/rgb_matrix.o
                0x08004504                rgb_matrix_enable
 *fill*         0x08004512        0x2 
 .text.rgb_matrix_mode_eeprom_helper
                0x08004514       0x40 .build/obj_cerakey_nada65panda_default/quantum/rgb_matrix/rgb_matrix.o
                0x08004514                rgb_matrix_mode_eeprom_helper
 .text.rgb_matrix_mode
                0x08004554        0xa .build/obj_cerakey_nada65panda_default/quantum/rgb_matrix/rgb_matrix.o
                0x08004554                rgb_matrix_mode
 *fill*         0x0800455e        0x2 
 .text.rgb_matrix_step_helper
                0x08004560       0x1c .build/obj_cerakey_nada65panda_default/quantum/rgb_matrix/rgb_matrix.o
                0x08004560                rgb_matrix_step_helper
 .text.rgb_matrix_step
                0x0800457c        0xa .build/obj_cerakey_nada65panda_default/quantum/rgb_matrix/rgb_matrix.o
                0x0800457c                rgb_matrix_step
 *fill*         0x08004586        0x2 
 .text.rgb_matrix_step_reverse_helper
                0x08004588       0x20 .build/obj_cerakey_nada65panda_default/quantum/rgb_matrix/rgb_matrix.o
                0x08004588                rgb_matrix_step_reverse_helper
 .text.rgb_matrix_step_reverse
                0x080045a8        0xa .build/obj_cerakey_nada65panda_default/quantum/rgb_matrix/rgb_matrix.o
                0x080045a8                rgb_matrix_step_reverse
 *fill*         0x080045b2        0x2 
 .text.rgb_matrix_sethsv_eeprom_helper
                0x080045b4       0x2c .build/obj_cerakey_nada65panda_default/quantum/rgb_matrix/rgb_matrix.o
                0x080045b4                rgb_matrix_sethsv_eeprom_helper
 .text.rgb_matrix_sethsv
                0x080045e0        0xa .build/obj_cerakey_nada65panda_default/quantum/rgb_matrix/rgb_matrix.o
                0x080045e0                rgb_matrix_sethsv
 *fill*         0x080045ea        0x2 
 .text.rgb_matrix_get_val
                0x080045ec        0xc .build/obj_cerakey_nada65panda_default/quantum/rgb_matrix/rgb_matrix.o
                0x080045ec                rgb_matrix_get_val
 .text.rgb_matrix_increase_hue_helper
                0x080045f8       0x18 .build/obj_cerakey_nada65panda_default/quantum/rgb_matrix/rgb_matrix.o
                0x080045f8                rgb_matrix_increase_hue_helper
 .text.rgb_matrix_increase_hue
                0x08004610        0xa .build/obj_cerakey_nada65panda_default/quantum/rgb_matrix/rgb_matrix.o
                0x08004610                rgb_matrix_increase_hue
 *fill*         0x0800461a        0x2 
 .text.rgb_matrix_decrease_hue_helper
                0x0800461c       0x1c .build/obj_cerakey_nada65panda_default/quantum/rgb_matrix/rgb_matrix.o
                0x0800461c                rgb_matrix_decrease_hue_helper
 .text.rgb_matrix_decrease_hue
                0x08004638        0xa .build/obj_cerakey_nada65panda_default/quantum/rgb_matrix/rgb_matrix.o
                0x08004638                rgb_matrix_decrease_hue
 *fill*         0x08004642        0x2 
 .text.rgb_matrix_increase_sat_helper
                0x08004644       0x24 .build/obj_cerakey_nada65panda_default/quantum/rgb_matrix/rgb_matrix.o
                0x08004644                rgb_matrix_increase_sat_helper
 .text.rgb_matrix_increase_sat
                0x08004668        0xa .build/obj_cerakey_nada65panda_default/quantum/rgb_matrix/rgb_matrix.o
                0x08004668                rgb_matrix_increase_sat
 *fill*         0x08004672        0x2 
 .text.rgb_matrix_decrease_sat_helper
                0x08004674       0x24 .build/obj_cerakey_nada65panda_default/quantum/rgb_matrix/rgb_matrix.o
                0x08004674                rgb_matrix_decrease_sat_helper
 .text.rgb_matrix_decrease_sat
                0x08004698        0xa .build/obj_cerakey_nada65panda_default/quantum/rgb_matrix/rgb_matrix.o
                0x08004698                rgb_matrix_decrease_sat
 *fill*         0x080046a2        0x2 
 .text.rgb_matrix_increase_val_helper
                0x080046a4       0x24 .build/obj_cerakey_nada65panda_default/quantum/rgb_matrix/rgb_matrix.o
                0x080046a4                rgb_matrix_increase_val_helper
 .text.rgb_matrix_increase_val
                0x080046c8        0xa .build/obj_cerakey_nada65panda_default/quantum/rgb_matrix/rgb_matrix.o
                0x080046c8                rgb_matrix_increase_val
 *fill*         0x080046d2        0x2 
 .text.rgb_matrix_decrease_val_helper
                0x080046d4       0x24 .build/obj_cerakey_nada65panda_default/quantum/rgb_matrix/rgb_matrix.o
                0x080046d4                rgb_matrix_decrease_val_helper
 .text.rgb_matrix_decrease_val
                0x080046f8        0xa .build/obj_cerakey_nada65panda_default/quantum/rgb_matrix/rgb_matrix.o
                0x080046f8                rgb_matrix_decrease_val
 *fill*         0x08004702        0x2 
 .text.rgb_matrix_set_speed
                0x08004704       0x14 .build/obj_cerakey_nada65panda_default/quantum/rgb_matrix/rgb_matrix.o
                0x08004704                rgb_matrix_set_speed
 .text.rgb_matrix_increase_speed_helper
                0x08004718       0x1c .build/obj_cerakey_nada65panda_default/quantum/rgb_matrix/rgb_matrix.o
                0x08004718                rgb_matrix_increase_speed_helper
 .text.rgb_matrix_increase_speed
                0x08004734        0xa .build/obj_cerakey_nada65panda_default/quantum/rgb_matrix/rgb_matrix.o
                0x08004734                rgb_matrix_increase_speed
 *fill*         0x0800473e        0x2 
 .text.rgb_matrix_decrease_speed_helper
                0x08004740       0x1c .build/obj_cerakey_nada65panda_default/quantum/rgb_matrix/rgb_matrix.o
                0x08004740                rgb_matrix_decrease_speed_helper
 .text.rgb_matrix_decrease_speed
                0x0800475c        0xa .build/obj_cerakey_nada65panda_default/quantum/rgb_matrix/rgb_matrix.o
                0x0800475c                rgb_matrix_decrease_speed
 *fill*         0x08004766        0x2 
 .text.rgb_matrix_get_flags
                0x08004768        0xc .build/obj_cerakey_nada65panda_default/quantum/rgb_matrix/rgb_matrix.o
                0x08004768                rgb_matrix_get_flags
 .text.setled   0x08004774       0x3c .build/obj_cerakey_nada65panda_default/quantum/rgb_matrix/rgb_matrix_drivers.o
 .text.setled_all
                0x080047b0       0x1e .build/obj_cerakey_nada65panda_default/quantum/rgb_matrix/rgb_matrix_drivers.o
 *fill*         0x080047ce        0x2 
 .text.init     0x080047d0       0x14 .build/obj_cerakey_nada65panda_default/quantum/rgb_matrix/rgb_matrix_drivers.o
 .text.flush    0x080047e4       0x20 .build/obj_cerakey_nada65panda_default/quantum/rgb_matrix/rgb_matrix_drivers.o
 .text.handleKeycodeRGB
                0x08004804        0xe .build/obj_cerakey_nada65panda_default/quantum/process_keycode/process_rgb.o
 *fill*         0x08004812        0x2 
 .text.process_rgb
                0x08004814       0xc4 .build/obj_cerakey_nada65panda_default/quantum/process_keycode/process_rgb.o
                0x08004814                process_rgb
 .text.sendByte
                0x080048d8       0x80 .build/obj_cerakey_nada65panda_default/ws2812_bitbang.o
                0x080048d8                sendByte
 .text.ws2812_init
                0x08004958       0x14 .build/obj_cerakey_nada65panda_default/ws2812_bitbang.o
                0x08004958                ws2812_init
 .text.ws2812_setleds
                0x0800496c       0x4a .build/obj_cerakey_nada65panda_default/ws2812_bitbang.o
                0x0800496c                ws2812_setleds
 .text.bootmagic_reset_eeprom
                0x080049b6        0x8 .build/obj_cerakey_nada65panda_default/quantum/bootmagic/bootmagic.o
                0x080049b6                bootmagic_reset_eeprom
 .text.bootmagic_should_reset
                0x080049be        0xe .build/obj_cerakey_nada65panda_default/quantum/bootmagic/bootmagic.o
                0x080049be                bootmagic_should_reset
 .text.bootmagic_scan
                0x080049cc       0x28 .build/obj_cerakey_nada65panda_default/quantum/bootmagic/bootmagic.o
                0x080049cc                bootmagic_scan
 .text.bootmagic
                0x080049f4        0x8 .build/obj_cerakey_nada65panda_default/quantum/bootmagic/bootmagic.o
                0x080049f4                bootmagic
 .text.defer_exec_advanced
                0x080049fc       0x94 .build/obj_cerakey_nada65panda_default/quantum/deferred_exec.o
                0x080049fc                defer_exec_advanced
 .text.extend_deferred_exec_advanced
                0x08004a90       0x36 .build/obj_cerakey_nada65panda_default/quantum/deferred_exec.o
                0x08004a90                extend_deferred_exec_advanced
 .text.deferred_exec_advanced_task
                0x08004ac6       0x56 .build/obj_cerakey_nada65panda_default/quantum/deferred_exec.o
                0x08004ac6                deferred_exec_advanced_task
 .text.defer_exec
                0x08004b1c       0x18 .build/obj_cerakey_nada65panda_default/quantum/deferred_exec.o
                0x08004b1c                defer_exec
 .text.extend_deferred_exec
                0x08004b34       0x18 .build/obj_cerakey_nada65panda_default/quantum/deferred_exec.o
                0x08004b34                extend_deferred_exec
 .text.deferred_exec_task
                0x08004b4c       0x18 .build/obj_cerakey_nada65panda_default/quantum/deferred_exec.o
                0x08004b4c                deferred_exec_task
 .text.dip_switch_update_kb
                0x08004b64        0x8 .build/obj_cerakey_nada65panda_default/quantum/dip_switch.o
                0x08004b64                dip_switch_update_kb
 .text.dip_switch_update_mask_user
                0x08004b6c        0x4 .build/obj_cerakey_nada65panda_default/quantum/dip_switch.o
                0x08004b6c                dip_switch_update_mask_user
 .text.dip_switch_update_mask_kb
                0x08004b70        0x8 .build/obj_cerakey_nada65panda_default/quantum/dip_switch.o
                0x08004b70                dip_switch_update_mask_kb
 .text.dip_switch_read
                0x08004b78       0x40 .build/obj_cerakey_nada65panda_default/quantum/dip_switch.o
                0x08004b78                dip_switch_read
 .text.dip_switch_init
                0x08004bb8       0x18 .build/obj_cerakey_nada65panda_default/quantum/dip_switch.o
                0x08004bb8                dip_switch_init
 .text.dip_switch_task
                0x08004bd0        0xa .build/obj_cerakey_nada65panda_default/quantum/dip_switch.o
                0x08004bd0                dip_switch_task
 *fill*         0x08004bda        0x2 
 .text.process_grave_esc
                0x08004bdc       0x54 .build/obj_cerakey_nada65panda_default/quantum/process_keycode/process_grave_esc.o
                0x08004bdc                process_grave_esc
 .text.process_magic
                0x08004c30      0x1b8 .build/obj_cerakey_nada65panda_default/quantum/process_keycode/process_magic.o
                0x08004c30                process_magic
 .text.times_inv_sqrt2
                0x08004de8       0x20 .build/obj_cerakey_nada65panda_default/quantum/mousekey.o
 .text.move_unit
                0x08004e08       0x6c .build/obj_cerakey_nada65panda_default/quantum/mousekey.o
 .text.wheel_unit
                0x08004e74       0x68 .build/obj_cerakey_nada65panda_default/quantum/mousekey.o
 .text.mousekey_on
                0x08004edc       0xac .build/obj_cerakey_nada65panda_default/quantum/mousekey.o
                0x08004edc                mousekey_on
 .text.mousekey_off
                0x08004f88       0xe8 .build/obj_cerakey_nada65panda_default/quantum/mousekey.o
                0x08004f88                mousekey_off
 .text.mousekey_send
                0x08005070       0x34 .build/obj_cerakey_nada65panda_default/quantum/mousekey.o
                0x08005070                mousekey_send
 .text.mousekey_clear
                0x080050a4       0x2c .build/obj_cerakey_nada65panda_default/quantum/mousekey.o
                0x080050a4                mousekey_clear
 .text.should_mousekey_report_send
                0x080050d0       0x26 .build/obj_cerakey_nada65panda_default/quantum/mousekey.o
                0x080050d0                should_mousekey_report_send
 *fill*         0x080050f6        0x2 
 .text.mousekey_task
                0x080050f8      0x174 .build/obj_cerakey_nada65panda_default/quantum/mousekey.o
                0x080050f8                mousekey_task
 .text.perform_space_cadet
                0x0800526c       0xb4 .build/obj_cerakey_nada65panda_default/quantum/process_keycode/process_space_cadet.o
                0x0800526c                perform_space_cadet
 .text.process_space_cadet
                0x08005320       0xa8 .build/obj_cerakey_nada65panda_default/quantum/process_keycode/process_space_cadet.o
                0x08005320                process_space_cadet
 .text.host_set_driver
                0x080053c8        0xc .build/obj_cerakey_nada65panda_default/protocol/host.o
                0x080053c8                host_set_driver
 .text.host_keyboard_leds
                0x080053d4       0x14 .build/obj_cerakey_nada65panda_default/protocol/host.o
                0x080053d4                host_keyboard_leds
 .text.host_keyboard_led_state
                0x080053e8        0x8 .build/obj_cerakey_nada65panda_default/protocol/host.o
                0x080053e8                host_keyboard_led_state
 .text.host_keyboard_send
                0x080053f0       0x14 .build/obj_cerakey_nada65panda_default/protocol/host.o
                0x080053f0                host_keyboard_send
 .text.host_nkro_send
                0x08005404       0x18 .build/obj_cerakey_nada65panda_default/protocol/host.o
                0x08005404                host_nkro_send
 .text.host_mouse_send
                0x0800541c       0x18 .build/obj_cerakey_nada65panda_default/protocol/host.o
                0x0800541c                host_mouse_send
 .text.host_system_send
                0x08005434       0x30 .build/obj_cerakey_nada65panda_default/protocol/host.o
                0x08005434                host_system_send
 .text.host_consumer_send
                0x08005464       0x30 .build/obj_cerakey_nada65panda_default/protocol/host.o
                0x08005464                host_consumer_send
 .text.has_anykey
                0x08005494       0x48 .build/obj_cerakey_nada65panda_default/protocol/report.o
                0x08005494                has_anykey
 .text.is_key_pressed
                0x080054dc       0x64 .build/obj_cerakey_nada65panda_default/protocol/report.o
                0x080054dc                is_key_pressed
 .text.add_key_byte
                0x08005540       0x2a .build/obj_cerakey_nada65panda_default/protocol/report.o
                0x08005540                add_key_byte
 .text.del_key_byte
                0x0800556a       0x18 .build/obj_cerakey_nada65panda_default/protocol/report.o
                0x0800556a                del_key_byte
 .text.add_key_bit
                0x08005582       0x18 .build/obj_cerakey_nada65panda_default/protocol/report.o
                0x08005582                add_key_bit
 .text.del_key_bit
                0x0800559a       0x18 .build/obj_cerakey_nada65panda_default/protocol/report.o
                0x0800559a                del_key_bit
 *fill*         0x080055b2        0x2 
 .text.add_key_to_report
                0x080055b4       0x38 .build/obj_cerakey_nada65panda_default/protocol/report.o
                0x080055b4                add_key_to_report
 .text.del_key_from_report
                0x080055ec       0x38 .build/obj_cerakey_nada65panda_default/protocol/report.o
                0x080055ec                del_key_from_report
 .text.clear_keys_from_report
                0x08005624       0x3c .build/obj_cerakey_nada65panda_default/protocol/report.o
                0x08005624                clear_keys_from_report
 .text.has_mouse_report_changed
                0x08005660       0x58 .build/obj_cerakey_nada65panda_default/protocol/report.o
                0x08005660                has_mouse_report_changed
 .text.notify_usb_device_state_change_user
                0x080056b8        0x2 .build/obj_cerakey_nada65panda_default/protocol/usb_device_state.o
                0x080056b8                notify_usb_device_state_change_user
 .text.notify_usb_device_state_change_kb
                0x080056ba        0x8 .build/obj_cerakey_nada65panda_default/protocol/usb_device_state.o
                0x080056ba                notify_usb_device_state_change_kb
 *fill*         0x080056c2        0x2 
 .text.usb_device_state_set_configuration
                0x080056c4       0x14 .build/obj_cerakey_nada65panda_default/protocol/usb_device_state.o
                0x080056c4                usb_device_state_set_configuration
 .text.usb_device_state_set_suspend
                0x080056d8       0x14 .build/obj_cerakey_nada65panda_default/protocol/usb_device_state.o
                0x080056d8                usb_device_state_set_suspend
 .text.usb_device_state_set_resume
                0x080056ec        0x8 .build/obj_cerakey_nada65panda_default/protocol/usb_device_state.o
                0x080056ec                usb_device_state_set_resume
 .text.usb_device_state_set_reset
                0x080056f4       0x14 .build/obj_cerakey_nada65panda_default/protocol/usb_device_state.o
                0x080056f4                usb_device_state_set_reset
 .text.usb_device_state_init
                0x08005708        0x8 .build/obj_cerakey_nada65panda_default/protocol/usb_device_state.o
                0x08005708                usb_device_state_init
 .text.matrix_power_up
                0x08005710        0x2 .build/obj_cerakey_nada65panda_default/platforms/suspend.o
                0x08005710                matrix_power_up
 .text.matrix_power_down
                0x08005712        0x2 .build/obj_cerakey_nada65panda_default/platforms/suspend.o
                0x08005712                matrix_power_down
 .text.suspend_power_down_user
                0x08005714        0x2 .build/obj_cerakey_nada65panda_default/platforms/suspend.o
                0x08005714                suspend_power_down_user
 .text.suspend_power_down_kb
                0x08005716        0x8 .build/obj_cerakey_nada65panda_default/platforms/suspend.o
                0x08005716                suspend_power_down_kb
 .text.suspend_wakeup_init_user
                0x0800571e        0x2 .build/obj_cerakey_nada65panda_default/platforms/suspend.o
                0x0800571e                suspend_wakeup_init_user
 .text.suspend_wakeup_init_kb
                0x08005720        0x8 .build/obj_cerakey_nada65panda_default/platforms/suspend.o
                0x08005720                suspend_wakeup_init_kb
 .text.suspend_wakeup_condition
                0x08005728       0x28 .build/obj_cerakey_nada65panda_default/platforms/suspend.o
                0x08005728                suspend_wakeup_condition
 .text.platform_setup